Archive member included because of file (symbol)

c:/program files (x86)/atmel/atmel toolchain/arm gcc/native/4.7.3.1029/arm-gnu-toolchain/bin/../lib/gcc/arm-none-eabi/4.7.3/armv7e-m\libgcc.a(_arm_addsubdf3.o)
                              src/ASF/common/components/memory/eeprom/at30tse75x/at30tse75x.o (__aeabi_i2d)
c:/program files (x86)/atmel/atmel toolchain/arm gcc/native/4.7.3.1029/arm-gnu-toolchain/bin/../lib/gcc/arm-none-eabi/4.7.3/armv7e-m\libgcc.a(_arm_muldivdf3.o)
                              src/ASF/common/components/memory/eeprom/at30tse75x/at30tse75x.o (__aeabi_dmul)
c:/program files (x86)/atmel/atmel toolchain/arm gcc/native/4.7.3.1029/arm-gnu-toolchain/bin/../lib/gcc/arm-none-eabi/4.7.3/../../../../arm-none-eabi/lib/armv7e-m\libc.a(lib_a-__atexit.o)
                              c:/program files (x86)/atmel/atmel toolchain/arm gcc/native/4.7.3.1029/arm-gnu-toolchain/bin/../lib/gcc/arm-none-eabi/4.7.3/../../../../arm-none-eabi/lib/armv7e-m/crt0.o (__register_exitproc)
c:/program files (x86)/atmel/atmel toolchain/arm gcc/native/4.7.3.1029/arm-gnu-toolchain/bin/../lib/gcc/arm-none-eabi/4.7.3/../../../../arm-none-eabi/lib/armv7e-m\libc.a(lib_a-exit.o)
                              c:/program files (x86)/atmel/atmel toolchain/arm gcc/native/4.7.3.1029/arm-gnu-toolchain/bin/../lib/gcc/arm-none-eabi/4.7.3/../../../../arm-none-eabi/lib/armv7e-m/crt0.o (exit)
c:/program files (x86)/atmel/atmel toolchain/arm gcc/native/4.7.3.1029/arm-gnu-toolchain/bin/../lib/gcc/arm-none-eabi/4.7.3/../../../../arm-none-eabi/lib/armv7e-m\libc.a(lib_a-fini.o)
                              c:/program files (x86)/atmel/atmel toolchain/arm gcc/native/4.7.3.1029/arm-gnu-toolchain/bin/../lib/gcc/arm-none-eabi/4.7.3/../../../../arm-none-eabi/lib/armv7e-m/crt0.o (__libc_fini_array)
c:/program files (x86)/atmel/atmel toolchain/arm gcc/native/4.7.3.1029/arm-gnu-toolchain/bin/../lib/gcc/arm-none-eabi/4.7.3/../../../../arm-none-eabi/lib/armv7e-m\libc.a(lib_a-impure.o)
                              c:/program files (x86)/atmel/atmel toolchain/arm gcc/native/4.7.3.1029/arm-gnu-toolchain/bin/../lib/gcc/arm-none-eabi/4.7.3/../../../../arm-none-eabi/lib/armv7e-m\libc.a(lib_a-__atexit.o) (_global_impure_ptr)
c:/program files (x86)/atmel/atmel toolchain/arm gcc/native/4.7.3.1029/arm-gnu-toolchain/bin/../lib/gcc/arm-none-eabi/4.7.3/../../../../arm-none-eabi/lib/armv7e-m\libc.a(lib_a-init.o)
                              c:/program files (x86)/atmel/atmel toolchain/arm gcc/native/4.7.3.1029/arm-gnu-toolchain/bin/../lib/gcc/arm-none-eabi/4.7.3/../../../../arm-none-eabi/lib/armv7e-m/crt0.o (__libc_init_array)
c:/program files (x86)/atmel/atmel toolchain/arm gcc/native/4.7.3.1029/arm-gnu-toolchain/bin/../lib/gcc/arm-none-eabi/4.7.3/../../../../arm-none-eabi/lib/armv7e-m\libc.a(lib_a-iprintf.o)
                              src/ASF/sam/drivers/adc/adc.o (iprintf)
c:/program files (x86)/atmel/atmel toolchain/arm gcc/native/4.7.3.1029/arm-gnu-toolchain/bin/../lib/gcc/arm-none-eabi/4.7.3/../../../../arm-none-eabi/lib/armv7e-m\libc.a(lib_a-memset.o)
                              c:/program files (x86)/atmel/atmel toolchain/arm gcc/native/4.7.3.1029/arm-gnu-toolchain/bin/../lib/gcc/arm-none-eabi/4.7.3/../../../../arm-none-eabi/lib/armv7e-m/crt0.o (memset)
c:/program files (x86)/atmel/atmel toolchain/arm gcc/native/4.7.3.1029/arm-gnu-toolchain/bin/../lib/gcc/arm-none-eabi/4.7.3/../../../../arm-none-eabi/lib/armv7e-m\libc.a(lib_a-puts.o)
                              src/ASF/sam/drivers/adc/adc.o (puts)
c:/program files (x86)/atmel/atmel toolchain/arm gcc/native/4.7.3.1029/arm-gnu-toolchain/bin/../lib/gcc/arm-none-eabi/4.7.3/../../../../arm-none-eabi/lib/armv7e-m\libc.a(lib_a-strlen.o)
                              c:/program files (x86)/atmel/atmel toolchain/arm gcc/native/4.7.3.1029/arm-gnu-toolchain/bin/../lib/gcc/arm-none-eabi/4.7.3/../../../../arm-none-eabi/lib/armv7e-m\libc.a(lib_a-puts.o) (strlen)
c:/program files (x86)/atmel/atmel toolchain/arm gcc/native/4.7.3.1029/arm-gnu-toolchain/bin/../lib/gcc/arm-none-eabi/4.7.3/../../../../arm-none-eabi/lib/armv7e-m\libc.a(lib_a-vfiprintf.o)
                              c:/program files (x86)/atmel/atmel toolchain/arm gcc/native/4.7.3.1029/arm-gnu-toolchain/bin/../lib/gcc/arm-none-eabi/4.7.3/../../../../arm-none-eabi/lib/armv7e-m\libc.a(lib_a-iprintf.o) (_vfiprintf_r)
c:/program files (x86)/atmel/atmel toolchain/arm gcc/native/4.7.3.1029/arm-gnu-toolchain/bin/../lib/gcc/arm-none-eabi/4.7.3/../../../../arm-none-eabi/lib/armv7e-m\libc.a(lib_a-wsetup.o)
                              c:/program files (x86)/atmel/atmel toolchain/arm gcc/native/4.7.3.1029/arm-gnu-toolchain/bin/../lib/gcc/arm-none-eabi/4.7.3/../../../../arm-none-eabi/lib/armv7e-m\libc.a(lib_a-vfiprintf.o) (__swsetup_r)
c:/program files (x86)/atmel/atmel toolchain/arm gcc/native/4.7.3.1029/arm-gnu-toolchain/bin/../lib/gcc/arm-none-eabi/4.7.3/../../../../arm-none-eabi/lib/armv7e-m\libc.a(lib_a-__call_atexit.o)
[...]
Memory Configuration

Name             Origin             Length             Attributes
rom              0x00400000         0x00200000         xr
ram              0x20000000         0x00028000         xrw
*default*        0x00000000         0xffffffff

Linker script and memory map

LOAD c:/program files (x86)/atmel/atmel toolchain/arm gcc/native/4.7.3.1029/arm-gnu-toolchain/bin/../lib/gcc/arm-none-eabi/4.7.3/armv7e-m/crti.o
LOAD c:/program files (x86)/atmel/atmel toolchain/arm gcc/native/4.7.3.1029/arm-gnu-toolchain/bin/../lib/gcc/arm-none-eabi/4.7.3/armv7e-m/crtbegin.o
LOAD c:/program files (x86)/atmel/atmel toolchain/arm gcc/native/4.7.3.1029/arm-gnu-toolchain/bin/../lib/gcc/arm-none-eabi/4.7.3/../../../../arm-none-eabi/lib/armv7e-m/crt0.o
LOAD src/ASF/common/components/display/ssd1306/font.o
LOAD src/ASF/common/components/display/ssd1306/ssd1306.o
LOAD src/ASF/common/components/memory/eeprom/at30tse75x/at30tse75x.o
LOAD src/ASF/common/components/memory/sd_mmc/sd_mmc.o
LOAD src/ASF/common/components/memory/sd_mmc/sd_mmc_spi.o
LOAD src/ASF/common/services/clock/sam4s/sysclk.o
LOAD src/ASF/common/services/delay/sam/cycle_counter.o
LOAD src/ASF/common/services/serial/usart_serial.o
LOAD src/ASF/common/services/spi/sam_spi/spi_master.o
LOAD src/ASF/common/services/storage/ctrl_access/ctrl_access.o
LOAD src/ASF/common/utils/interrupt/interrupt_sam_nvic.o
LOAD src/ASF/common/utils/stdio/read.o
LOAD src/ASF/common/utils/stdio/write.o
LOAD src/ASF/sam/boards/sam4s_xplained_pro/init.o
LOAD src/ASF/sam/drivers/adc/adc.o
LOAD src/ASF/sam/drivers/adc/adc_sam3u.o
LOAD src/ASF/sam/drivers/efc/efc.o
LOAD src/ASF/sam/drivers/gpbr/gpbr.o
LOAD src/ASF/sam/drivers/pio/pio.o
LOAD src/ASF/sam/drivers/pio/pio_handler.o
LOAD src/ASF/sam/drivers/pmc/pmc.o
LOAD src/ASF/sam/drivers/pmc/sleep.o
LOAD src/ASF/sam/drivers/rtc/rtc.o
LOAD src/ASF/sam/drivers/spi/spi.o
LOAD src/ASF/sam/drivers/supc/supc.o
LOAD src/ASF/sam/drivers/twi/twi.o
LOAD src/ASF/sam/drivers/uart/uart.o
LOAD src/ASF/sam/drivers/usart/usart.o
LOAD src/ASF/sam/drivers/wdt/wdt.o
LOAD src/ASF/sam/utils/cmsis/sam4s/source/templates/exceptions.o
LOAD src/ASF/sam/utils/cmsis/sam4s/source/templates/gcc/startup_sam4s.o
LOAD src/ASF/sam/utils/cmsis/sam4s/source/templates/system_sam4s.o
LOAD src/ASF/sam/utils/syscalls/gcc/syscalls.o
LOAD src/ASF/thirdparty/fatfs/fatfs-port-r0.09/diskio.o
LOAD src/ASF/thirdparty/fatfs/fatfs-port-r0.09/sam/fattime_rtc.o
LOAD src/ASF/thirdparty/fatfs/fatfs-r0.09/src/ff.o
LOAD src/ASF/thirdparty/fatfs/fatfs-r0.09/src/option/ccsbcs.o
LOAD src/main.o
LOAD src/sd_mmc_mem.o
START GROUP
LOAD ../src/ASF/thirdparty/CMSIS/Lib/GCC\libarm_cortexM4l_math.a
LOAD c:/program files (x86)/atmel/atmel toolchain/arm gcc/native/4.7.3.1029/arm-gnu-toolchain/bin/../lib/gcc/arm-none-eabi/4.7.3/../../../../arm-none-eabi/lib/armv7e-m\libm.a
END GROUP
START GROUP
LOAD c:/program files (x86)/atmel/atmel toolchain/arm gcc/native/4.7.3.1029/arm-gnu-toolchain/bin/../lib/gcc/arm-none-eabi/4.7.3/armv7e-m\libgcc.a
LOAD c:/program files (x86)/atmel/atmel toolchain/arm gcc/native/4.7.3.1029/arm-gnu-toolchain/bin/../lib/gcc/arm-none-eabi/4.7.3/../../../../arm-none-eabi/lib/armv7e-m\libc.a
END GROUP
LOAD c:/program files (x86)/atmel/atmel toolchain/arm gcc/native/4.7.3.1029/arm-gnu-toolchain/bin/../lib/gcc/arm-none-eabi/4.7.3/armv7e-m/crtend.o
LOAD c:/program files (x86)/atmel/atmel toolchain/arm gcc/native/4.7.3.1029/arm-gnu-toolchain/bin/../lib/gcc/arm-none-eabi/4.7.3/armv7e-m/crtn.o
                0x00003000                STACK_SIZE = 0x3000

.text           0x00400000      0x998
                0x00400000                . = ALIGN (0x4)
                0x00400000                _sfixed = .
 *(.vectors .vectors.*)
 .vectors       0x00400000       0xd0 src/ASF/sam/utils/cmsis/sam4s/source/templates/gcc/startup_sam4s.o
                0x00400000                exception_table
 *(.text .text.* .gnu.linkonce.t.*)
 .text          0x004000d0       0xb0 c:/program files (x86)/atmel/atmel toolchain/arm gcc/native/4.7.3.1029/arm-gnu-toolchain/bin/../lib/gcc/arm-none-eabi/4.7.3/armv7e-m/crtbegin.o
 .text.sysclk_init
                0x00400180       0x60 src/ASF/common/services/clock/sam4s/sysclk.o
                0x00400180                sysclk_init
 .text.ioport_set_pin_mode.constprop.1
                0x004001e0       0x28 src/ASF/sam/boards/sam4s_xplained_pro/init.o
 .text.board_init
                0x00400208       0xc8 src/ASF/sam/boards/sam4s_xplained_pro/init.o
                0x00400208                board_init
 .text.pio_set_peripheral
                0x004002d0       0x80 src/ASF/sam/drivers/pio/pio.o
                0x004002d0                pio_set_peripheral
 .text.pio_set_input
                0x00400350       0x2c src/ASF/sam/drivers/pio/pio.o
                0x00400350                pio_set_input
 .text.pio_set_output
                0x0040037c       0x24 src/ASF/sam/drivers/pio/pio.o
                0x0040037c                pio_set_output
 .text.pio_get_interrupt_status
                0x004003a0        0x4 src/ASF/sam/drivers/pio/pio.o
                0x004003a0                pio_get_interrupt_status
 .text.pio_get_interrupt_mask
                0x004003a4        0x4 src/ASF/sam/drivers/pio/pio.o
                0x004003a4                pio_get_interrupt_mask
 .text.pio_configure_pin
                0x004003a8       0xb0 src/ASF/sam/drivers/pio/pio.o
                0x004003a8                pio_configure_pin
 .text.pio_handler_process
                0x00400458       0x68 src/ASF/sam/drivers/pio/pio_handler.o
                0x00400458                pio_handler_process
 .text.PIOA_Handler
                0x004004c0       0x14 src/ASF/sam/drivers/pio/pio_handler.o
                0x004004c0                PIOA_Handler
 .text.PIOB_Handler
                0x004004d4       0x14 src/ASF/sam/drivers/pio/pio_handler.o
                0x004004d4                PIOB_Handler
 .text.PIOC_Handler
                0x004004e8       0x14 src/ASF/sam/drivers/pio/pio_handler.o
                0x004004e8                PIOC_Handler
 .text.pmc_switch_mck_to_pllack
                0x004004fc       0x48 src/ASF/sam/drivers/pmc/pmc.o
                0x004004fc                pmc_switch_mck_to_pllack
 .text.pmc_switch_mainck_to_xtal
                0x00400544       0x4c src/ASF/sam/drivers/pmc/pmc.o
                0x00400544                pmc_switch_mainck_to_xtal
 .text.pmc_osc_is_ready_mainck
                0x00400590       0x10 src/ASF/sam/drivers/pmc/pmc.o
                0x00400590                pmc_osc_is_ready_mainck
 .text.pmc_disable_pllack
                0x004005a0       0x10 src/ASF/sam/drivers/pmc/pmc.o
                0x004005a0                pmc_disable_pllack
 .text.pmc_is_locked_pllack
                0x004005b0       0x10 src/ASF/sam/drivers/pmc/pmc.o
                0x004005b0                pmc_is_locked_pllack
 .text.pmc_enable_periph_clk
                0x004005c0       0x44 src/ASF/sam/drivers/pmc/pmc.o
                0x004005c0                pmc_enable_periph_clk
 .text.wdt_disable
                0x00400604        0x8 src/ASF/sam/drivers/wdt/wdt.o
                0x00400604                wdt_disable
 .text.Dummy_Handler
                0x0040060c        0x2 src/ASF/sam/utils/cmsis/sam4s/source/templates/exceptions.o
                0x0040060c                DACC_Handler
                0x0040060c                DebugMon_Handler
                0x0040060c                HardFault_Handler
                0x0040060c                TC2_Handler
                0x0040060c                SPI_Handler
                0x0040060c                SysTick_Handler
                0x0040060c                TWI1_Handler
                0x0040060c                PendSV_Handler
                0x0040060c                NMI_Handler
                0x0040060c                ADC_Handler
                0x0040060c                SMC_Handler
                0x0040060c                CRCCU_Handler
                0x0040060c                USART0_Handler
                0x0040060c                RTT_Handler
                0x0040060c                EFC1_Handler
                0x0040060c                RTC_Handler
                0x0040060c                UsageFault_Handler
                0x0040060c                WDT_Handler
                0x0040060c                TC4_Handler
                0x0040060c                TC1_Handler
                0x0040060c                HSMCI_Handler
                0x0040060c                UART1_Handler
                0x0040060c                TC3_Handler
                0x0040060c                Dummy_Handler
                0x0040060c                TWI0_Handler
                0x0040060c                USART1_Handler
                0x0040060c                SSC_Handler
                0x0040060c                EFC0_Handler
                0x0040060c                ACC_Handler
                0x0040060c                PMC_Handler
                0x0040060c                PWM_Handler
                0x0040060c                MemManage_Handler
                0x0040060c                SUPC_Handler
                0x0040060c                SVC_Handler
                0x0040060c                UART0_Handler
                0x0040060c                UDP_Handler
                0x0040060c                BusFault_Handler
                0x0040060c                RSTC_Handler
                0x0040060c                TC0_Handler
                0x0040060c                TC5_Handler
 *fill*         0x0040060e        0x2 00
 .text.Reset_Handler
                0x00400610       0x7c src/ASF/sam/utils/cmsis/sam4s/source/templates/gcc/startup_sam4s.o
                0x00400610                Reset_Handler
 .text.SystemCoreClockUpdate
                0x0040068c       0xd4 src/ASF/sam/utils/cmsis/sam4s/source/templates/system_sam4s.o
                0x0040068c                SystemCoreClockUpdate
 .text.system_init_flash
                0x00400760       0x64 src/ASF/sam/utils/cmsis/sam4s/source/templates/system_sam4s.o
                0x00400760                system_init_flash
 .text.startup.main
                0x004007c4       0x74 src/main.o
                0x004007c4                main
 .text          0x00400838       0x9c c:/program files (x86)/atmel/atmel toolchain/arm gcc/native/4.7.3.1029/arm-gnu-toolchain/bin/../lib/gcc/arm-none-eabi/4.7.3/../../../../arm-none-eabi/lib/armv7e-m\libc.a(lib_a-__atexit.o)
                0x00400838                __register_exitproc
 .text          0x004008d4       0x2c c:/program files (x86)/atmel/atmel toolchain/arm gcc/native/4.7.3.1029/arm-gnu-toolchain/bin/../lib/gcc/arm-none-eabi/4.7.3/../../../../arm-none-eabi/lib/armv7e-m\libc.a(lib_a-fini.o)
                0x004008d4                __libc_fini_array
 .text          0x00400900       0x4c c:/program files (x86)/atmel/atmel toolchain/arm gcc/native/4.7.3.1029/arm-gnu-toolchain/bin/../lib/gcc/arm-none-eabi/4.7.3/../../../../arm-none-eabi/lib/armv7e-m\libc.a(lib_a-init.o)
                0x00400900                __libc_init_array
 .text.startup  0x0040094c       0x14 c:/program files (x86)/atmel/atmel toolchain/arm gcc/native/4.7.3.1029/arm-gnu-toolchain/bin/../lib/gcc/arm-none-eabi/4.7.3/../../../../arm-none-eabi/lib/armv7e-m\libc.a(lib_a-__call_atexit.o)
 .text          0x00400960        0xc c:/program files (x86)/atmel/atmel toolchain/arm gcc/native/4.7.3.1029/arm-gnu-toolchain/bin/../lib/gcc/arm-none-eabi/4.7.3/../../../../arm-none-eabi/lib/armv7e-m\libc.a(lib_a-atexit.o)
                0x00400960                atexit
 *(.glue_7t)
 .glue_7t       0x00000000        0x0 linker stubs
 *(.glue_7)
 .glue_7        0x00000000        0x0 linker stubs
 *(.rodata .rodata* .gnu.linkonce.r.*)
 .rodata        0x0040096c        0x4 c:/program files (x86)/atmel/atmel toolchain/arm gcc/native/4.7.3.1029/arm-gnu-toolchain/bin/../lib/gcc/arm-none-eabi/4.7.3/../../../../arm-none-eabi/lib/armv7e-m\libc.a(lib_a-impure.o)
                0x0040096c                _global_impure_ptr
 .rodata.str1.1
                0x00400970        0x2 c:/program files (x86)/atmel/atmel toolchain/arm gcc/native/4.7.3.1029/arm-gnu-toolchain/bin/../lib/gcc/arm-none-eabi/4.7.3/../../../../arm-none-eabi/lib/armv7e-m\libc.a(lib_a-impure.o)
 *(.ARM.extab* .gnu.linkonce.armextab.*)
                0x00400974                . = ALIGN (0x4)
 *fill*         0x00400972        0x2 00
 *(.init)
 .init          0x00400974        0x4 c:/program files (x86)/atmel/atmel toolchain/arm gcc/native/4.7.3.1029/arm-gnu-toolchain/bin/../lib/gcc/arm-none-eabi/4.7.3/armv7e-m/crti.o
                0x00400974                _init
 .init          0x00400978        0x8 c:/program files (x86)/atmel/atmel toolchain/arm gcc/native/4.7.3.1029/arm-gnu-toolchain/bin/../lib/gcc/arm-none-eabi/4.7.3/armv7e-m/crtn.o
                0x00400980                . = ALIGN (0x4)
                0x00400980                __preinit_array_start = .
 *(.preinit_array)
                0x00400980                __preinit_array_end = .
                0x00400980                . = ALIGN (0x4)
                0x00400980                __init_array_start = .
 *(SORT(.init_array.*))
 .init_array.00000
                0x00400980        0x4 c:/program files (x86)/atmel/atmel toolchain/arm gcc/native/4.7.3.1029/arm-gnu-toolchain/bin/../lib/gcc/arm-none-eabi/4.7.3/../../../../arm-none-eabi/lib/armv7e-m\libc.a(lib_a-__call_atexit.o)
 *(.init_array)
 .init_array    0x00400984        0x4 c:/program files (x86)/atmel/atmel toolchain/arm gcc/native/4.7.3.1029/arm-gnu-toolchain/bin/../lib/gcc/arm-none-eabi/4.7.3/armv7e-m/crtbegin.o
                0x00400988                __init_array_end = .
                0x00400988                . = ALIGN (0x4)
 *crtbegin.o(.ctors)
 *(EXCLUDE_FILE(*crtend.o) .ctors)
 *(SORT(.ctors.*))
 *crtend.o(.ctors)
                0x00400988                . = ALIGN (0x4)
 *(.fini)
 .fini          0x00400988        0x4 c:/program files (x86)/atmel/atmel toolchain/arm gcc/native/4.7.3.1029/arm-gnu-toolchain/bin/../lib/gcc/arm-none-eabi/4.7.3/armv7e-m/crti.o
                0x00400988                _fini
 .fini          0x0040098c        0x8 c:/program files (x86)/atmel/atmel toolchain/arm gcc/native/4.7.3.1029/arm-gnu-toolchain/bin/../lib/gcc/arm-none-eabi/4.7.3/armv7e-m/crtn.o
                0x00400994                . = ALIGN (0x4)
                0x00400994                __fini_array_start = .
 *(.fini_array)
 .fini_array    0x00400994        0x4 c:/program files (x86)/atmel/atmel toolchain/arm gcc/native/4.7.3.1029/arm-gnu-toolchain/bin/../lib/gcc/arm-none-eabi/4.7.3/armv7e-m/crtbegin.o
 *(SORT(.fini_array.*))
                0x00400998                __fini_array_end = .
 *crtbegin.o(.dtors)
 *(EXCLUDE_FILE(*crtend.o) .dtors)
 *(SORT(.dtors.*))
 *crtend.o(.dtors)
                0x00400998                . = ALIGN (0x4)
                0x00400998                _efixed = .
                0x00400998                PROVIDE (__exidx_start, .)

.vfp11_veneer   0x00400998        0x0
 .vfp11_veneer  0x00000000        0x0 linker stubs

.v4_bx          0x00400998        0x0
 .v4_bx         0x00000000        0x0 linker stubs

.iplt           0x00400998        0x0
 .iplt          0x00000000        0x0 c:/program files (x86)/atmel/atmel toolchain/arm gcc/native/4.7.3.1029/arm-gnu-toolchain/bin/../lib/gcc/arm-none-eabi/4.7.3/armv7e-m/crtbegin.o

.eh_frame       0x00400998        0x0
 .eh_frame      0x00400998        0x0 c:/program files (x86)/atmel/atmel toolchain/arm gcc/native/4.7.3.1029/arm-gnu-toolchain/bin/../lib/gcc/arm-none-eabi/4.7.3/armv7e-m/crtbegin.o

.rel.dyn        0x00400998        0x0
 .rel.iplt      0x00000000        0x0 c:/program files (x86)/atmel/atmel toolchain/arm gcc/native/4.7.3.1029/arm-gnu-toolchain/bin/../lib/gcc/arm-none-eabi/4.7.3/armv7e-m/crtbegin.o

.jcr            0x00400998        0x0
 .jcr           0x00400998        0x0 c:/program files (x86)/atmel/atmel toolchain/arm gcc/native/4.7.3.1029/arm-gnu-toolchain/bin/../lib/gcc/arm-none-eabi/4.7.3/armv7e-m/crtbegin.o

.tm_clone_table
                0x00400998        0x0
 .tm_clone_table
                0x00400998        0x0 c:/program files (x86)/atmel/atmel toolchain/arm gcc/native/4.7.3.1029/arm-gnu-toolchain/bin/../lib/gcc/arm-none-eabi/4.7.3/armv7e-m/crtbegin.o
 .tm_clone_table
                0x00400998        0x0 c:/program files (x86)/atmel/atmel toolchain/arm gcc/native/4.7.3.1029/arm-gnu-toolchain/bin/../lib/gcc/arm-none-eabi/4.7.3/armv7e-m/crtend.o

.igot.plt       0x00400998        0x0
 .igot.plt      0x00000000        0x0 c:/program files (x86)/atmel/atmel toolchain/arm gcc/native/4.7.3.1029/arm-gnu-toolchain/bin/../lib/gcc/arm-none-eabi/4.7.3/armv7e-m/crtbegin.o

.ARM.exidx
 *(.ARM.exidx* .gnu.linkonce.armexidx.*)
                0x00400998                PROVIDE (__exidx_end, .)
                0x00400998                . = ALIGN (0x4)
                0x00400998                _etext = .

.relocate       0x20000000      0x438 load address 0x00400998
                0x20000000                . = ALIGN (0x4)
                0x20000000                _srelocate = .
 *(.ramfunc .ramfunc.*)
 *(.data .data.*)
 .data.SystemCoreClock
                0x20000000        0x4 src/ASF/sam/utils/cmsis/sam4s/source/templates/system_sam4s.o
                0x20000000                SystemCoreClock
 *fill*         0x20000004        0x4 00
 .data          0x20000008      0x430 c:/program files (x86)/atmel/atmel toolchain/arm gcc/native/4.7.3.1029/arm-gnu-toolchain/bin/../lib/gcc/arm-none-eabi/4.7.3/../../../../arm-none-eabi/lib/armv7e-m\libc.a(lib_a-impure.o)
                0x20000008                _impure_ptr
                0x20000438                . = ALIGN (0x4)
                0x20000438                _erelocate = .

.bss            0x20000438       0x94 load address 0x00400dd0
                0x20000438                . = ALIGN (0x4)
                0x20000438                _sbss = .
                0x20000438                _szero = .
 *(.bss .bss.*)
 .bss           0x20000438       0x1c c:/program files (x86)/atmel/atmel toolchain/arm gcc/native/4.7.3.1029/arm-gnu-toolchain/bin/../lib/gcc/arm-none-eabi/4.7.3/armv7e-m/crtbegin.o
 .bss.pio_capture_handler
                0x20000454        0x4 src/ASF/sam/drivers/pio/pio_handler.o
 .bss.gs_interrupt_sources
                0x20000458       0x70 src/ASF/sam/drivers/pio/pio_handler.o
 *(COMMON)
 COMMON         0x200004c8        0x4 src/ASF/sam/drivers/pio/pio.o
                0x200004c8                pio_capture_enable_flag
                0x200004cc                . = ALIGN (0x4)
                0x200004cc                _ebss = .
                0x200004cc                _ezero = .

.stack          0x200004cc     0x3004 load address 0x00400e64
                0x200004d0                . = ALIGN (0x8)
 *fill*         0x200004cc        0x4 00
                0x200004d0                _sstack = .
                0x200034d0                . = (. + STACK_SIZE)
 *fill*         0x200004d0     0x3000 00
                0x200034d0                . = ALIGN (0x8)
                0x200034d0                _estack = .
                0x200034d0                . = ALIGN (0x4)
                0x200034d0                _end = .
OUTPUT(STARTER_KIT_DEMO1.elf elf32-littlearm)

.ARM.attributes
                0x00000000       0x2a
 .ARM.attributes
                0x00000000       0x1e c:/program files (x86)/atmel/atmel toolchain/arm gcc/native/4.7.3.1029/arm-gnu-toolchain/bin/../lib/gcc/arm-none-eabi/4.7.3/armv7e-m/crti.o
 .ARM.attributes
                0x0000001e       0x2e c:/program files (x86)/atmel/atmel toolchain/arm gcc/native/4.7.3.1029/arm-gnu-toolchain/bin/../lib/gcc/arm-none-eabi/4.7.3/armv7e-m/crtbegin.o
 .ARM.attributes
                0x0000004c       0x33 src/ASF/common/services/clock/sam4s/sysclk.o
 .ARM.attributes
                0x0000007f       0x33 src/ASF/sam/boards/sam4s_xplained_pro/init.o
 .ARM.attributes
                0x000000b2       0x33 src/ASF/sam/drivers/pio/pio.o
 .ARM.attributes
                0x000000e5       0x33 src/ASF/sam/drivers/pio/pio_handler.o
 .ARM.attributes
                0x00000118       0x33 src/ASF/sam/drivers/pmc/pmc.o
 .ARM.attributes
                0x0000014b       0x33 src/ASF/sam/drivers/wdt/wdt.o
 .ARM.attributes
                0x0000017e       0x33 src/ASF/sam/utils/cmsis/sam4s/source/templates/exceptions.o
 .ARM.attributes
                0x000001b1       0x33 src/ASF/sam/utils/cmsis/sam4s/source/templates/gcc/startup_sam4s.o
 .ARM.attributes
                0x000001e4       0x33 src/ASF/sam/utils/cmsis/sam4s/source/templates/system_sam4s.o
 .ARM.attributes
                0x00000217       0x33 src/main.o
 .ARM.attributes
                0x0000024a       0x2e c:/program files (x86)/atmel/atmel toolchain/arm gcc/native/4.7.3.1029/arm-gnu-toolchain/bin/../lib/gcc/arm-none-eabi/4.7.3/../../../../arm-none-eabi/lib/armv7e-m\libc.a(lib_a-__atexit.o)
 .ARM.attributes
                0x00000278       0x2e c:/program files (x86)/atmel/atmel toolchain/arm gcc/native/4.7.3.1029/arm-gnu-toolchain/bin/../lib/gcc/arm-none-eabi/4.7.3/../../../../arm-none-eabi/lib/armv7e-m\libc.a(lib_a-fini.o)
 .ARM.attributes
                0x000002a6       0x2e c:/program files (x86)/atmel/atmel toolchain/arm gcc/native/4.7.3.1029/arm-gnu-toolchain/bin/../lib/gcc/arm-none-eabi/4.7.3/../../../../arm-none-eabi/lib/armv7e-m\libc.a(lib_a-impure.o)
 .ARM.attributes
                0x000002d4       0x2e c:/program files (x86)/atmel/atmel toolchain/arm gcc/native/4.7.3.1029/arm-gnu-toolchain/bin/../lib/gcc/arm-none-eabi/4.7.3/../../../../arm-none-eabi/lib/armv7e-m\libc.a(lib_a-init.o)
 .ARM.attributes
                0x00000302       0x2e c:/program files (x86)/atmel/atmel toolchain/arm gcc/native/4.7.3.1029/arm-gnu-toolchain/bin/../lib/gcc/arm-none-eabi/4.7.3/../../../../arm-none-eabi/lib/armv7e-m\libc.a(lib_a-__call_atexit.o)
 .ARM.attributes
                0x00000330       0x2e c:/program files (x86)/atmel/atmel toolchain/arm gcc/native/4.7.3.1029/arm-gnu-toolchain/bin/../lib/gcc/arm-none-eabi/4.7.3/../../../../arm-none-eabi/lib/armv7e-m\libc.a(lib_a-atexit.o)
 .ARM.attributes
                0x0000035e       0x2e c:/program files (x86)/atmel/atmel toolchain/arm gcc/native/4.7.3.1029/arm-gnu-toolchain/bin/../lib/gcc/arm-none-eabi/4.7.3/armv7e-m/crtend.o
 .ARM.attributes
                0x0000038c       0x1e c:/program files (x86)/atmel/atmel toolchain/arm gcc/native/4.7.3.1029/arm-gnu-toolchain/bin/../lib/gcc/arm-none-eabi/4.7.3/armv7e-m/crtn.o

.comment        0x00000000       0x71
 .comment       0x00000000       0x71 c:/program files (x86)/atmel/atmel toolchain/arm gcc/native/4.7.3.1029/arm-gnu-toolchain/bin/../lib/gcc/arm-none-eabi/4.7.3/armv7e-m/crtbegin.o
                                 0x72 (size before relaxing)
 .comment       0x00000000       0x72 src/ASF/common/services/clock/sam4s/sysclk.o
 .comment       0x00000000       0x72 src/ASF/sam/boards/sam4s_xplained_pro/init.o
 .comment       0x00000000       0x72 src/ASF/sam/drivers/pio/pio.o
 .comment       0x00000000       0x72 src/ASF/sam/drivers/pio/pio_handler.o
 .comment       0x00000000       0x72 src/ASF/sam/drivers/pmc/pmc.o
 .comment       0x00000000       0x72 src/ASF/sam/drivers/wdt/wdt.o
 .comment       0x00000000       0x72 src/ASF/sam/utils/cmsis/sam4s/source/templates/exceptions.o
 .comment       0x00000000       0x72 src/ASF/sam/utils/cmsis/sam4s/source/templates/gcc/startup_sam4s.o
 .comment       0x00000000       0x72 src/ASF/sam/utils/cmsis/sam4s/source/templates/system_sam4s.o
 .comment       0x00000000       0x72 src/main.o
 .comment       0x00000000       0x72 c:/program files (x86)/atmel/atmel toolchain/arm gcc/native/4.7.3.1029/arm-gnu-toolchain/bin/../lib/gcc/arm-none-eabi/4.7.3/../../../../arm-none-eabi/lib/armv7e-m\libc.a(lib_a-__atexit.o)
 .comment       0x00000000       0x72 c:/program files (x86)/atmel/atmel toolchain/arm gcc/native/4.7.3.1029/arm-gnu-toolchain/bin/../lib/gcc/arm-none-eabi/4.7.3/../../../../arm-none-eabi/lib/armv7e-m\libc.a(lib_a-fini.o)
 .comment       0x00000000       0x72 c:/program files (x86)/atmel/atmel toolchain/arm gcc/native/4.7.3.1029/arm-gnu-toolchain/bin/../lib/gcc/arm-none-eabi/4.7.3/../../../../arm-none-eabi/lib/armv7e-m\libc.a(lib_a-impure.o)
 .comment       0x00000000       0x72 c:/program files (x86)/atmel/atmel toolchain/arm gcc/native/4.7.3.1029/arm-gnu-toolchain/bin/../lib/gcc/arm-none-eabi/4.7.3/../../../../arm-none-eabi/lib/armv7e-m\libc.a(lib_a-init.o)
 .comment       0x00000000       0x72 c:/program files (x86)/atmel/atmel toolchain/arm gcc/native/4.7.3.1029/arm-gnu-toolchain/bin/../lib/gcc/arm-none-eabi/4.7.3/../../../../arm-none-eabi/lib/armv7e-m\libc.a(lib_a-__call_atexit.o)
 .comment       0x00000000       0x72 c:/program files (x86)/atmel/atmel toolchain/arm gcc/native/4.7.3.1029/arm-gnu-toolchain/bin/../lib/gcc/arm-none-eabi/4.7.3/../../../../arm-none-eabi/lib/armv7e-m\libc.a(lib_a-atexit.o)
 .comment       0x00000000       0x72 c:/program files (x86)/atmel/atmel toolchain/arm gcc/native/4.7.3.1029/arm-gnu-toolchain/bin/../lib/gcc/arm-none-eabi/4.7.3/armv7e-m/crtend.o

.debug_info     0x00000000     0x2108
 .debug_info    0x00000000      0xa15 c:/program files (x86)/atmel/atmel toolchain/arm gcc/native/4.7.3.1029/arm-gnu-toolchain/bin/../lib/gcc/arm-none-eabi/4.7.3/../../../../arm-none-eabi/lib/armv7e-m\libc.a(lib_a-__atexit.o)
 .debug_info    0x00000a15       0xf7 c:/program files (x86)/atmel/atmel toolchain/arm gcc/native/4.7.3.1029/arm-gnu-toolchain/bin/../lib/gcc/arm-none-eabi/4.7.3/../../../../arm-none-eabi/lib/armv7e-m\libc.a(lib_a-fini.o)
 .debug_info    0x00000b0c      0x961 c:/program files (x86)/atmel/atmel toolchain/arm gcc/native/4.7.3.1029/arm-gnu-toolchain/bin/../lib/gcc/arm-none-eabi/4.7.3/../../../../arm-none-eabi/lib/armv7e-m\libc.a(lib_a-impure.o)
 .debug_info    0x0000146d      0x110 c:/program files (x86)/atmel/atmel toolchain/arm gcc/native/4.7.3.1029/arm-gnu-toolchain/bin/../lib/gcc/arm-none-eabi/4.7.3/../../../../arm-none-eabi/lib/armv7e-m\libc.a(lib_a-init.o)
 .debug_info    0x0000157d      0xa7c c:/program files (x86)/atmel/atmel toolchain/arm gcc/native/4.7.3.1029/arm-gnu-toolchain/bin/../lib/gcc/arm-none-eabi/4.7.3/../../../../arm-none-eabi/lib/armv7e-m\libc.a(lib_a-__call_atexit.o)
 .debug_info    0x00001ff9      0x10f c:/program files (x86)/atmel/atmel toolchain/arm gcc/native/4.7.3.1029/arm-gnu-toolchain/bin/../lib/gcc/arm-none-eabi/4.7.3/../../../../arm-none-eabi/lib/armv7e-m\libc.a(lib_a-atexit.o)

.debug_abbrev   0x00000000      0x7ec
 .debug_abbrev  0x00000000      0x1fe c:/program files (x86)/atmel/atmel toolchain/arm gcc/native/4.7.3.1029/arm-gnu-toolchain/bin/../lib/gcc/arm-none-eabi/4.7.3/../../../../arm-none-eabi/lib/armv7e-m\libc.a(lib_a-__atexit.o)
 .debug_abbrev  0x000001fe       0xbb c:/program files (x86)/atmel/atmel toolchain/arm gcc/native/4.7.3.1029/arm-gnu-toolchain/bin/../lib/gcc/arm-none-eabi/4.7.3/../../../../arm-none-eabi/lib/armv7e-m\libc.a(lib_a-fini.o)
 .debug_abbrev  0x000002b9      0x160 c:/program files (x86)/atmel/atmel toolchain/arm gcc/native/4.7.3.1029/arm-gnu-toolchain/bin/../lib/gcc/arm-none-eabi/4.7.3/../../../../arm-none-eabi/lib/armv7e-m\libc.a(lib_a-impure.o)
 .debug_abbrev  0x00000419       0xb8 c:/program files (x86)/atmel/atmel toolchain/arm gcc/native/4.7.3.1029/arm-gnu-toolchain/bin/../lib/gcc/arm-none-eabi/4.7.3/../../../../arm-none-eabi/lib/armv7e-m\libc.a(lib_a-init.o)
 .debug_abbrev  0x000004d1      0x265 c:/program files (x86)/atmel/atmel toolchain/arm gcc/native/4.7.3.1029/arm-gnu-toolchain/bin/../lib/gcc/arm-none-eabi/4.7.3/../../../../arm-none-eabi/lib/armv7e-m\libc.a(lib_a-__call_atexit.o)
 .debug_abbrev  0x00000736       0xb6 c:/program files (x86)/atmel/atmel toolchain/arm gcc/native/4.7.3.1029/arm-gnu-toolchain/bin/../lib/gcc/arm-none-eabi/4.7.3/../../../../arm-none-eabi/lib/armv7e-m\libc.a(lib_a-atexit.o)

.debug_loc      0x00000000      0x2ec
 .debug_loc     0x00000000       0xfc c:/program files (x86)/atmel/atmel toolchain/arm gcc/native/4.7.3.1029/arm-gnu-toolchain/bin/../lib/gcc/arm-none-eabi/4.7.3/../../../../arm-none-eabi/lib/armv7e-m\libc.a(lib_a-__atexit.o)
 .debug_loc     0x000000fc       0x33 c:/program files (x86)/atmel/atmel toolchain/arm gcc/native/4.7.3.1029/arm-gnu-toolchain/bin/../lib/gcc/arm-none-eabi/4.7.3/../../../../arm-none-eabi/lib/armv7e-m\libc.a(lib_a-fini.o)
 .debug_loc     0x0000012f       0x56 c:/program files (x86)/atmel/atmel toolchain/arm gcc/native/4.7.3.1029/arm-gnu-toolchain/bin/../lib/gcc/arm-none-eabi/4.7.3/../../../../arm-none-eabi/lib/armv7e-m\libc.a(lib_a-init.o)
 .debug_loc     0x00000185      0x13b c:/program files (x86)/atmel/atmel toolchain/arm gcc/native/4.7.3.1029/arm-gnu-toolchain/bin/../lib/gcc/arm-none-eabi/4.7.3/../../../../arm-none-eabi/lib/armv7e-m\libc.a(lib_a-__call_atexit.o)
 .debug_loc     0x000002c0       0x2c c:/program files (x86)/atmel/atmel toolchain/arm gcc/native/4.7.3.1029/arm-gnu-toolchain/bin/../lib/gcc/arm-none-eabi/4.7.3/../../../../arm-none-eabi/lib/armv7e-m\libc.a(lib_a-atexit.o)

.debug_aranges  0x00000000       0xc0
 .debug_aranges
                0x00000000       0x20 c:/program files (x86)/atmel/atmel toolchain/arm gcc/native/4.7.3.1029/arm-gnu-toolchain/bin/../lib/gcc/arm-none-eabi/4.7.3/../../../../arm-none-eabi/lib/armv7e-m\libc.a(lib_a-__atexit.o)
 .debug_aranges
                0x00000020       0x20 c:/program files (x86)/atmel/atmel toolchain/arm gcc/native/4.7.3.1029/arm-gnu-toolchain/bin/../lib/gcc/arm-none-eabi/4.7.3/../../../../arm-none-eabi/lib/armv7e-m\libc.a(lib_a-fini.o)
 .debug_aranges
                0x00000040       0x18 c:/program files (x86)/atmel/atmel toolchain/arm gcc/native/4.7.3.1029/arm-gnu-toolchain/bin/../lib/gcc/arm-none-eabi/4.7.3/../../../../arm-none-eabi/lib/armv7e-m\libc.a(lib_a-impure.o)
 .debug_aranges
                0x00000058       0x20 c:/program files (x86)/atmel/atmel toolchain/arm gcc/native/4.7.3.1029/arm-gnu-toolchain/bin/../lib/gcc/arm-none-eabi/4.7.3/../../../../arm-none-eabi/lib/armv7e-m\libc.a(lib_a-init.o)
 .debug_aranges
                0x00000078       0x28 c:/program files (x86)/atmel/atmel toolchain/arm gcc/native/4.7.3.1029/arm-gnu-toolchain/bin/../lib/gcc/arm-none-eabi/4.7.3/../../../../arm-none-eabi/lib/armv7e-m\libc.a(lib_a-__call_atexit.o)
 .debug_aranges
                0x000000a0       0x20 c:/program files (x86)/atmel/atmel toolchain/arm gcc/native/4.7.3.1029/arm-gnu-toolchain/bin/../lib/gcc/arm-none-eabi/4.7.3/../../../../arm-none-eabi/lib/armv7e-m\libc.a(lib_a-atexit.o)

.debug_line     0x00000000      0x98e
 .debug_line    0x00000000      0x231 c:/program files (x86)/atmel/atmel toolchain/arm gcc/native/4.7.3.1029/arm-gnu-toolchain/bin/../lib/gcc/arm-none-eabi/4.7.3/../../../../arm-none-eabi/lib/armv7e-m\libc.a(lib_a-__atexit.o)
 .debug_line    0x00000231      0x124 c:/program files (x86)/atmel/atmel toolchain/arm gcc/native/4.7.3.1029/arm-gnu-toolchain/bin/../lib/gcc/arm-none-eabi/4.7.3/../../../../arm-none-eabi/lib/armv7e-m\libc.a(lib_a-fini.o)
 .debug_line    0x00000355      0x183 c:/program files (x86)/atmel/atmel toolchain/arm gcc/native/4.7.3.1029/arm-gnu-toolchain/bin/../lib/gcc/arm-none-eabi/4.7.3/../../../../arm-none-eabi/lib/armv7e-m\libc.a(lib_a-impure.o)
 .debug_line    0x000004d8      0x136 c:/program files (x86)/atmel/atmel toolchain/arm gcc/native/4.7.3.1029/arm-gnu-toolchain/bin/../lib/gcc/arm-none-eabi/4.7.3/../../../../arm-none-eabi/lib/armv7e-m\libc.a(lib_a-init.o)
 .debug_line    0x0000060e      0x275 c:/program files (x86)/atmel/atmel toolchain/arm gcc/native/4.7.3.1029/arm-gnu-toolchain/bin/../lib/gcc/arm-none-eabi/4.7.3/../../../../arm-none-eabi/lib/armv7e-m\libc.a(lib_a-__call_atexit.o)
 .debug_line    0x00000883      0x10b c:/program files (x86)/atmel/atmel toolchain/arm gcc/native/4.7.3.1029/arm-gnu-toolchain/bin/../lib/gcc/arm-none-eabi/4.7.3/../../../../arm-none-eabi/lib/armv7e-m\libc.a(lib_a-atexit.o)

.debug_str      0x00000000      0x7df
 .debug_str     0x00000000      0x502 c:/program files (x86)/atmel/atmel toolchain/arm gcc/native/4.7.3.1029/arm-gnu-toolchain/bin/../lib/gcc/arm-none-eabi/4.7.3/../../../../arm-none-eabi/lib/armv7e-m\libc.a(lib_a-__atexit.o)
                                0x56d (size before relaxing)
 .debug_str     0x00000502       0x96 c:/program files (x86)/atmel/atmel toolchain/arm gcc/native/4.7.3.1029/arm-gnu-toolchain/bin/../lib/gcc/arm-none-eabi/4.7.3/../../../../arm-none-eabi/lib/armv7e-m\libc.a(lib_a-fini.o)
                                0x184 (size before relaxing)
 .debug_str     0x00000598       0x6f c:/program files (x86)/atmel/atmel toolchain/arm gcc/native/4.7.3.1029/arm-gnu-toolchain/bin/../lib/gcc/arm-none-eabi/4.7.3/../../../../arm-none-eabi/lib/armv7e-m\libc.a(lib_a-impure.o)
                                0x518 (size before relaxing)
 .debug_str     0x00000607       0xc6 c:/program files (x86)/atmel/atmel toolchain/arm gcc/native/4.7.3.1029/arm-gnu-toolchain/bin/../lib/gcc/arm-none-eabi/4.7.3/../../../../arm-none-eabi/lib/armv7e-m\libc.a(lib_a-init.o)
                                0x1ae (size before relaxing)
 .debug_str     0x000006cd       0xae c:/program files (x86)/atmel/atmel toolchain/arm gcc/native/4.7.3.1029/arm-gnu-toolchain/bin/../lib/gcc/arm-none-eabi/4.7.3/../../../../arm-none-eabi/lib/armv7e-m\libc.a(lib_a-__call_atexit.o)
                                0x569 (size before relaxing)
 .debug_str     0x0000077b       0x64 c:/program files (x86)/atmel/atmel toolchain/arm gcc/native/4.7.3.1029/arm-gnu-toolchain/bin/../lib/gcc/arm-none-eabi/4.7.3/../../../../arm-none-eabi/lib/armv7e-m\libc.a(lib_a-atexit.o)
                                0x18a (size before relaxing)

.debug_frame    0x00000000       0xf0
 .debug_frame   0x00000000       0x34 c:/program files (x86)/atmel/atmel toolchain/arm gcc/native/4.7.3.1029/arm-gnu-toolchain/bin/../lib/gcc/arm-none-eabi/4.7.3/../../../../arm-none-eabi/lib/armv7e-m\libc.a(lib_a-__atexit.o)
 .debug_frame   0x00000034       0x2c c:/program files (x86)/atmel/atmel toolchain/arm gcc/native/4.7.3.1029/arm-gnu-toolchain/bin/../lib/gcc/arm-none-eabi/4.7.3/../../../../arm-none-eabi/lib/armv7e-m\libc.a(lib_a-fini.o)
 .debug_frame   0x00000060       0x2c c:/program files (x86)/atmel/atmel toolchain/arm gcc/native/4.7.3.1029/arm-gnu-toolchain/bin/../lib/gcc/arm-none-eabi/4.7.3/../../../../arm-none-eabi/lib/armv7e-m\libc.a(lib_a-init.o)
 .debug_frame   0x0000008c       0x44 c:/program files (x86)/atmel/atmel toolchain/arm gcc/native/4.7.3.1029/arm-gnu-toolchain/bin/../lib/gcc/arm-none-eabi/4.7.3/../../../../arm-none-eabi/lib/armv7e-m\libc.a(lib_a-__call_atexit.o)
 .debug_frame   0x000000d0       0x20 c:/program files (x86)/atmel/atmel toolchain/arm gcc/native/4.7.3.1029/arm-gnu-toolchain/bin/../lib/gcc/arm-none-eabi/4.7.3/../../../../arm-none-eabi/lib/armv7e-m\libc.a(lib_a-atexit.o)

.debug_ranges   0x00000000       0x50
 .debug_ranges  0x00000000       0x50 c:/program files (x86)/atmel/atmel toolchain/arm gcc/native/4.7.3.1029/arm-gnu-toolchain/bin/../lib/gcc/arm-none-eabi/4.7.3/../../../../arm-none-eabi/lib/armv7e-m\libc.a(lib_a-__call_atexit.o)

Cross Reference Table

Symbol                                            File
ACC_Handler                                       src/ASF/sam/utils/cmsis/sam4s/source/templates/exceptions.o
                                                  src/ASF/sam/utils/cmsis/sam4s/source/templates/gcc/startup_sam4s.o
ADC_Handler                                       src/ASF/sam/utils/cmsis/sam4s/source/templates/exceptions.o
                                                  src/ASF/sam/utils/cmsis/sam4s/source/templates/gcc/startup_sam4s.o
BusFault_Handler                                  src/ASF/sam/utils/cmsis/sam4s/source/templates/exceptions.o
                                                  src/ASF/sam/utils/cmsis/sam4s/source/templates/gcc/startup_sam4s.o
CRCCU_Handler                                     src/ASF/sam/utils/cmsis/sam4s/source/templates/exceptions.o
                                                  src/ASF/sam/utils/cmsis/sam4s/source/templates/gcc/startup_sam4s.o
DACC_Handler                                      src/ASF/sam/utils/cmsis/sam4s/source/templates/exceptions.o
                                                  src/ASF/sam/utils/cmsis/sam4s/source/templates/gcc/startup_sam4s.o
DebugMon_Handler                                  src/ASF/sam/utils/cmsis/sam4s/source/templates/exceptions.o
                                                  src/ASF/sam/utils/cmsis/sam4s/source/templates/gcc/startup_sam4s.o
Dummy_Handler                                     src/ASF/sam/utils/cmsis/sam4s/source/templates/exceptions.o
                                                  src/ASF/sam/utils/cmsis/sam4s/source/templates/gcc/startup_sam4s.o
EFC0_Handler                                      src/ASF/sam/utils/cmsis/sam4s/source/templates/exceptions.o
                                                  src/ASF/sam/utils/cmsis/sam4s/source/templates/gcc/startup_sam4s.o
EFC1_Handler                                      src/ASF/sam/utils/cmsis/sam4s/source/templates/exceptions.o
                                                  src/ASF/sam/utils/cmsis/sam4s/source/templates/gcc/startup_sam4s.o
Font08px_123                                      src/ASF/common/components/display/ssd1306/font.o
Font08px_124                                      src/ASF/common/components/display/ssd1306/font.o
Font08px_125                                      src/ASF/common/components/display/ssd1306/font.o
Font08px_126                                      src/ASF/common/components/display/ssd1306/font.o
Font08px_32                                       src/ASF/common/components/display/ssd1306/font.o
Font08px_33                                       src/ASF/common/components/display/ssd1306/font.o
Font08px_34                                       src/ASF/common/components/display/ssd1306/font.o
Font08px_35                                       src/ASF/common/components/display/ssd1306/font.o
Font08px_36                                       src/ASF/common/components/display/ssd1306/font.o
Font08px_37                                       src/ASF/common/components/display/ssd1306/font.o
Font08px_38                                       src/ASF/common/components/display/ssd1306/font.o
Font08px_39                                       src/ASF/common/components/display/ssd1306/font.o
Font08px_40                                       src/ASF/common/components/display/ssd1306/font.o
Font08px_41                                       src/ASF/common/components/display/ssd1306/font.o
Font08px_42                                       src/ASF/common/components/display/ssd1306/font.o
Font08px_43                                       src/ASF/common/components/display/ssd1306/font.o
Font08px_44                                       src/ASF/common/components/display/ssd1306/font.o
Font08px_45                                       src/ASF/common/components/display/ssd1306/font.o
Font08px_46                                       src/ASF/common/components/display/ssd1306/font.o
Font08px_47                                       src/ASF/common/components/display/ssd1306/font.o
Font08px_58                                       src/ASF/common/components/display/ssd1306/font.o
Font08px_59                                       src/ASF/common/components/display/ssd1306/font.o
Font08px_60                                       src/ASF/common/components/display/ssd1306/font.o
Font08px_61                                       src/ASF/common/components/display/ssd1306/font.o
Font08px_62                                       src/ASF/common/components/display/ssd1306/font.o
Font08px_63                                       src/ASF/common/components/display/ssd1306/font.o
Font08px_64                                       src/ASF/common/components/display/ssd1306/font.o
Font08px_91                                       src/ASF/common/components/display/ssd1306/font.o
Font08px_92                                       src/ASF/common/components/display/ssd1306/font.o
Font08px_93                                       src/ASF/common/components/display/ssd1306/font.o
Font08px_94                                       src/ASF/common/components/display/ssd1306/font.o
Font08px_95                                       src/ASF/common/components/display/ssd1306/font.o
Font08px_96                                       src/ASF/common/components/display/ssd1306/font.o
Font08px_N0                                       src/ASF/common/components/display/ssd1306/font.o
Font08px_N1                                       src/ASF/common/components/display/ssd1306/font.o
Font08px_N2                                       src/ASF/common/components/display/ssd1306/font.o
Font08px_N3                                       src/ASF/common/components/display/ssd1306/font.o
Font08px_N4                                       src/ASF/common/components/display/ssd1306/font.o
Font08px_N5                                       src/ASF/common/components/display/ssd1306/font.o
Font08px_N6                                       src/ASF/common/components/display/ssd1306/font.o
Font08px_N7                                       src/ASF/common/components/display/ssd1306/font.o
Font08px_N8                                       src/ASF/common/components/display/ssd1306/font.o
Font08px_N9                                       src/ASF/common/components/display/ssd1306/font.o
Font08px_UA                                       src/ASF/common/components/display/ssd1306/font.o
Font08px_UB                                       src/ASF/common/components/display/ssd1306/font.o
Font08px_UC                                       src/ASF/common/components/display/ssd1306/font.o
Font08px_UD                                       src/ASF/common/components/display/ssd1306/font.o
Font08px_UE                                       src/ASF/common/components/display/ssd1306/font.o
Font08px_UF                                       src/ASF/common/components/display/ssd1306/font.o
Font08px_UG                                       src/ASF/common/components/display/ssd1306/font.o
Font08px_UH                                       src/ASF/common/components/display/ssd1306/font.o
Font08px_UI                                       src/ASF/common/components/display/ssd1306/font.o
Font08px_UJ                                       src/ASF/common/components/display/ssd1306/font.o
Font08px_UK                                       src/ASF/common/components/display/ssd1306/font.o
Font08px_UL                                       src/ASF/common/components/display/ssd1306/font.o
Font08px_UM                                       src/ASF/common/components/display/ssd1306/font.o
Font08px_UN                                       src/ASF/common/components/display/ssd1306/font.o
Font08px_UO                                       src/ASF/common/components/display/ssd1306/font.o
Font08px_UP                                       src/ASF/common/components/display/ssd1306/font.o
Font08px_UQ                                       src/ASF/common/components/display/ssd1306/font.o
Font08px_UR                                       src/ASF/common/components/display/ssd1306/font.o
Font08px_US                                       src/ASF/common/components/display/ssd1306/font.o
Font08px_UT                                       src/ASF/common/components/display/ssd1306/font.o
Font08px_UU                                       src/ASF/common/components/display/ssd1306/font.o
Font08px_UV                                       src/ASF/common/components/display/ssd1306/font.o
Font08px_UW                                       src/ASF/common/components/display/ssd1306/font.o
Font08px_UX                                       src/ASF/common/components/display/ssd1306/font.o
Font08px_UY                                       src/ASF/common/components/display/ssd1306/font.o
Font08px_UZ                                       src/ASF/common/components/display/ssd1306/font.o
Font08px_la                                       src/ASF/common/components/display/ssd1306/font.o
Font08px_lb                                       src/ASF/common/components/display/ssd1306/font.o
Font08px_lc                                       src/ASF/common/components/display/ssd1306/font.o
Font08px_ld                                       src/ASF/common/components/display/ssd1306/font.o
Font08px_le                                       src/ASF/common/components/display/ssd1306/font.o
Font08px_lf                                       src/ASF/common/components/display/ssd1306/font.o
Font08px_lg                                       src/ASF/common/components/display/ssd1306/font.o
Font08px_lh                                       src/ASF/common/components/display/ssd1306/font.o
Font08px_li                                       src/ASF/common/components/display/ssd1306/font.o
Font08px_lj                                       src/ASF/common/components/display/ssd1306/font.o
Font08px_lk                                       src/ASF/common/components/display/ssd1306/font.o
Font08px_ll                                       src/ASF/common/components/display/ssd1306/font.o
Font08px_lm                                       src/ASF/common/components/display/ssd1306/font.o
Font08px_ln                                       src/ASF/common/components/display/ssd1306/font.o
Font08px_lo                                       src/ASF/common/components/display/ssd1306/font.o
Font08px_lp                                       src/ASF/common/components/display/ssd1306/font.o
Font08px_lq                                       src/ASF/common/components/display/ssd1306/font.o
Font08px_lr                                       src/ASF/common/components/display/ssd1306/font.o
Font08px_ls                                       src/ASF/common/components/display/ssd1306/font.o
Font08px_lt                                       src/ASF/common/components/display/ssd1306/font.o
Font08px_lu                                       src/ASF/common/components/display/ssd1306/font.o
Font08px_lv                                       src/ASF/common/components/display/ssd1306/font.o
Font08px_lw                                       src/ASF/common/components/display/ssd1306/font.o
Font08px_lx                                       src/ASF/common/components/display/ssd1306/font.o
Font08px_ly                                       src/ASF/common/components/display/ssd1306/font.o
Font08px_lz                                       src/ASF/common/components/display/ssd1306/font.o
HSMCI_Handler                                     src/ASF/sam/utils/cmsis/sam4s/source/templates/exceptions.o
                                                  src/ASF/sam/utils/cmsis/sam4s/source/templates/gcc/startup_sam4s.o
HardFault_Handler                                 src/ASF/sam/utils/cmsis/sam4s/source/templates/exceptions.o
                                                  src/ASF/sam/utils/cmsis/sam4s/source/templates/gcc/startup_sam4s.o
MemManage_Handler                                 src/ASF/sam/utils/cmsis/sam4s/source/templates/exceptions.o
                                                  src/ASF/sam/utils/cmsis/sam4s/source/templates/gcc/startup_sam4s.o
NMI_Handler                                       src/ASF/sam/utils/cmsis/sam4s/source/templates/exceptions.o
                                                  src/ASF/sam/utils/cmsis/sam4s/source/templates/gcc/startup_sam4s.o
PIOA_Handler                                      src/ASF/sam/drivers/pio/pio_handler.o
                                                  src/ASF/sam/utils/cmsis/sam4s/source/templates/gcc/startup_sam4s.o
PIOB_Handler                                      src/ASF/sam/drivers/pio/pio_handler.o
                                                  src/ASF/sam/utils/cmsis/sam4s/source/templates/gcc/startup_sam4s.o
PIOC_Handler                                      src/ASF/sam/drivers/pio/pio_handler.o
                                                  src/ASF/sam/utils/cmsis/sam4s/source/templates/gcc/startup_sam4s.o
PMC_Handler                                       src/ASF/sam/utils/cmsis/sam4s/source/templates/exceptions.o
                                                  src/ASF/sam/utils/cmsis/sam4s/source/templates/gcc/startup_sam4s.o
PWM_Handler                                       src/ASF/sam/utils/cmsis/sam4s/source/templates/exceptions.o
                                                  src/ASF/sam/utils/cmsis/sam4s/source/templates/gcc/startup_sam4s.o
PendSV_Handler                                    src/ASF/sam/utils/cmsis/sam4s/source/templates/exceptions.o
                                                  src/ASF/sam/utils/cmsis/sam4s/source/templates/gcc/startup_sam4s.o
RSTC_Handler                                      src/ASF/sam/utils/cmsis/sam4s/source/templates/exceptions.o
                                                  src/ASF/sam/utils/cmsis/sam4s/source/templates/gcc/startup_sam4s.o
RTC_Handler                                       src/ASF/sam/utils/cmsis/sam4s/source/templates/exceptions.o
                                                  src/ASF/sam/utils/cmsis/sam4s/source/templates/gcc/startup_sam4s.o
RTT_Handler                                       src/ASF/sam/utils/cmsis/sam4s/source/templates/exceptions.o
                                                  src/ASF/sam/utils/cmsis/sam4s/source/templates/gcc/startup_sam4s.o
Reset_Handler                                     src/ASF/sam/utils/cmsis/sam4s/source/templates/gcc/startup_sam4s.o
                                                  src/ASF/sam/utils/cmsis/sam4s/source/templates/exceptions.o
SMC_Handler                                       src/ASF/sam/utils/cmsis/sam4s/source/templates/exceptions.o
                                                  src/ASF/sam/utils/cmsis/sam4s/source/templates/gcc/startup_sam4s.o
SPI_Handler                                       src/ASF/sam/utils/cmsis/sam4s/source/templates/exceptions.o
                                                  src/ASF/sam/utils/cmsis/sam4s/source/templates/gcc/startup_sam4s.o
SSC_Handler                                       src/ASF/sam/utils/cmsis/sam4s/source/templates/exceptions.o
                                                  src/ASF/sam/utils/cmsis/sam4s/source/templates/gcc/startup_sam4s.o
SUPC_Handler                                      src/ASF/sam/utils/cmsis/sam4s/source/templates/exceptions.o
                                                  src/ASF/sam/utils/cmsis/sam4s/source/templates/gcc/startup_sam4s.o
SVC_Handler                                       src/ASF/sam/utils/cmsis/sam4s/source/templates/exceptions.o
                                                  src/ASF/sam/utils/cmsis/sam4s/source/templates/gcc/startup_sam4s.o
SysTick_Handler                                   src/ASF/sam/utils/cmsis/sam4s/source/templates/exceptions.o
                                                  src/ASF/sam/utils/cmsis/sam4s/source/templates/gcc/startup_sam4s.o
SystemCoreClock                                   src/ASF/sam/utils/cmsis/sam4s/source/templates/system_sam4s.o
SystemCoreClockUpdate                             src/ASF/sam/utils/cmsis/sam4s/source/templates/system_sam4s.o
                                                  src/ASF/common/services/clock/sam4s/sysclk.o
SystemInit                                        src/ASF/sam/utils/cmsis/sam4s/source/templates/system_sam4s.o
TC0_Handler                                       src/ASF/sam/utils/cmsis/sam4s/source/templates/exceptions.o
                                                  src/ASF/sam/utils/cmsis/sam4s/source/templates/gcc/startup_sam4s.o
TC1_Handler                                       src/ASF/sam/utils/cmsis/sam4s/source/templates/exceptions.o
                                                  src/ASF/sam/utils/cmsis/sam4s/source/templates/gcc/startup_sam4s.o
TC2_Handler                                       src/ASF/sam/utils/cmsis/sam4s/source/templates/exceptions.o
                                                  src/ASF/sam/utils/cmsis/sam4s/source/templates/gcc/startup_sam4s.o
TC3_Handler                                       src/ASF/sam/utils/cmsis/sam4s/source/templates/exceptions.o
                                                  src/ASF/sam/utils/cmsis/sam4s/source/templates/gcc/startup_sam4s.o
TC4_Handler                                       src/ASF/sam/utils/cmsis/sam4s/source/templates/exceptions.o
                                                  src/ASF/sam/utils/cmsis/sam4s/source/templates/gcc/startup_sam4s.o
TC5_Handler                                       src/ASF/sam/utils/cmsis/sam4s/source/templates/exceptions.o
                                                  src/ASF/sam/utils/cmsis/sam4s/source/templates/gcc/startup_sam4s.o
TWI0_Handler                                      src/ASF/sam/utils/cmsis/sam4s/source/templates/exceptions.o
                                                  src/ASF/sam/utils/cmsis/sam4s/source/templates/gcc/startup_sam4s.o
TWI1_Handler                                      src/ASF/sam/utils/cmsis/sam4s/source/templates/exceptions.o
                                                  src/ASF/sam/utils/cmsis/sam4s/source/templates/gcc/startup_sam4s.o
UART0_Handler                                     src/ASF/sam/utils/cmsis/sam4s/source/templates/exceptions.o
                                                  src/ASF/sam/utils/cmsis/sam4s/source/templates/gcc/startup_sam4s.o
UART1_Handler                                     src/ASF/sam/utils/cmsis/sam4s/source/templates/exceptions.o
                                                  src/ASF/sam/utils/cmsis/sam4s/source/templates/gcc/startup_sam4s.o
UDP_Handler                                       src/ASF/sam/utils/cmsis/sam4s/source/templates/exceptions.o
                                                  src/ASF/sam/utils/cmsis/sam4s/source/templates/gcc/startup_sam4s.o
USART0_Handler                                    src/ASF/sam/utils/cmsis/sam4s/source/templates/exceptions.o
                                                  src/ASF/sam/utils/cmsis/sam4s/source/templates/gcc/startup_sam4s.o
USART1_Handler                                    src/ASF/sam/utils/cmsis/sam4s/source/templates/exceptions.o
                                                  src/ASF/sam/utils/cmsis/sam4s/source/templates/gcc/startup_sam4s.o
UsageFault_Handler                                src/ASF/sam/utils/cmsis/sam4s/source/templates/exceptions.o
                                                  src/ASF/sam/utils/cmsis/sam4s/source/templates/gcc/startup_sam4s.o
WDT_Handler                                       src/ASF/sam/utils/cmsis/sam4s/source/templates/exceptions.o
                                                  src/ASF/sam/utils/cmsis/sam4s/source/templates/gcc/startup_sam4s.o
_ITM_deregisterTMCloneTable                       c:/program files (x86)/atmel/atmel toolchain/arm gcc/native/4.7.3.1029/arm-gnu-toolchain/bin/../lib/gcc/arm-none-eabi/4.7.3/armv7e-m/crtbegin.o
_ITM_registerTMCloneTable                         c:/program files (x86)/atmel/atmel toolchain/arm gcc/native/4.7.3.1029/arm-gnu-toolchain/bin/../lib/gcc/arm-none-eabi/4.7.3/armv7e-m/crtbegin.o
_Jv_RegisterClasses                               c:/program files (x86)/atmel/atmel toolchain/arm gcc/native/4.7.3.1029/arm-gnu-toolchain/bin/../lib/gcc/arm-none-eabi/4.7.3/armv7e-m/crtbegin.o
_PathLocale                                       c:/program files (x86)/atmel/atmel toolchain/arm gcc/native/4.7.3.1029/arm-gnu-toolchain/bin/../lib/gcc/arm-none-eabi/4.7.3/../../../../arm-none-eabi/lib/armv7e-m\libc.a(lib_a-locale.o)
__TMC_END__                                       c:/program files (x86)/atmel/atmel toolchain/arm gcc/native/4.7.3.1029/arm-gnu-toolchain/bin/../lib/gcc/arm-none-eabi/4.7.3/armv7e-m/crtend.o
                                                  c:/program files (x86)/atmel/atmel toolchain/arm gcc/native/4.7.3.1029/arm-gnu-toolchain/bin/../lib/gcc/arm-none-eabi/4.7.3/armv7e-m/crtbegin.o
__adddf3                                          c:/program files (x86)/atmel/atmel toolchain/arm gcc/native/4.7.3.1029/arm-gnu-toolchain/bin/../lib/gcc/arm-none-eabi/4.7.3/armv7e-m\libgcc.a(_arm_addsubdf3.o)
__aeabi_dadd                                      c:/program files (x86)/atmel/atmel toolchain/arm gcc/native/4.7.3.1029/arm-gnu-toolchain/bin/../lib/gcc/arm-none-eabi/4.7.3/armv7e-m\libgcc.a(_arm_addsubdf3.o)
__aeabi_ddiv                                      c:/program files (x86)/atmel/atmel toolchain/arm gcc/native/4.7.3.1029/arm-gnu-toolchain/bin/../lib/gcc/arm-none-eabi/4.7.3/armv7e-m\libgcc.a(_arm_muldivdf3.o)
__aeabi_dmul                                      c:/program files (x86)/atmel/atmel toolchain/arm gcc/native/4.7.3.1029/arm-gnu-toolchain/bin/../lib/gcc/arm-none-eabi/4.7.3/armv7e-m\libgcc.a(_arm_muldivdf3.o)
                                                  src/ASF/common/components/memory/eeprom/at30tse75x/at30tse75x.o
__aeabi_drsub                                     c:/program files (x86)/atmel/atmel toolchain/arm gcc/native/4.7.3.1029/arm-gnu-toolchain/bin/../lib/gcc/arm-none-eabi/4.7.3/armv7e-m\libgcc.a(_arm_addsubdf3.o)
__aeabi_dsub                                      c:/program files (x86)/atmel/atmel toolchain/arm gcc/native/4.7.3.1029/arm-gnu-toolchain/bin/../lib/gcc/arm-none-eabi/4.7.3/armv7e-m\libgcc.a(_arm_addsubdf3.o)
__aeabi_f2d                                       c:/program files (x86)/atmel/atmel toolchain/arm gcc/native/4.7.3.1029/arm-gnu-toolchain/bin/../lib/gcc/arm-none-eabi/4.7.3/armv7e-m\libgcc.a(_arm_addsubdf3.o)
__aeabi_i2d                                       c:/program files (x86)/atmel/atmel toolchain/arm gcc/native/4.7.3.1029/arm-gnu-toolchain/bin/../lib/gcc/arm-none-eabi/4.7.3/armv7e-m\libgcc.a(_arm_addsubdf3.o)
                                                  src/ASF/common/components/memory/eeprom/at30tse75x/at30tse75x.o
__aeabi_idiv0                                     c:/program files (x86)/atmel/atmel toolchain/arm gcc/native/4.7.3.1029/arm-gnu-toolchain/bin/../lib/gcc/arm-none-eabi/4.7.3/armv7e-m\libgcc.a(_dvmd_tls.o)
__aeabi_l2d                                       c:/program files (x86)/atmel/atmel toolchain/arm gcc/native/4.7.3.1029/arm-gnu-toolchain/bin/../lib/gcc/arm-none-eabi/4.7.3/armv7e-m\libgcc.a(_arm_addsubdf3.o)
__aeabi_ldiv0                                     c:/program files (x86)/atmel/atmel toolchain/arm gcc/native/4.7.3.1029/arm-gnu-toolchain/bin/../lib/gcc/arm-none-eabi/4.7.3/armv7e-m\libgcc.a(_dvmd_tls.o)
                                                  c:/program files (x86)/atmel/atmel toolchain/arm gcc/native/4.7.3.1029/arm-gnu-toolchain/bin/../lib/gcc/arm-none-eabi/4.7.3/armv7e-m\libgcc.a(_aeabi_uldivmod.o)
__aeabi_ui2d                                      c:/program files (x86)/atmel/atmel toolchain/arm gcc/native/4.7.3.1029/arm-gnu-toolchain/bin/../lib/gcc/arm-none-eabi/4.7.3/armv7e-m\libgcc.a(_arm_addsubdf3.o)
__aeabi_ul2d                                      c:/program files (x86)/atmel/atmel toolchain/arm gcc/native/4.7.3.1029/arm-gnu-toolchain/bin/../lib/gcc/arm-none-eabi/4.7.3/armv7e-m\libgcc.a(_arm_addsubdf3.o)
__aeabi_uldivmod                                  c:/program files (x86)/atmel/atmel toolchain/arm gcc/native/4.7.3.1029/arm-gnu-toolchain/bin/../lib/gcc/arm-none-eabi/4.7.3/armv7e-m\libgcc.a(_aeabi_uldivmod.o)
                                                  c:/program files (x86)/atmel/atmel toolchain/arm gcc/native/4.7.3.1029/arm-gnu-toolchain/bin/../lib/gcc/arm-none-eabi/4.7.3/../../../../arm-none-eabi/lib/armv7e-m\libc.a(lib_a-vfiprintf.o)
__ascii_wctomb                                    c:/program files (x86)/atmel/atmel toolchain/arm gcc/native/4.7.3.1029/arm-gnu-toolchain/bin/../lib/gcc/arm-none-eabi/4.7.3/../../../../arm-none-eabi/lib/armv7e-m\libc.a(lib_a-wctomb_r.o)
__bss_end__                                       c:/program files (x86)/atmel/atmel toolchain/arm gcc/native/4.7.3.1029/arm-gnu-toolchain/bin/../lib/gcc/arm-none-eabi/4.7.3/../../../../arm-none-eabi/lib/armv7e-m/crt0.o
__bss_start__                                     c:/program files (x86)/atmel/atmel toolchain/arm gcc/native/4.7.3.1029/arm-gnu-toolchain/bin/../lib/gcc/arm-none-eabi/4.7.3/../../../../arm-none-eabi/lib/armv7e-m/crt0.o
__call_exitprocs                                  c:/program files (x86)/atmel/atmel toolchain/arm gcc/native/4.7.3.1029/arm-gnu-toolchain/bin/../lib/gcc/arm-none-eabi/4.7.3/../../../../arm-none-eabi/lib/armv7e-m\libc.a(lib_a-__call_atexit.o)
                                                  c:/program files (x86)/atmel/atmel toolchain/arm gcc/native/4.7.3.1029/arm-gnu-toolchain/bin/../lib/gcc/arm-none-eabi/4.7.3/../../../../arm-none-eabi/lib/armv7e-m\libc.a(lib_a-exit.o)
__deregister_frame_info                           c:/program files (x86)/atmel/atmel toolchain/arm gcc/native/4.7.3.1029/arm-gnu-toolchain/bin/../lib/gcc/arm-none-eabi/4.7.3/armv7e-m/crtbegin.o
__divdf3                                          c:/program files (x86)/atmel/atmel toolchain/arm gcc/native/4.7.3.1029/arm-gnu-toolchain/bin/../lib/gcc/arm-none-eabi/4.7.3/armv7e-m\libgcc.a(_arm_muldivdf3.o)
__divdi3                                          c:/program files (x86)/atmel/atmel toolchain/arm gcc/native/4.7.3.1029/arm-gnu-toolchain/bin/../lib/gcc/arm-none-eabi/4.7.3/armv7e-m\libgcc.a(_divdi3.o)
                                                  c:/program files (x86)/atmel/atmel toolchain/arm gcc/native/4.7.3.1029/arm-gnu-toolchain/bin/../lib/gcc/arm-none-eabi/4.7.3/armv7e-m\libgcc.a(bpabi.o)
__dso_handle                                      c:/program files (x86)/atmel/atmel toolchain/arm gcc/native/4.7.3.1029/arm-gnu-toolchain/bin/../lib/gcc/arm-none-eabi/4.7.3/armv7e-m/crtbegin.o
__extendsfdf2                                     c:/program files (x86)/atmel/atmel toolchain/arm gcc/native/4.7.3.1029/arm-gnu-toolchain/bin/../lib/gcc/arm-none-eabi/4.7.3/armv7e-m\libgcc.a(_arm_addsubdf3.o)
__fini_array_end                                  c:/program files (x86)/atmel/atmel toolchain/arm gcc/native/4.7.3.1029/arm-gnu-toolchain/bin/../lib/gcc/arm-none-eabi/4.7.3/../../../../arm-none-eabi/lib/armv7e-m\libc.a(lib_a-fini.o)
__fini_array_start                                c:/program files (x86)/atmel/atmel toolchain/arm gcc/native/4.7.3.1029/arm-gnu-toolchain/bin/../lib/gcc/arm-none-eabi/4.7.3/../../../../arm-none-eabi/lib/armv7e-m\libc.a(lib_a-fini.o)
__floatdidf                                       c:/program files (x86)/atmel/atmel toolchain/arm gcc/native/4.7.3.1029/arm-gnu-toolchain/bin/../lib/gcc/arm-none-eabi/4.7.3/armv7e-m\libgcc.a(_arm_addsubdf3.o)
__floatsidf                                       c:/program files (x86)/atmel/atmel toolchain/arm gcc/native/4.7.3.1029/arm-gnu-toolchain/bin/../lib/gcc/arm-none-eabi/4.7.3/armv7e-m\libgcc.a(_arm_addsubdf3.o)
__floatundidf                                     c:/program files (x86)/atmel/atmel toolchain/arm gcc/native/4.7.3.1029/arm-gnu-toolchain/bin/../lib/gcc/arm-none-eabi/4.7.3/armv7e-m\libgcc.a(_arm_addsubdf3.o)
__floatunsidf                                     c:/program files (x86)/atmel/atmel toolchain/arm gcc/native/4.7.3.1029/arm-gnu-toolchain/bin/../lib/gcc/arm-none-eabi/4.7.3/armv7e-m\libgcc.a(_arm_addsubdf3.o)
__fp_lock_all                                     c:/program files (x86)/atmel/atmel toolchain/arm gcc/native/4.7.3.1029/arm-gnu-toolchain/bin/../lib/gcc/arm-none-eabi/4.7.3/../../../../arm-none-eabi/lib/armv7e-m\libc.a(lib_a-findfp.o)
__fp_unlock_all                                   c:/program files (x86)/atmel/atmel toolchain/arm gcc/native/4.7.3.1029/arm-gnu-toolchain/bin/../lib/gcc/arm-none-eabi/4.7.3/../../../../arm-none-eabi/lib/armv7e-m\libc.a(lib_a-findfp.o)
__gnu_ldivmod_helper                              c:/program files (x86)/atmel/atmel toolchain/arm gcc/native/4.7.3.1029/arm-gnu-toolchain/bin/../lib/gcc/arm-none-eabi/4.7.3/armv7e-m\libgcc.a(bpabi.o)
__gnu_uldivmod_helper                             c:/program files (x86)/atmel/atmel toolchain/arm gcc/native/4.7.3.1029/arm-gnu-toolchain/bin/../lib/gcc/arm-none-eabi/4.7.3/armv7e-m\libgcc.a(bpabi.o)
                                                  c:/program files (x86)/atmel/atmel toolchain/arm gcc/native/4.7.3.1029/arm-gnu-toolchain/bin/../lib/gcc/arm-none-eabi/4.7.3/armv7e-m\libgcc.a(_aeabi_uldivmod.o)
__init_array_end                                  c:/program files (x86)/atmel/atmel toolchain/arm gcc/native/4.7.3.1029/arm-gnu-toolchain/bin/../lib/gcc/arm-none-eabi/4.7.3/../../../../arm-none-eabi/lib/armv7e-m\libc.a(lib_a-init.o)
__init_array_start                                c:/program files (x86)/atmel/atmel toolchain/arm gcc/native/4.7.3.1029/arm-gnu-toolchain/bin/../lib/gcc/arm-none-eabi/4.7.3/../../../../arm-none-eabi/lib/armv7e-m\libc.a(lib_a-init.o)
__libc_fini                                       c:/program files (x86)/atmel/atmel toolchain/arm gcc/native/4.7.3.1029/arm-gnu-toolchain/bin/../lib/gcc/arm-none-eabi/4.7.3/../../../../arm-none-eabi/lib/armv7e-m\libc.a(lib_a-__call_atexit.o)
__libc_fini_array                                 c:/program files (x86)/atmel/atmel toolchain/arm gcc/native/4.7.3.1029/arm-gnu-toolchain/bin/../lib/gcc/arm-none-eabi/4.7.3/../../../../arm-none-eabi/lib/armv7e-m\libc.a(lib_a-fini.o)
                                                  c:/program files (x86)/atmel/atmel toolchain/arm gcc/native/4.7.3.1029/arm-gnu-toolchain/bin/../lib/gcc/arm-none-eabi/4.7.3/../../../../arm-none-eabi/lib/armv7e-m\libc.a(lib_a-__call_atexit.o)
                                                  c:/program files (x86)/atmel/atmel toolchain/arm gcc/native/4.7.3.1029/arm-gnu-toolchain/bin/../lib/gcc/arm-none-eabi/4.7.3/../../../../arm-none-eabi/lib/armv7e-m/crt0.o
__libc_init_array                                 c:/program files (x86)/atmel/atmel toolchain/arm gcc/native/4.7.3.1029/arm-gnu-toolchain/bin/../lib/gcc/arm-none-eabi/4.7.3/../../../../arm-none-eabi/lib/armv7e-m\libc.a(lib_a-init.o)
                                                  src/ASF/sam/utils/cmsis/sam4s/source/templates/gcc/startup_sam4s.o
                                                  c:/program files (x86)/atmel/atmel toolchain/arm gcc/native/4.7.3.1029/arm-gnu-toolchain/bin/../lib/gcc/arm-none-eabi/4.7.3/../../../../arm-none-eabi/lib/armv7e-m/crt0.o
__locale_charset                                  c:/program files (x86)/atmel/atmel toolchain/arm gcc/native/4.7.3.1029/arm-gnu-toolchain/bin/../lib/gcc/arm-none-eabi/4.7.3/../../../../arm-none-eabi/lib/armv7e-m\libc.a(lib_a-locale.o)
                                                  c:/program files (x86)/atmel/atmel toolchain/arm gcc/native/4.7.3.1029/arm-gnu-toolchain/bin/../lib/gcc/arm-none-eabi/4.7.3/../../../../arm-none-eabi/lib/armv7e-m\libc.a(lib_a-wctomb_r.o)
                                                  c:/program files (x86)/atmel/atmel toolchain/arm gcc/native/4.7.3.1029/arm-gnu-toolchain/bin/../lib/gcc/arm-none-eabi/4.7.3/../../../../arm-none-eabi/lib/armv7e-m\libc.a(lib_a-wcrtomb.o)
__locale_cjk_lang                                 c:/program files (x86)/atmel/atmel toolchain/arm gcc/native/4.7.3.1029/arm-gnu-toolchain/bin/../lib/gcc/arm-none-eabi/4.7.3/../../../../arm-none-eabi/lib/armv7e-m\libc.a(lib_a-locale.o)
__locale_mb_cur_max                               c:/program files (x86)/atmel/atmel toolchain/arm gcc/native/4.7.3.1029/arm-gnu-toolchain/bin/../lib/gcc/arm-none-eabi/4.7.3/../../../../arm-none-eabi/lib/armv7e-m\libc.a(lib_a-locale.o)
                                                  c:/program files (x86)/atmel/atmel toolchain/arm gcc/native/4.7.3.1029/arm-gnu-toolchain/bin/../lib/gcc/arm-none-eabi/4.7.3/../../../../arm-none-eabi/lib/armv7e-m\libc.a(lib_a-fputwc.o)
__locale_msgcharset                               c:/program files (x86)/atmel/atmel toolchain/arm gcc/native/4.7.3.1029/arm-gnu-toolchain/bin/../lib/gcc/arm-none-eabi/4.7.3/../../../../arm-none-eabi/lib/armv7e-m\libc.a(lib_a-locale.o)
__malloc_av_                                      c:/program files (x86)/atmel/atmel toolchain/arm gcc/native/4.7.3.1029/arm-gnu-toolchain/bin/../lib/gcc/arm-none-eabi/4.7.3/../../../../arm-none-eabi/lib/armv7e-m\libc.a(lib_a-mallocr.o)
                                                  c:/program files (x86)/atmel/atmel toolchain/arm gcc/native/4.7.3.1029/arm-gnu-toolchain/bin/../lib/gcc/arm-none-eabi/4.7.3/../../../../arm-none-eabi/lib/armv7e-m\libc.a(lib_a-reallocr.o)
                                                  c:/program files (x86)/atmel/atmel toolchain/arm gcc/native/4.7.3.1029/arm-gnu-toolchain/bin/../lib/gcc/arm-none-eabi/4.7.3/../../../../arm-none-eabi/lib/armv7e-m\libc.a(lib_a-freer.o)
__malloc_current_mallinfo                         c:/program files (x86)/atmel/atmel toolchain/arm gcc/native/4.7.3.1029/arm-gnu-toolchain/bin/../lib/gcc/arm-none-eabi/4.7.3/../../../../arm-none-eabi/lib/armv7e-m\libc.a(lib_a-mallocr.o)
                                                  c:/program files (x86)/atmel/atmel toolchain/arm gcc/native/4.7.3.1029/arm-gnu-toolchain/bin/../lib/gcc/arm-none-eabi/4.7.3/../../../../arm-none-eabi/lib/armv7e-m\libc.a(lib_a-freer.o)
__malloc_lock                                     c:/program files (x86)/atmel/atmel toolchain/arm gcc/native/4.7.3.1029/arm-gnu-toolchain/bin/../lib/gcc/arm-none-eabi/4.7.3/../../../../arm-none-eabi/lib/armv7e-m\libc.a(lib_a-mlock.o)
                                                  c:/program files (x86)/atmel/atmel toolchain/arm gcc/native/4.7.3.1029/arm-gnu-toolchain/bin/../lib/gcc/arm-none-eabi/4.7.3/../../../../arm-none-eabi/lib/armv7e-m\libc.a(lib_a-reallocr.o)
                                                  c:/program files (x86)/atmel/atmel toolchain/arm gcc/native/4.7.3.1029/arm-gnu-toolchain/bin/../lib/gcc/arm-none-eabi/4.7.3/../../../../arm-none-eabi/lib/armv7e-m\libc.a(lib_a-mallocr.o)
                                                  c:/program files (x86)/atmel/atmel toolchain/arm gcc/native/4.7.3.1029/arm-gnu-toolchain/bin/../lib/gcc/arm-none-eabi/4.7.3/../../../../arm-none-eabi/lib/armv7e-m\libc.a(lib_a-freer.o)
__malloc_max_sbrked_mem                           c:/program files (x86)/atmel/atmel toolchain/arm gcc/native/4.7.3.1029/arm-gnu-toolchain/bin/../lib/gcc/arm-none-eabi/4.7.3/../../../../arm-none-eabi/lib/armv7e-m\libc.a(lib_a-mallocr.o)
__malloc_max_total_mem                            c:/program files (x86)/atmel/atmel toolchain/arm gcc/native/4.7.3.1029/arm-gnu-toolchain/bin/../lib/gcc/arm-none-eabi/4.7.3/../../../../arm-none-eabi/lib/armv7e-m\libc.a(lib_a-mallocr.o)
__malloc_sbrk_base                                c:/program files (x86)/atmel/atmel toolchain/arm gcc/native/4.7.3.1029/arm-gnu-toolchain/bin/../lib/gcc/arm-none-eabi/4.7.3/../../../../arm-none-eabi/lib/armv7e-m\libc.a(lib_a-mallocr.o)
                                                  c:/program files (x86)/atmel/atmel toolchain/arm gcc/native/4.7.3.1029/arm-gnu-toolchain/bin/../lib/gcc/arm-none-eabi/4.7.3/../../../../arm-none-eabi/lib/armv7e-m\libc.a(lib_a-freer.o)
__malloc_top_pad                                  c:/program files (x86)/atmel/atmel toolchain/arm gcc/native/4.7.3.1029/arm-gnu-toolchain/bin/../lib/gcc/arm-none-eabi/4.7.3/../../../../arm-none-eabi/lib/armv7e-m\libc.a(lib_a-mallocr.o)
                                                  c:/program files (x86)/atmel/atmel toolchain/arm gcc/native/4.7.3.1029/arm-gnu-toolchain/bin/../lib/gcc/arm-none-eabi/4.7.3/../../../../arm-none-eabi/lib/armv7e-m\libc.a(lib_a-freer.o)
__malloc_trim_threshold                           c:/program files (x86)/atmel/atmel toolchain/arm gcc/native/4.7.3.1029/arm-gnu-toolchain/bin/../lib/gcc/arm-none-eabi/4.7.3/../../../../arm-none-eabi/lib/armv7e-m\libc.a(lib_a-mallocr.o)
                                                  c:/program files (x86)/atmel/atmel toolchain/arm gcc/native/4.7.3.1029/arm-gnu-toolchain/bin/../lib/gcc/arm-none-eabi/4.7.3/../../../../arm-none-eabi/lib/armv7e-m\libc.a(lib_a-freer.o)
__malloc_unlock                                   c:/program files (x86)/atmel/atmel toolchain/arm gcc/native/4.7.3.1029/arm-gnu-toolchain/bin/../lib/gcc/arm-none-eabi/4.7.3/../../../../arm-none-eabi/lib/armv7e-m\libc.a(lib_a-mlock.o)
                                                  c:/program files (x86)/atmel/atmel toolchain/arm gcc/native/4.7.3.1029/arm-gnu-toolchain/bin/../lib/gcc/arm-none-eabi/4.7.3/../../../../arm-none-eabi/lib/armv7e-m\libc.a(lib_a-reallocr.o)
                                                  c:/program files (x86)/atmel/atmel toolchain/arm gcc/native/4.7.3.1029/arm-gnu-toolchain/bin/../lib/gcc/arm-none-eabi/4.7.3/../../../../arm-none-eabi/lib/armv7e-m\libc.a(lib_a-mallocr.o)
                                                  c:/program files (x86)/atmel/atmel toolchain/arm gcc/native/4.7.3.1029/arm-gnu-toolchain/bin/../lib/gcc/arm-none-eabi/4.7.3/../../../../arm-none-eabi/lib/armv7e-m\libc.a(lib_a-freer.o)
__mb_cur_max                                      c:/program files (x86)/atmel/atmel toolchain/arm gcc/native/4.7.3.1029/arm-gnu-toolchain/bin/../lib/gcc/arm-none-eabi/4.7.3/../../../../arm-none-eabi/lib/armv7e-m\libc.a(lib_a-locale.o)
__mlocale_changed                                 c:/program files (x86)/atmel/atmel toolchain/arm gcc/native/4.7.3.1029/arm-gnu-toolchain/bin/../lib/gcc/arm-none-eabi/4.7.3/../../../../arm-none-eabi/lib/armv7e-m\libc.a(lib_a-locale.o)
__muldf3                                          c:/program files (x86)/atmel/atmel toolchain/arm gcc/native/4.7.3.1029/arm-gnu-toolchain/bin/../lib/gcc/arm-none-eabi/4.7.3/armv7e-m\libgcc.a(_arm_muldivdf3.o)
__nlocale_changed                                 c:/program files (x86)/atmel/atmel toolchain/arm gcc/native/4.7.3.1029/arm-gnu-toolchain/bin/../lib/gcc/arm-none-eabi/4.7.3/../../../../arm-none-eabi/lib/armv7e-m\libc.a(lib_a-locale.o)
__preinit_array_end                               c:/program files (x86)/atmel/atmel toolchain/arm gcc/native/4.7.3.1029/arm-gnu-toolchain/bin/../lib/gcc/arm-none-eabi/4.7.3/../../../../arm-none-eabi/lib/armv7e-m\libc.a(lib_a-init.o)
__preinit_array_start                             c:/program files (x86)/atmel/atmel toolchain/arm gcc/native/4.7.3.1029/arm-gnu-toolchain/bin/../lib/gcc/arm-none-eabi/4.7.3/../../../../arm-none-eabi/lib/armv7e-m\libc.a(lib_a-init.o)
__register_exitproc                               c:/program files (x86)/atmel/atmel toolchain/arm gcc/native/4.7.3.1029/arm-gnu-toolchain/bin/../lib/gcc/arm-none-eabi/4.7.3/../../../../arm-none-eabi/lib/armv7e-m\libc.a(lib_a-__atexit.o)
                                                  c:/program files (x86)/atmel/atmel toolchain/arm gcc/native/4.7.3.1029/arm-gnu-toolchain/bin/../lib/gcc/arm-none-eabi/4.7.3/../../../../arm-none-eabi/lib/armv7e-m\libc.a(lib_a-atexit.o)
                                                  c:/program files (x86)/atmel/atmel toolchain/arm gcc/native/4.7.3.1029/arm-gnu-toolchain/bin/../lib/gcc/arm-none-eabi/4.7.3/../../../../arm-none-eabi/lib/armv7e-m/crt0.o
__register_frame_info                             c:/program files (x86)/atmel/atmel toolchain/arm gcc/native/4.7.3.1029/arm-gnu-toolchain/bin/../lib/gcc/arm-none-eabi/4.7.3/armv7e-m/crtbegin.o
__sclose                                          c:/program files (x86)/atmel/atmel toolchain/arm gcc/native/4.7.3.1029/arm-gnu-toolchain/bin/../lib/gcc/arm-none-eabi/4.7.3/../../../../arm-none-eabi/lib/armv7e-m\libc.a(lib_a-stdio.o)
                                                  c:/program files (x86)/atmel/atmel toolchain/arm gcc/native/4.7.3.1029/arm-gnu-toolchain/bin/../lib/gcc/arm-none-eabi/4.7.3/../../../../arm-none-eabi/lib/armv7e-m\libc.a(lib_a-findfp.o)
__seofread                                        c:/program files (x86)/atmel/atmel toolchain/arm gcc/native/4.7.3.1029/arm-gnu-toolchain/bin/../lib/gcc/arm-none-eabi/4.7.3/../../../../arm-none-eabi/lib/armv7e-m\libc.a(lib_a-stdio.o)
__sfmoreglue                                      c:/program files (x86)/atmel/atmel toolchain/arm gcc/native/4.7.3.1029/arm-gnu-toolchain/bin/../lib/gcc/arm-none-eabi/4.7.3/../../../../arm-none-eabi/lib/armv7e-m\libc.a(lib_a-findfp.o)
__sfp                                             c:/program files (x86)/atmel/atmel toolchain/arm gcc/native/4.7.3.1029/arm-gnu-toolchain/bin/../lib/gcc/arm-none-eabi/4.7.3/../../../../arm-none-eabi/lib/armv7e-m\libc.a(lib_a-findfp.o)
__sfp_lock_acquire                                c:/program files (x86)/atmel/atmel toolchain/arm gcc/native/4.7.3.1029/arm-gnu-toolchain/bin/../lib/gcc/arm-none-eabi/4.7.3/../../../../arm-none-eabi/lib/armv7e-m\libc.a(lib_a-findfp.o)
                                                  c:/program files (x86)/atmel/atmel toolchain/arm gcc/native/4.7.3.1029/arm-gnu-toolchain/bin/../lib/gcc/arm-none-eabi/4.7.3/../../../../arm-none-eabi/lib/armv7e-m\libc.a(lib_a-fclose.o)
                                                  c:/program files (x86)/atmel/atmel toolchain/arm gcc/native/4.7.3.1029/arm-gnu-toolchain/bin/../lib/gcc/arm-none-eabi/4.7.3/../../../../arm-none-eabi/lib/armv7e-m\libc.a(lib_a-fwalk.o)
__sfp_lock_release                                c:/program files (x86)/atmel/atmel toolchain/arm gcc/native/4.7.3.1029/arm-gnu-toolchain/bin/../lib/gcc/arm-none-eabi/4.7.3/../../../../arm-none-eabi/lib/armv7e-m\libc.a(lib_a-findfp.o)
                                                  c:/program files (x86)/atmel/atmel toolchain/arm gcc/native/4.7.3.1029/arm-gnu-toolchain/bin/../lib/gcc/arm-none-eabi/4.7.3/../../../../arm-none-eabi/lib/armv7e-m\libc.a(lib_a-fclose.o)
                                                  c:/program files (x86)/atmel/atmel toolchain/arm gcc/native/4.7.3.1029/arm-gnu-toolchain/bin/../lib/gcc/arm-none-eabi/4.7.3/../../../../arm-none-eabi/lib/armv7e-m\libc.a(lib_a-fwalk.o)
__sfvwrite_r                                      c:/program files (x86)/atmel/atmel toolchain/arm gcc/native/4.7.3.1029/arm-gnu-toolchain/bin/../lib/gcc/arm-none-eabi/4.7.3/../../../../arm-none-eabi/lib/armv7e-m\libc.a(lib_a-fvwrite.o)
                                                  c:/program files (x86)/atmel/atmel toolchain/arm gcc/native/4.7.3.1029/arm-gnu-toolchain/bin/../lib/gcc/arm-none-eabi/4.7.3/../../../../arm-none-eabi/lib/armv7e-m\libc.a(lib_a-vfiprintf.o)
                                                  c:/program files (x86)/atmel/atmel toolchain/arm gcc/native/4.7.3.1029/arm-gnu-toolchain/bin/../lib/gcc/arm-none-eabi/4.7.3/../../../../arm-none-eabi/lib/armv7e-m\libc.a(lib_a-puts.o)
__sinit                                           c:/program files (x86)/atmel/atmel toolchain/arm gcc/native/4.7.3.1029/arm-gnu-toolchain/bin/../lib/gcc/arm-none-eabi/4.7.3/../../../../arm-none-eabi/lib/armv7e-m\libc.a(lib_a-findfp.o)
                                                  c:/program files (x86)/atmel/atmel toolchain/arm gcc/native/4.7.3.1029/arm-gnu-toolchain/bin/../lib/gcc/arm-none-eabi/4.7.3/../../../../arm-none-eabi/lib/armv7e-m\libc.a(lib_a-fclose.o)
                                                  c:/program files (x86)/atmel/atmel toolchain/arm gcc/native/4.7.3.1029/arm-gnu-toolchain/bin/../lib/gcc/arm-none-eabi/4.7.3/../../../../arm-none-eabi/lib/armv7e-m\libc.a(lib_a-wbuf.o)
                                                  c:/program files (x86)/atmel/atmel toolchain/arm gcc/native/4.7.3.1029/arm-gnu-toolchain/bin/../lib/gcc/arm-none-eabi/4.7.3/../../../../arm-none-eabi/lib/armv7e-m\libc.a(lib_a-fputwc.o)
                                                  c:/program files (x86)/atmel/atmel toolchain/arm gcc/native/4.7.3.1029/arm-gnu-toolchain/bin/../lib/gcc/arm-none-eabi/4.7.3/../../../../arm-none-eabi/lib/armv7e-m\libc.a(lib_a-fflush.o)
                                                  c:/program files (x86)/atmel/atmel toolchain/arm gcc/native/4.7.3.1029/arm-gnu-toolchain/bin/../lib/gcc/arm-none-eabi/4.7.3/../../../../arm-none-eabi/lib/armv7e-m\libc.a(lib_a-wsetup.o)
                                                  c:/program files (x86)/atmel/atmel toolchain/arm gcc/native/4.7.3.1029/arm-gnu-toolchain/bin/../lib/gcc/arm-none-eabi/4.7.3/../../../../arm-none-eabi/lib/armv7e-m\libc.a(lib_a-vfiprintf.o)
__sinit_lock_acquire                              c:/program files (x86)/atmel/atmel toolchain/arm gcc/native/4.7.3.1029/arm-gnu-toolchain/bin/../lib/gcc/arm-none-eabi/4.7.3/../../../../arm-none-eabi/lib/armv7e-m\libc.a(lib_a-findfp.o)
__sinit_lock_release                              c:/program files (x86)/atmel/atmel toolchain/arm gcc/native/4.7.3.1029/arm-gnu-toolchain/bin/../lib/gcc/arm-none-eabi/4.7.3/../../../../arm-none-eabi/lib/armv7e-m\libc.a(lib_a-findfp.o)
__smakebuf_r                                      c:/program files (x86)/atmel/atmel toolchain/arm gcc/native/4.7.3.1029/arm-gnu-toolchain/bin/../lib/gcc/arm-none-eabi/4.7.3/../../../../arm-none-eabi/lib/armv7e-m\libc.a(lib_a-makebuf.o)
                                                  c:/program files (x86)/atmel/atmel toolchain/arm gcc/native/4.7.3.1029/arm-gnu-toolchain/bin/../lib/gcc/arm-none-eabi/4.7.3/../../../../arm-none-eabi/lib/armv7e-m\libc.a(lib_a-wsetup.o)
__sprint_r                                        c:/program files (x86)/atmel/atmel toolchain/arm gcc/native/4.7.3.1029/arm-gnu-toolchain/bin/../lib/gcc/arm-none-eabi/4.7.3/../../../../arm-none-eabi/lib/armv7e-m\libc.a(lib_a-vfiprintf.o)
__sread                                           c:/program files (x86)/atmel/atmel toolchain/arm gcc/native/4.7.3.1029/arm-gnu-toolchain/bin/../lib/gcc/arm-none-eabi/4.7.3/../../../../arm-none-eabi/lib/armv7e-m\libc.a(lib_a-stdio.o)
                                                  c:/program files (x86)/atmel/atmel toolchain/arm gcc/native/4.7.3.1029/arm-gnu-toolchain/bin/../lib/gcc/arm-none-eabi/4.7.3/../../../../arm-none-eabi/lib/armv7e-m\libc.a(lib_a-findfp.o)
__sseek                                           c:/program files (x86)/atmel/atmel toolchain/arm gcc/native/4.7.3.1029/arm-gnu-toolchain/bin/../lib/gcc/arm-none-eabi/4.7.3/../../../../arm-none-eabi/lib/armv7e-m\libc.a(lib_a-stdio.o)
                                                  c:/program files (x86)/atmel/atmel toolchain/arm gcc/native/4.7.3.1029/arm-gnu-toolchain/bin/../lib/gcc/arm-none-eabi/4.7.3/../../../../arm-none-eabi/lib/armv7e-m\libc.a(lib_a-makebuf.o)
                                                  c:/program files (x86)/atmel/atmel toolchain/arm gcc/native/4.7.3.1029/arm-gnu-toolchain/bin/../lib/gcc/arm-none-eabi/4.7.3/../../../../arm-none-eabi/lib/armv7e-m\libc.a(lib_a-findfp.o)
__stack                                           c:/program files (x86)/atmel/atmel toolchain/arm gcc/native/4.7.3.1029/arm-gnu-toolchain/bin/../lib/gcc/arm-none-eabi/4.7.3/../../../../arm-none-eabi/lib/armv7e-m/crt0.o
__subdf3                                          c:/program files (x86)/atmel/atmel toolchain/arm gcc/native/4.7.3.1029/arm-gnu-toolchain/bin/../lib/gcc/arm-none-eabi/4.7.3/armv7e-m\libgcc.a(_arm_addsubdf3.o)
__swbuf                                           c:/program files (x86)/atmel/atmel toolchain/arm gcc/native/4.7.3.1029/arm-gnu-toolchain/bin/../lib/gcc/arm-none-eabi/4.7.3/../../../../arm-none-eabi/lib/armv7e-m\libc.a(lib_a-wbuf.o)
__swbuf_r                                         c:/program files (x86)/atmel/atmel toolchain/arm gcc/native/4.7.3.1029/arm-gnu-toolchain/bin/../lib/gcc/arm-none-eabi/4.7.3/../../../../arm-none-eabi/lib/armv7e-m\libc.a(lib_a-wbuf.o)
                                                  c:/program files (x86)/atmel/atmel toolchain/arm gcc/native/4.7.3.1029/arm-gnu-toolchain/bin/../lib/gcc/arm-none-eabi/4.7.3/../../../../arm-none-eabi/lib/armv7e-m\libc.a(lib_a-fputwc.o)
__swrite                                          c:/program files (x86)/atmel/atmel toolchain/arm gcc/native/4.7.3.1029/arm-gnu-toolchain/bin/../lib/gcc/arm-none-eabi/4.7.3/../../../../arm-none-eabi/lib/armv7e-m\libc.a(lib_a-stdio.o)
                                                  c:/program files (x86)/atmel/atmel toolchain/arm gcc/native/4.7.3.1029/arm-gnu-toolchain/bin/../lib/gcc/arm-none-eabi/4.7.3/../../../../arm-none-eabi/lib/armv7e-m\libc.a(lib_a-findfp.o)
__swsetup_r                                       c:/program files (x86)/atmel/atmel toolchain/arm gcc/native/4.7.3.1029/arm-gnu-toolchain/bin/../lib/gcc/arm-none-eabi/4.7.3/../../../../arm-none-eabi/lib/armv7e-m\libc.a(lib_a-wsetup.o)
                                                  c:/program files (x86)/atmel/atmel toolchain/arm gcc/native/4.7.3.1029/arm-gnu-toolchain/bin/../lib/gcc/arm-none-eabi/4.7.3/../../../../arm-none-eabi/lib/armv7e-m\libc.a(lib_a-wbuf.o)
                                                  c:/program files (x86)/atmel/atmel toolchain/arm gcc/native/4.7.3.1029/arm-gnu-toolchain/bin/../lib/gcc/arm-none-eabi/4.7.3/../../../../arm-none-eabi/lib/armv7e-m\libc.a(lib_a-fvwrite.o)
                                                  c:/program files (x86)/atmel/atmel toolchain/arm gcc/native/4.7.3.1029/arm-gnu-toolchain/bin/../lib/gcc/arm-none-eabi/4.7.3/../../../../arm-none-eabi/lib/armv7e-m\libc.a(lib_a-vfiprintf.o)
__udivdi3                                         c:/program files (x86)/atmel/atmel toolchain/arm gcc/native/4.7.3.1029/arm-gnu-toolchain/bin/../lib/gcc/arm-none-eabi/4.7.3/armv7e-m\libgcc.a(_udivdi3.o)
                                                  c:/program files (x86)/atmel/atmel toolchain/arm gcc/native/4.7.3.1029/arm-gnu-toolchain/bin/../lib/gcc/arm-none-eabi/4.7.3/armv7e-m\libgcc.a(bpabi.o)
__wctomb                                          c:/program files (x86)/atmel/atmel toolchain/arm gcc/native/4.7.3.1029/arm-gnu-toolchain/bin/../lib/gcc/arm-none-eabi/4.7.3/../../../../arm-none-eabi/lib/armv7e-m\libc.a(lib_a-wctomb_r.o)
                                                  c:/program files (x86)/atmel/atmel toolchain/arm gcc/native/4.7.3.1029/arm-gnu-toolchain/bin/../lib/gcc/arm-none-eabi/4.7.3/../../../../arm-none-eabi/lib/armv7e-m\libc.a(lib_a-wcrtomb.o)
_cleanup                                          c:/program files (x86)/atmel/atmel toolchain/arm gcc/native/4.7.3.1029/arm-gnu-toolchain/bin/../lib/gcc/arm-none-eabi/4.7.3/../../../../arm-none-eabi/lib/armv7e-m\libc.a(lib_a-findfp.o)
_cleanup_r                                        c:/program files (x86)/atmel/atmel toolchain/arm gcc/native/4.7.3.1029/arm-gnu-toolchain/bin/../lib/gcc/arm-none-eabi/4.7.3/../../../../arm-none-eabi/lib/armv7e-m\libc.a(lib_a-findfp.o)
                                                  c:/program files (x86)/atmel/atmel toolchain/arm gcc/native/4.7.3.1029/arm-gnu-toolchain/bin/../lib/gcc/arm-none-eabi/4.7.3/../../../../arm-none-eabi/lib/armv7e-m\libc.a(lib_a-makebuf.o)
_close                                            src/ASF/sam/utils/syscalls/gcc/syscalls.o
                                                  c:/program files (x86)/atmel/atmel toolchain/arm gcc/native/4.7.3.1029/arm-gnu-toolchain/bin/../lib/gcc/arm-none-eabi/4.7.3/../../../../arm-none-eabi/lib/armv7e-m\libc.a(lib_a-closer.o)
_close_r                                          c:/program files (x86)/atmel/atmel toolchain/arm gcc/native/4.7.3.1029/arm-gnu-toolchain/bin/../lib/gcc/arm-none-eabi/4.7.3/../../../../arm-none-eabi/lib/armv7e-m\libc.a(lib_a-closer.o)
                                                  c:/program files (x86)/atmel/atmel toolchain/arm gcc/native/4.7.3.1029/arm-gnu-toolchain/bin/../lib/gcc/arm-none-eabi/4.7.3/../../../../arm-none-eabi/lib/armv7e-m\libc.a(lib_a-stdio.o)
_end                                              src/ASF/sam/utils/syscalls/gcc/syscalls.o
_erelocate                                        src/ASF/sam/utils/cmsis/sam4s/source/templates/gcc/startup_sam4s.o
_estack                                           src/ASF/sam/utils/cmsis/sam4s/source/templates/gcc/startup_sam4s.o
_etext                                            src/ASF/sam/utils/cmsis/sam4s/source/templates/gcc/startup_sam4s.o
_exit                                             src/ASF/sam/utils/syscalls/gcc/syscalls.o
                                                  c:/program files (x86)/atmel/atmel toolchain/arm gcc/native/4.7.3.1029/arm-gnu-toolchain/bin/../lib/gcc/arm-none-eabi/4.7.3/../../../../arm-none-eabi/lib/armv7e-m\libc.a(lib_a-exit.o)
_ezero                                            src/ASF/sam/utils/cmsis/sam4s/source/templates/gcc/startup_sam4s.o
_fclose_r                                         c:/program files (x86)/atmel/atmel toolchain/arm gcc/native/4.7.3.1029/arm-gnu-toolchain/bin/../lib/gcc/arm-none-eabi/4.7.3/../../../../arm-none-eabi/lib/armv7e-m\libc.a(lib_a-fclose.o)
_fflush_r                                         c:/program files (x86)/atmel/atmel toolchain/arm gcc/native/4.7.3.1029/arm-gnu-toolchain/bin/../lib/gcc/arm-none-eabi/4.7.3/../../../../arm-none-eabi/lib/armv7e-m\libc.a(lib_a-fflush.o)
                                                  c:/program files (x86)/atmel/atmel toolchain/arm gcc/native/4.7.3.1029/arm-gnu-toolchain/bin/../lib/gcc/arm-none-eabi/4.7.3/../../../../arm-none-eabi/lib/armv7e-m\libc.a(lib_a-fclose.o)
                                                  c:/program files (x86)/atmel/atmel toolchain/arm gcc/native/4.7.3.1029/arm-gnu-toolchain/bin/../lib/gcc/arm-none-eabi/4.7.3/../../../../arm-none-eabi/lib/armv7e-m\libc.a(lib_a-wbuf.o)
                                                  c:/program files (x86)/atmel/atmel toolchain/arm gcc/native/4.7.3.1029/arm-gnu-toolchain/bin/../lib/gcc/arm-none-eabi/4.7.3/../../../../arm-none-eabi/lib/armv7e-m\libc.a(lib_a-fvwrite.o)
                                                  c:/program files (x86)/atmel/atmel toolchain/arm gcc/native/4.7.3.1029/arm-gnu-toolchain/bin/../lib/gcc/arm-none-eabi/4.7.3/../../../../arm-none-eabi/lib/armv7e-m\libc.a(lib_a-vfiprintf.o)
_fini                                             c:/program files (x86)/atmel/atmel toolchain/arm gcc/native/4.7.3.1029/arm-gnu-toolchain/bin/../lib/gcc/arm-none-eabi/4.7.3/armv7e-m/crti.o
                                                  c:/program files (x86)/atmel/atmel toolchain/arm gcc/native/4.7.3.1029/arm-gnu-toolchain/bin/../lib/gcc/arm-none-eabi/4.7.3/../../../../arm-none-eabi/lib/armv7e-m\libc.a(lib_a-fini.o)
_fputwc_r                                         c:/program files (x86)/atmel/atmel toolchain/arm gcc/native/4.7.3.1029/arm-gnu-toolchain/bin/../lib/gcc/arm-none-eabi/4.7.3/../../../../arm-none-eabi/lib/armv7e-m\libc.a(lib_a-fputwc.o)
                                                  c:/program files (x86)/atmel/atmel toolchain/arm gcc/native/4.7.3.1029/arm-gnu-toolchain/bin/../lib/gcc/arm-none-eabi/4.7.3/../../../../arm-none-eabi/lib/armv7e-m\libc.a(lib_a-vfiprintf.o)
_free_r                                           c:/program files (x86)/atmel/atmel toolchain/arm gcc/native/4.7.3.1029/arm-gnu-toolchain/bin/../lib/gcc/arm-none-eabi/4.7.3/../../../../arm-none-eabi/lib/armv7e-m\libc.a(lib_a-freer.o)
                                                  c:/program files (x86)/atmel/atmel toolchain/arm gcc/native/4.7.3.1029/arm-gnu-toolchain/bin/../lib/gcc/arm-none-eabi/4.7.3/../../../../arm-none-eabi/lib/armv7e-m\libc.a(lib_a-reent.o)
                                                  c:/program files (x86)/atmel/atmel toolchain/arm gcc/native/4.7.3.1029/arm-gnu-toolchain/bin/../lib/gcc/arm-none-eabi/4.7.3/../../../../arm-none-eabi/lib/armv7e-m\libc.a(lib_a-fclose.o)
                                                  c:/program files (x86)/atmel/atmel toolchain/arm gcc/native/4.7.3.1029/arm-gnu-toolchain/bin/../lib/gcc/arm-none-eabi/4.7.3/../../../../arm-none-eabi/lib/armv7e-m\libc.a(lib_a-reallocr.o)
                                                  c:/program files (x86)/atmel/atmel toolchain/arm gcc/native/4.7.3.1029/arm-gnu-toolchain/bin/../lib/gcc/arm-none-eabi/4.7.3/../../../../arm-none-eabi/lib/armv7e-m\libc.a(lib_a-mallocr.o)
                                                  c:/program files (x86)/atmel/atmel toolchain/arm gcc/native/4.7.3.1029/arm-gnu-toolchain/bin/../lib/gcc/arm-none-eabi/4.7.3/../../../../arm-none-eabi/lib/armv7e-m\libc.a(lib_a-fvwrite.o)
                                                  c:/program files (x86)/atmel/atmel toolchain/arm gcc/native/4.7.3.1029/arm-gnu-toolchain/bin/../lib/gcc/arm-none-eabi/4.7.3/../../../../arm-none-eabi/lib/armv7e-m\libc.a(lib_a-fflush.o)
                                                  c:/program files (x86)/atmel/atmel toolchain/arm gcc/native/4.7.3.1029/arm-gnu-toolchain/bin/../lib/gcc/arm-none-eabi/4.7.3/../../../../arm-none-eabi/lib/armv7e-m\libc.a(lib_a-wsetup.o)
_fstat                                            src/ASF/sam/utils/syscalls/gcc/syscalls.o
                                                  c:/program files (x86)/atmel/atmel toolchain/arm gcc/native/4.7.3.1029/arm-gnu-toolchain/bin/../lib/gcc/arm-none-eabi/4.7.3/../../../../arm-none-eabi/lib/armv7e-m\libc.a(lib_a-fstatr.o)
_fstat_r                                          c:/program files (x86)/atmel/atmel toolchain/arm gcc/native/4.7.3.1029/arm-gnu-toolchain/bin/../lib/gcc/arm-none-eabi/4.7.3/../../../../arm-none-eabi/lib/armv7e-m\libc.a(lib_a-fstatr.o)
                                                  c:/program files (x86)/atmel/atmel toolchain/arm gcc/native/4.7.3.1029/arm-gnu-toolchain/bin/../lib/gcc/arm-none-eabi/4.7.3/../../../../arm-none-eabi/lib/armv7e-m\libc.a(lib_a-makebuf.o)
_fwalk                                            c:/program files (x86)/atmel/atmel toolchain/arm gcc/native/4.7.3.1029/arm-gnu-toolchain/bin/../lib/gcc/arm-none-eabi/4.7.3/../../../../arm-none-eabi/lib/armv7e-m\libc.a(lib_a-fwalk.o)
                                                  c:/program files (x86)/atmel/atmel toolchain/arm gcc/native/4.7.3.1029/arm-gnu-toolchain/bin/../lib/gcc/arm-none-eabi/4.7.3/../../../../arm-none-eabi/lib/armv7e-m\libc.a(lib_a-findfp.o)
_fwalk_reent                                      c:/program files (x86)/atmel/atmel toolchain/arm gcc/native/4.7.3.1029/arm-gnu-toolchain/bin/../lib/gcc/arm-none-eabi/4.7.3/../../../../arm-none-eabi/lib/armv7e-m\libc.a(lib_a-fwalk.o)
                                                  c:/program files (x86)/atmel/atmel toolchain/arm gcc/native/4.7.3.1029/arm-gnu-toolchain/bin/../lib/gcc/arm-none-eabi/4.7.3/../../../../arm-none-eabi/lib/armv7e-m\libc.a(lib_a-fflush.o)
_getpid                                           src/ASF/sam/utils/syscalls/gcc/syscalls.o
_global_impure_ptr                                c:/program files (x86)/atmel/atmel toolchain/arm gcc/native/4.7.3.1029/arm-gnu-toolchain/bin/../lib/gcc/arm-none-eabi/4.7.3/../../../../arm-none-eabi/lib/armv7e-m\libc.a(lib_a-impure.o)