Archive member included because of file (symbol)

c:/program files (x86)/atmel/atmel toolchain/arm gcc/native/4.7.3.1029/arm-gnu-toolchain/bin/../lib/gcc/arm-none-eabi/4.7.3/../../../../arm-none-eabi/lib/armv7e-m\libc.a(lib_a-__atexit.o)
                              c:/program files (x86)/atmel/atmel toolchain/arm gcc/native/4.7.3.1029/arm-gnu-toolchain/bin/../lib/gcc/arm-none-eabi/4.7.3/../../../../arm-none-eabi/lib/armv7e-m/crt0.o (__register_exitproc)
c:/program files (x86)/atmel/atmel toolchain/arm gcc/native/4.7.3.1029/arm-gnu-toolchain/bin/../lib/gcc/arm-none-eabi/4.7.3/../../../../arm-none-eabi/lib/armv7e-m\libc.a(lib_a-exit.o)
                              c:/program files (x86)/atmel/atmel toolchain/arm gcc/native/4.7.3.1029/arm-gnu-toolchain/bin/../lib/gcc/arm-none-eabi/4.7.3/../../../../arm-none-eabi/lib/armv7e-m/crt0.o (exit)
c:/program files (x86)/atmel/atmel toolchain/arm gcc/native/4.7.3.1029/arm-gnu-toolchain/bin/../lib/gcc/arm-none-eabi/4.7.3/../../../../arm-none-eabi/lib/armv7e-m\libc.a(lib_a-fini.o)
                              c:/program files (x86)/atmel/atmel toolchain/arm gcc/native/4.7.3.1029/arm-gnu-toolchain/bin/../lib/gcc/arm-none-eabi/4.7.3/../../../../arm-none-eabi/lib/armv7e-m/crt0.o (__libc_fini_array)
c:/program files (x86)/atmel/atmel toolchain/arm gcc/native/4.7.3.1029/arm-gnu-toolchain/bin/../lib/gcc/arm-none-eabi/4.7.3/../../../../arm-none-eabi/lib/armv7e-m\libc.a(lib_a-impure.o)
                              c:/program files (x86)/atmel/atmel toolchain/arm gcc/native/4.7.3.1029/arm-gnu-toolchain/bin/../lib/gcc/arm-none-eabi/4.7.3/../../../../arm-none-eabi/lib/armv7e-m\libc.a(lib_a-__atexit.o) (_global_impure_ptr)
c:/program files (x86)/atmel/atmel toolchain/arm gcc/native/4.7.3.1029/arm-gnu-toolchain/bin/../lib/gcc/arm-none-eabi/4.7.3/../../../../arm-none-eabi/lib/armv7e-m\libc.a(lib_a-init.o)
                              c:/program files (x86)/atmel/atmel toolchain/arm gcc/native/4.7.3.1029/arm-gnu-toolchain/bin/../lib/gcc/arm-none-eabi/4.7.3/../../../../arm-none-eabi/lib/armv7e-m/crt0.o (__libc_init_array)
c:/program files (x86)/atmel/atmel toolchain/arm gcc/native/4.7.3.1029/arm-gnu-toolchain/bin/../lib/gcc/arm-none-eabi/4.7.3/../../../../arm-none-eabi/lib/armv7e-m\libc.a(lib_a-memcmp.o)
                              src/asf/thirdparty/FreeRTOS/tasks.o (memcmp)
c:/program files (x86)/atmel/atmel toolchain/arm gcc/native/4.7.3.1029/arm-gnu-toolchain/bin/../lib/gcc/arm-none-eabi/4.7.3/../../../../arm-none-eabi/lib/armv7e-m\libc.a(lib_a-memcpy.o)
                              src/asf/thirdparty/FreeRTOS/queue.o (memcpy)
c:/program files (x86)/atmel/atmel toolchain/arm gcc/native/4.7.3.1029/arm-gnu-toolchain/bin/../lib/gcc/arm-none-eabi/4.7.3/../../../../arm-none-eabi/lib/armv7e-m\libc.a(lib_a-memset.o)
                              c:/program files (x86)/atmel/atmel toolchain/arm gcc/native/4.7.3.1029/arm-gnu-toolchain/bin/../lib/gcc/arm-none-eabi/4.7.3/../../../../arm-none-eabi/lib/armv7e-m/crt0.o (memset)
c:/program files (x86)/atmel/atmel toolchain/arm gcc/native/4.7.3.1029/arm-gnu-toolchain/bin/../lib/gcc/arm-none-eabi/4.7.3/../../../../arm-none-eabi/lib/armv7e-m\libc.a(lib_a-__call_atexit.o)
                              c:/program files (x86)/atmel/atmel toolchain/arm gcc/native/4.7.3.1029/arm-gnu-toolchain/bin/../lib/gcc/arm-none-eabi/4.7.3/../../../../arm-none-eabi/lib/armv7e-m\libc.a(lib_a-exit.o) (__call_exitprocs)
c:/program files (x86)/atmel/atmel toolchain/arm gcc/native/4.7.3.1029/arm-gnu-toolchain/bin/../lib/gcc/arm-none-eabi/4.7.3/../../../../arm-none-eabi/lib/armv7e-m\libc.a(lib_a-atexit.o)
                              c:/program files (x86)/atmel/atmel toolchain/arm gcc/native/4.7.3.1029/arm-gnu-toolchain/bin/../lib/gcc/arm-none-eabi/4.7.3/../../../../arm-none-eabi/lib/armv7e-m\libc.a(lib_a-__call_atexit.o) (atexit)

Allocating common symbols
Common symbol       size              file

xQueueSetSendingTask
                    0x4               src/Common-Demo-Source/QueueSet.o
xCreatedTask        0x4               src/Common-Demo-Source/death.o
xQueueSetReceivingTask
                    0x4               src/Common-Demo-Source/QueueSet.o
xSuspendedTestQueue
                    0x4               src/Common-Demo-Source/dynamic.o

Discarded input sections

 .text          0x00000000        0x0 c:/program files (x86)/atmel/atmel toolchain/arm gcc/native/4.7.3.1029/arm-gnu-toolchain/bin/../lib/gcc/arm-none-eabi/4.7.3/armv7e-m/crti.o
 .data          0x00000000        0x0 c:/program files (x86)/atmel/atmel toolchain/arm gcc/native/4.7.3.1029/arm-gnu-toolchain/bin/../lib/gcc/arm-none-eabi/4.7.3/armv7e-m/crti.o
 .bss           0x00000000        0x0 c:/program files (x86)/atmel/atmel toolchain/arm gcc/native/4.7.3.1029/arm-gnu-toolchain/bin/../lib/gcc/arm-none-eabi/4.7.3/armv7e-m/crti.o
[...]
Memory Configuration

Name             Origin             Length             Attributes
rom              0x00400000         0x00100000         xr
ram              0x20000000         0x00020000         xrw
*default*        0x00000000         0xffffffff

Linker script and memory map

LOAD c:/program files (x86)/atmel/atmel toolchain/arm gcc/native/4.7.3.1029/arm-gnu-toolchain/bin/../lib/gcc/arm-none-eabi/4.7.3/armv7e-m/crti.o
LOAD c:/program files (x86)/atmel/atmel toolchain/arm gcc/native/4.7.3.1029/arm-gnu-toolchain/bin/../lib/gcc/arm-none-eabi/4.7.3/armv7e-m/crtbegin.o
LOAD c:/program files (x86)/atmel/atmel toolchain/arm gcc/native/4.7.3.1029/arm-gnu-toolchain/bin/../lib/gcc/arm-none-eabi/4.7.3/../../../../arm-none-eabi/lib/armv7e-m/crt0.o
LOAD src/asf/sam/drivers/usart/usart.o
LOAD src/asf/thirdparty/FreeRTOS/portable/MemMang/heap_4.o
LOAD src/Common-Demo-Source/QueueSet.o
LOAD src/serial.o
LOAD src/asf/common/services/clock/sam4s/sysclk.o
LOAD src/asf/common/utils/interrupt/interrupt_sam_nvic.o
LOAD src/asf/sam/boards/sam4s_ek/init.o
LOAD src/asf/sam/drivers/pio/pio.o
LOAD src/asf/sam/drivers/pio/pio_handler.o
LOAD src/asf/sam/drivers/pmc/pmc.o
LOAD src/asf/sam/utils/cmsis/sam4s/source/templates/exceptions.o
LOAD src/asf/sam/utils/cmsis/sam4s/source/templates/gcc/startup_sam4s.o
LOAD src/asf/sam/utils/cmsis/sam4s/source/templates/system_sam4s.o
LOAD src/asf/thirdparty/FreeRTOS/list.o
LOAD src/asf/thirdparty/FreeRTOS/portable/GCC/ARM_CM3/port.o
LOAD src/asf/thirdparty/FreeRTOS/queue.o
LOAD src/asf/thirdparty/FreeRTOS/tasks.o
LOAD src/asf/thirdparty/FreeRTOS/timers.o
LOAD src/Common-Demo-Source/BlockQ.o
LOAD src/Common-Demo-Source/blocktim.o
LOAD src/Common-Demo-Source/comtest.o
LOAD src/Common-Demo-Source/countsem.o
LOAD src/Common-Demo-Source/death.o
LOAD src/Common-Demo-Source/dynamic.o
LOAD src/Common-Demo-Source/flash_timer.o
LOAD src/Common-Demo-Source/GenQTest.o
LOAD src/Common-Demo-Source/integer.o
LOAD src/Common-Demo-Source/PollQ.o
LOAD src/Common-Demo-Source/recmutex.o
LOAD src/Common-Demo-Source/semtest.o
LOAD src/main.o
LOAD src/main_blinky.o
LOAD src/main_full.o
LOAD src/ParTest.o
START GROUP
END GROUP
START GROUP
LOAD c:/program files (x86)/atmel/atmel toolchain/arm gcc/native/4.7.3.1029/arm-gnu-toolchain/bin/../lib/gcc/arm-none-eabi/4.7.3/armv7e-m\libgcc.a
LOAD c:/program files (x86)/atmel/atmel toolchain/arm gcc/native/4.7.3.1029/arm-gnu-toolchain/bin/../lib/gcc/arm-none-eabi/4.7.3/../../../../arm-none-eabi/lib/armv7e-m\libc.a
END GROUP
LOAD c:/program files (x86)/atmel/atmel toolchain/arm gcc/native/4.7.3.1029/arm-gnu-toolchain/bin/../lib/gcc/arm-none-eabi/4.7.3/armv7e-m/crtend.o
LOAD c:/program files (x86)/atmel/atmel toolchain/arm gcc/native/4.7.3.1029/arm-gnu-toolchain/bin/../lib/gcc/arm-none-eabi/4.7.3/armv7e-m/crtn.o
                0x00003000                STACK_SIZE = 0x3000

.text           0x00400000     0x9828
                0x00400000                . = ALIGN (0x4)
                0x00400000                _sfixed = .
 *(.vectors .vectors.*)
 .vectors       0x00400000       0xd0 src/asf/sam/utils/cmsis/sam4s/source/templates/gcc/startup_sam4s.o
                0x00400000                exception_table
 *(.text .text.* .gnu.linkonce.t.*)
 .text          0x004000d0       0xb0 c:/program files (x86)/atmel/atmel toolchain/arm gcc/native/4.7.3.1029/arm-gnu-toolchain/bin/../lib/gcc/arm-none-eabi/4.7.3/armv7e-m/crtbegin.o
 .text.usart_set_async_baudrate
                0x00400180       0xa0 src/asf/sam/drivers/usart/usart.o
 .text.usart_reset
                0x00400220       0x70 src/asf/sam/drivers/usart/usart.o
                0x00400220                usart_reset
 .text.usart_init_rs232
                0x00400290       0xb0 src/asf/sam/drivers/usart/usart.o
                0x00400290                usart_init_rs232
 .text.usart_enable_tx
                0x00400340       0x1c src/asf/sam/drivers/usart/usart.o
                0x00400340                usart_enable_tx
 .text.usart_reset_tx
                0x0040035c       0x1c src/asf/sam/drivers/usart/usart.o
                0x0040035c                usart_reset_tx
 .text.usart_enable_rx
                0x00400378       0x1c src/asf/sam/drivers/usart/usart.o
                0x00400378                usart_enable_rx
 .text.usart_reset_rx
                0x00400394       0x1c src/asf/sam/drivers/usart/usart.o
                0x00400394                usart_reset_rx
 .text.usart_enable_interrupt
                0x004003b0       0x1c src/asf/sam/drivers/usart/usart.o
                0x004003b0                usart_enable_interrupt
 .text.usart_disable_interrupt
                0x004003cc       0x1c src/asf/sam/drivers/usart/usart.o
                0x004003cc                usart_disable_interrupt
 .text.usart_get_interrupt_mask
                0x004003e8       0x18 src/asf/sam/drivers/usart/usart.o
                0x004003e8                usart_get_interrupt_mask
 .text.usart_get_status
                0x00400400       0x18 src/asf/sam/drivers/usart/usart.o
                0x00400400                usart_get_status
 .text.usart_reset_status
                0x00400418       0x1c src/asf/sam/drivers/usart/usart.o
                0x00400418                usart_reset_status
 .text.usart_drive_DTR_pin_high
                0x00400434       0x1c src/asf/sam/drivers/usart/usart.o
                0x00400434                usart_drive_DTR_pin_high
 .text.usart_drive_RTS_pin_high
                0x00400450       0x1c src/asf/sam/drivers/usart/usart.o
                0x00400450                usart_drive_RTS_pin_high
 .text.usart_putchar
                0x0040046c       0x5c src/asf/sam/drivers/usart/usart.o
                0x0040046c                usart_putchar
 .text.usart_getchar
                0x004004c8       0x5c src/asf/sam/drivers/usart/usart.o
                0x004004c8                usart_getchar
 .text.usart_disable_writeprotect
                0x00400524       0x20 src/asf/sam/drivers/usart/usart.o
                0x00400524                usart_disable_writeprotect
 .text.pvPortMalloc
                0x00400544      0x180 src/asf/thirdparty/FreeRTOS/portable/MemMang/heap_4.o
                0x00400544                pvPortMalloc
 .text.vPortFree
                0x004006c4       0xd4 src/asf/thirdparty/FreeRTOS/portable/MemMang/heap_4.o
                0x004006c4                vPortFree
 .text.prvHeapInit
                0x00400798       0xfc src/asf/thirdparty/FreeRTOS/portable/MemMang/heap_4.o
 .text.prvInsertBlockIntoFreeList
                0x00400894       0xbc src/asf/thirdparty/FreeRTOS/portable/MemMang/heap_4.o
 .text.vStartQueueSetTasks
                0x00400950       0xa8 src/Common-Demo-Source/QueueSet.o
                0x00400950                vStartQueueSetTasks
 .text.xAreQueueSetTasksStillRunning
                0x004009f8       0xec src/Common-Demo-Source/QueueSet.o
                0x004009f8                xAreQueueSetTasksStillRunning
 .text.prvQueueSetSendingTask
                0x00400ae4       0xc8 src/Common-Demo-Source/QueueSet.o
 .text.prvChangeRelativePriorities
                0x00400bac       0xf8 src/Common-Demo-Source/QueueSet.o
 .text.prvQueueSetReceivingTask
                0x00400ca4       0xd4 src/Common-Demo-Source/QueueSet.o
 .text.vQueueSetAccessQueueSetFromISR
                0x00400d78       0x5c src/Common-Demo-Source/QueueSet.o
                0x00400d78                vQueueSetAccessQueueSetFromISR
 .text.prvCheckReceivedValue
                0x00400dd4      0x140 src/Common-Demo-Source/QueueSet.o
 .text.prvCheckReceivedValueWithinExpectedRange
                0x00400f14       0x74 src/Common-Demo-Source/QueueSet.o
 .text.prvReceiveFromQueueInSetFromISR
                0x00400f88       0x64 src/Common-Demo-Source/QueueSet.o
 .text.prvSendToQueueInSetFromISR
                0x00400fec       0xa8 src/Common-Demo-Source/QueueSet.o
 .text.prvSetupTest
                0x00401094      0x264 src/Common-Demo-Source/QueueSet.o
 .text.prvRand  0x004012f8       0x4c src/Common-Demo-Source/QueueSet.o
 .text.prvSRand
                0x00401344       0x20 src/Common-Demo-Source/QueueSet.o
 .text.NVIC_EnableIRQ
                0x00401364       0x38 src/serial.o
 .text.NVIC_SetPriority
                0x0040139c       0x5c src/serial.o
 .text.osc_get_rate
                0x004013f8       0x88 src/serial.o
 .text.sysclk_get_main_hz
                0x00401480       0x24 src/serial.o
 .text.sysclk_get_cpu_hz
                0x004014a4       0x18 src/serial.o
 .text.xSerialPortInitMinimal
                0x004014bc      0x160 src/serial.o
                0x004014bc                xSerialPortInitMinimal
 .text.xSerialGetChar
                0x0040161c       0x44 src/serial.o
                0x0040161c                xSerialGetChar
 .text.xSerialPutChar
                0x00401660       0x68 src/serial.o
                0x00401660                xSerialPutChar
 .text.USART1_Handler
                0x004016c8      0x108 src/serial.o
                0x004016c8                USART1_Handler
 .text.osc_enable
                0x004017d0       0xac src/asf/common/services/clock/sam4s/sysclk.o
 .text.osc_is_ready
                0x0040187c       0x78 src/asf/common/services/clock/sam4s/sysclk.o
 .text.osc_get_rate
                0x004018f4       0x88 src/asf/common/services/clock/sam4s/sysclk.o
 .text.osc_wait_ready
                0x0040197c       0x30 src/asf/common/services/clock/sam4s/sysclk.o
 .text.pll_config_init
                0x004019ac       0x5c src/asf/common/services/clock/sam4s/sysclk.o
 .text.pll_enable
                0x00401a08       0x50 src/asf/common/services/clock/sam4s/sysclk.o
 .text.pll_is_locked
                0x00401a58       0x34 src/asf/common/services/clock/sam4s/sysclk.o
 .text.pll_enable_source
                0x00401a8c       0x3c src/asf/common/services/clock/sam4s/sysclk.o
 .text.pll_wait_for_lock
                0x00401ac8       0x2c src/asf/common/services/clock/sam4s/sysclk.o
 .text.sysclk_get_main_hz
                0x00401af4       0x24 src/asf/common/services/clock/sam4s/sysclk.o
 .text.sysclk_get_cpu_hz
                0x00401b18       0x18 src/asf/common/services/clock/sam4s/sysclk.o
 .text.sysclk_init
                0x00401b30       0x8c src/asf/common/services/clock/sam4s/sysclk.o
                0x00401b30                sysclk_init
 .text.board_init
                0x00401bbc       0xa8 src/asf/sam/boards/sam4s_ek/init.o
                0x00401bbc                board_init
 .text.pio_pull_up
                0x00401c64       0x2c src/asf/sam/drivers/pio/pio.o
                0x00401c64                pio_pull_up
 .text.pio_set_peripheral
                0x00401c90      0x118 src/asf/sam/drivers/pio/pio.o
                0x00401c90                pio_set_peripheral
 .text.pio_set_input
                0x00401da8       0x84 src/asf/sam/drivers/pio/pio.o
                0x00401da8                pio_set_input
 .text.pio_set_output
                0x00401e2c       0x68 src/asf/sam/drivers/pio/pio.o
                0x00401e2c                pio_set_output
 .text.pio_disable_interrupt
                0x00401e94       0x1c src/asf/sam/drivers/pio/pio.o
                0x00401e94                pio_disable_interrupt
 .text.pio_get_interrupt_status
                0x00401eb0       0x18 src/asf/sam/drivers/pio/pio.o
                0x00401eb0                pio_get_interrupt_status
 .text.pio_get_interrupt_mask
                0x00401ec8       0x18 src/asf/sam/drivers/pio/pio.o
                0x00401ec8                pio_get_interrupt_mask
 .text.pio_set_pin_high
                0x00401ee0       0x3c src/asf/sam/drivers/pio/pio.o
                0x00401ee0                pio_set_pin_high
 .text.pio_set_pin_low
                0x00401f1c       0x3c src/asf/sam/drivers/pio/pio.o
                0x00401f1c                pio_set_pin_low
 .text.pio_toggle_pin
                0x00401f58       0x68 src/asf/sam/drivers/pio/pio.o
                0x00401f58                pio_toggle_pin
 .text.pio_configure_pin
                0x00401fc0      0x1fc src/asf/sam/drivers/pio/pio.o
                0x00401fc0                pio_configure_pin
 .text.pio_handler_process
                0x004021bc       0xec src/asf/sam/drivers/pio/pio_handler.o
                0x004021bc                pio_handler_process
 .text.PIOA_Handler
                0x004022a8       0x1c src/asf/sam/drivers/pio/pio_handler.o
                0x004022a8                PIOA_Handler
 .text.PIOB_Handler
                0x004022c4       0x1c src/asf/sam/drivers/pio/pio_handler.o
                0x004022c4                PIOB_Handler
 .text.PIOC_Handler
                0x004022e0       0x1c src/asf/sam/drivers/pio/pio_handler.o
                0x004022e0                PIOC_Handler
 .text.pmc_switch_mck_to_pllack
                0x004022fc       0xac src/asf/sam/drivers/pmc/pmc.o
                0x004022fc                pmc_switch_mck_to_pllack
 .text.pmc_switch_sclk_to_32kxtal
                0x004023a8       0x50 src/asf/sam/drivers/pmc/pmc.o
                0x004023a8                pmc_switch_sclk_to_32kxtal
 .text.pmc_osc_is_ready_32kxtal
                0x004023f8       0x3c src/asf/sam/drivers/pmc/pmc.o
                0x004023f8                pmc_osc_is_ready_32kxtal
 .text.pmc_switch_mainck_to_fastrc
                0x00402434       0xe0 src/asf/sam/drivers/pmc/pmc.o
                0x00402434                pmc_switch_mainck_to_fastrc
 .text.pmc_switch_mainck_to_xtal
                0x00402514       0x9c src/asf/sam/drivers/pmc/pmc.o
                0x00402514                pmc_switch_mainck_to_xtal
 .text.pmc_osc_is_ready_mainck
                0x004025b0       0x1c src/asf/sam/drivers/pmc/pmc.o
                0x004025b0                pmc_osc_is_ready_mainck
 .text.pmc_disable_pllack
                0x004025cc       0x18 src/asf/sam/drivers/pmc/pmc.o
                0x004025cc                pmc_disable_pllack
 .text.pmc_is_locked_pllack
                0x004025e4       0x1c src/asf/sam/drivers/pmc/pmc.o
                0x004025e4                pmc_is_locked_pllack
 .text.pmc_disable_pllbck
                0x00402600       0x18 src/asf/sam/drivers/pmc/pmc.o
                0x00402600                pmc_disable_pllbck
 .text.pmc_is_locked_pllbck
                0x00402618       0x1c src/asf/sam/drivers/pmc/pmc.o
                0x00402618                pmc_is_locked_pllbck
 .text.pmc_enable_periph_clk
                0x00402634       0xa8 src/asf/sam/drivers/pmc/pmc.o
                0x00402634                pmc_enable_periph_clk
 .text.Dummy_Handler
                0x004026dc        0x8 src/asf/sam/utils/cmsis/sam4s/source/templates/exceptions.o
                0x004026dc                DACC_Handler
                0x004026dc                DebugMon_Handler
                0x004026dc                HardFault_Handler
                0x004026dc                TC2_Handler
                0x004026dc                SPI_Handler
                0x004026dc                TWI1_Handler
                0x004026dc                NMI_Handler
                0x004026dc                ADC_Handler
                0x004026dc                SMC_Handler
                0x004026dc                CRCCU_Handler
                0x004026dc                USART0_Handler
                0x004026dc                RTT_Handler
                0x004026dc                RTC_Handler
                0x004026dc                UsageFault_Handler
                0x004026dc                WDT_Handler
                0x004026dc                TC4_Handler
                0x004026dc                TC1_Handler
                0x004026dc                HSMCI_Handler
                0x004026dc                UART1_Handler
                0x004026dc                TC3_Handler
                0x004026dc                Dummy_Handler
                0x004026dc                TWI0_Handler
                0x004026dc                SSC_Handler
                0x004026dc                ACC_Handler
                0x004026dc                PMC_Handler
                0x004026dc                PWM_Handler
                0x004026dc                MemManage_Handler
                0x004026dc                SUPC_Handler
                0x004026dc                EFC_Handler
                0x004026dc                UART0_Handler
                0x004026dc                UDP_Handler
                0x004026dc                BusFault_Handler
                0x004026dc                RSTC_Handler
                0x004026dc                TC0_Handler
                0x004026dc                TC5_Handler
 .text.Reset_Handler
                0x004026e4       0xd4 src/asf/sam/utils/cmsis/sam4s/source/templates/gcc/startup_sam4s.o
                0x004026e4                Reset_Handler
 .text.SystemCoreClockUpdate
                0x004027b8      0x2b4 src/asf/sam/utils/cmsis/sam4s/source/templates/system_sam4s.o
                0x004027b8                SystemCoreClockUpdate
 .text.system_init_flash
                0x00402a6c       0x98 src/asf/sam/utils/cmsis/sam4s/source/templates/system_sam4s.o
                0x00402a6c                system_init_flash
 .text.vListInitialise
                0x00402b04       0x40 src/asf/thirdparty/FreeRTOS/list.o
                0x00402b04                vListInitialise
 .text.vListInitialiseItem
                0x00402b44       0x1c src/asf/thirdparty/FreeRTOS/list.o
                0x00402b44                vListInitialiseItem
 .text.vListInsertEnd
                0x00402b60       0x48 src/asf/thirdparty/FreeRTOS/list.o
                0x00402b60                vListInsertEnd
 .text.vListInsert
                0x00402ba8       0x74 src/asf/thirdparty/FreeRTOS/list.o
                0x00402ba8                vListInsert
 .text.uxListRemove
                0x00402c1c       0x58 src/asf/thirdparty/FreeRTOS/list.o
                0x00402c1c                uxListRemove
 .text.pxPortInitialiseStack
                0x00402c74       0x64 src/asf/thirdparty/FreeRTOS/portable/GCC/ARM_CM3/port.o
                0x00402c74                pxPortInitialiseStack
 .text.prvTaskExitError
                0x00402cd8       0x2c src/asf/thirdparty/FreeRTOS/portable/GCC/ARM_CM3/port.o
 .text.SVC_Handler
                0x00402d04       0x20 src/asf/thirdparty/FreeRTOS/portable/GCC/ARM_CM3/port.o
                0x00402d04                SVC_Handler
 .text.prvPortStartFirstTask
                0x00402d24       0x14 src/asf/thirdparty/FreeRTOS/portable/GCC/ARM_CM3/port.o
 .text.xPortStartScheduler
                0x00402d38      0x120 src/asf/thirdparty/FreeRTOS/portable/GCC/ARM_CM3/port.o
                0x00402d38                xPortStartScheduler
 .text.vPortYield
                0x00402e58       0x20 src/asf/thirdparty/FreeRTOS/portable/GCC/ARM_CM3/port.o
                0x00402e58                vPortYield
 .text.vPortEnterCritical
                0x00402e78       0x30 src/asf/thirdparty/FreeRTOS/portable/GCC/ARM_CM3/port.o
                0x00402e78                vPortEnterCritical
 .text.vPortExitCritical
                0x00402ea8       0x3c src/asf/thirdparty/FreeRTOS/portable/GCC/ARM_CM3/port.o
                0x00402ea8                vPortExitCritical
 .text.ulPortSetInterruptMask
                0x00402ee4       0x14 src/asf/thirdparty/FreeRTOS/portable/GCC/ARM_CM3/port.o
                0x00402ee4                ulPortSetInterruptMask
 .text.vPortClearInterruptMask
                0x00402ef8        0x8 src/asf/thirdparty/FreeRTOS/portable/GCC/ARM_CM3/port.o
                0x00402ef8                vPortClearInterruptMask
 .text.PendSV_Handler
                0x00402f00       0x3c src/asf/thirdparty/FreeRTOS/portable/GCC/ARM_CM3/port.o
                0x00402f00                PendSV_Handler
 .text.SysTick_Handler
                0x00402f3c       0x3c src/asf/thirdparty/FreeRTOS/portable/GCC/ARM_CM3/port.o
                0x00402f3c                SysTick_Handler
 .text.vPortSetupTimerInterrupt
                0x00402f78       0x40 src/asf/thirdparty/FreeRTOS/portable/GCC/ARM_CM3/port.o
                0x00402f78                vPortSetupTimerInterrupt
 .text.vPortValidateInterruptPriority
                0x00402fb8       0x70 src/asf/thirdparty/FreeRTOS/portable/GCC/ARM_CM3/port.o
                0x00402fb8                vPortValidateInterruptPriority
 .text.xQueueGenericReset
                0x00403028       0xe8 src/asf/thirdparty/FreeRTOS/queue.o
                0x00403028                xQueueGenericReset
 .text.xQueueGenericCreate
                0x00403110       0xac src/asf/thirdparty/FreeRTOS/queue.o
                0x00403110                xQueueGenericCreate
 .text.xQueueCreateMutex
                0x004031bc       0xcc src/asf/thirdparty/FreeRTOS/queue.o
                0x004031bc                xQueueCreateMutex
 .text.xQueueGiveMutexRecursive
                0x00403288       0x78 src/asf/thirdparty/FreeRTOS/queue.o
                0x00403288                xQueueGiveMutexRecursive
 .text.xQueueTakeMutexRecursive
                0x00403300       0x80 src/asf/thirdparty/FreeRTOS/queue.o
                0x00403300                xQueueTakeMutexRecursive
 .text.xQueueCreateCountingSemaphore
                0x00403380       0x70 src/asf/thirdparty/FreeRTOS/queue.o
                0x00403380                xQueueCreateCountingSemaphore
 .text.xQueueGenericSend
                0x004033f0      0x234 src/asf/thirdparty/FreeRTOS/queue.o
                0x004033f0                xQueueGenericSend
 .text.xQueueGenericSendFromISR
                0x00403624      0x144 src/asf/thirdparty/FreeRTOS/queue.o
                0x00403624                xQueueGenericSendFromISR
 .text.xQueueGenericReceive
                0x00403768      0x264 src/asf/thirdparty/FreeRTOS/queue.o
                0x00403768                xQueueGenericReceive
 .text.xQueueReceiveFromISR
                0x004039cc       0xf0 src/asf/thirdparty/FreeRTOS/queue.o
                0x004039cc                xQueueReceiveFromISR
 .text.uxQueueMessagesWaiting
                0x00403abc       0x40 src/asf/thirdparty/FreeRTOS/queue.o
                0x00403abc                uxQueueMessagesWaiting
 .text.prvCopyDataToQueue
                0x00403afc       0xf0 src/asf/thirdparty/FreeRTOS/queue.o
 .text.prvCopyDataFromQueue
                0x00403bec       0x54 src/asf/thirdparty/FreeRTOS/queue.o
 .text.prvUnlockQueue
                0x00403c40       0xfc src/asf/thirdparty/FreeRTOS/queue.o
 .text.prvIsQueueEmpty
                0x00403d3c       0x40 src/asf/thirdparty/FreeRTOS/queue.o
 .text.prvIsQueueFull
                0x00403d7c       0x44 src/asf/thirdparty/FreeRTOS/queue.o
 .text.vQueueWaitForMessageRestricted
                0x00403dc0       0x78 src/asf/thirdparty/FreeRTOS/queue.o
                0x00403dc0                vQueueWaitForMessageRestricted
 .text.xQueueCreateSet
                0x00403e38       0x2c src/asf/thirdparty/FreeRTOS/queue.o
                0x00403e38                xQueueCreateSet
 .text.xQueueAddToSet
                0x00403e64       0x58 src/asf/thirdparty/FreeRTOS/queue.o
                0x00403e64                xQueueAddToSet
 .text.xQueueRemoveFromSet
                0x00403ebc       0x60 src/asf/thirdparty/FreeRTOS/queue.o
                0x00403ebc                xQueueRemoveFromSet
 .text.xQueueSelectFromSet
                0x00403f1c       0x34 src/asf/thirdparty/FreeRTOS/queue.o
                0x00403f1c                xQueueSelectFromSet
 .text.xQueueSelectFromSetFromISR
                0x00403f50       0x30 src/asf/thirdparty/FreeRTOS/queue.o
                0x00403f50                xQueueSelectFromSetFromISR
 .text.prvNotifyQueueSetContainer
                0x00403f80       0x94 src/asf/thirdparty/FreeRTOS/queue.o
 .text.xTaskGenericCreate
                0x00404014      0x1f4 src/asf/thirdparty/FreeRTOS/tasks.o
                0x00404014                xTaskGenericCreate
 .text.vTaskDelete
                0x00404208      0x124 src/asf/thirdparty/FreeRTOS/tasks.o
                0x00404208                vTaskDelete
 .text.vTaskDelay
                0x0040432c       0xac src/asf/thirdparty/FreeRTOS/tasks.o
                0x0040432c                vTaskDelay
 .text.uxTaskPriorityGet
                0x004043d8       0x44 src/asf/thirdparty/FreeRTOS/tasks.o
                0x004043d8                uxTaskPriorityGet
 .text.vTaskPrioritySet
                0x0040441c      0x1ac src/asf/thirdparty/FreeRTOS/tasks.o
                0x0040441c                vTaskPrioritySet
 .text.vTaskSuspend
                0x004045c8      0x128 src/asf/thirdparty/FreeRTOS/tasks.o
                0x004045c8                vTaskSuspend
 .text.xTaskIsTaskSuspended
                0x004046f0       0x7c src/asf/thirdparty/FreeRTOS/tasks.o
                0x004046f0                xTaskIsTaskSuspended
 .text.vTaskResume
                0x0040476c       0xe4 src/asf/thirdparty/FreeRTOS/tasks.o
                0x0040476c                vTaskResume
 .text.vTaskStartScheduler
                0x00404850       0xa8 src/asf/thirdparty/FreeRTOS/tasks.o
                0x00404850                vTaskStartScheduler
 .text.vTaskSuspendAll
                0x004048f8       0x24 src/asf/thirdparty/FreeRTOS/tasks.o
                0x004048f8                vTaskSuspendAll
 .text.xTaskResumeAll
                0x0040491c      0x1a4 src/asf/thirdparty/FreeRTOS/tasks.o
                0x0040491c                xTaskResumeAll
 .text.xTaskGetTickCount
                0x00404ac0       0x34 src/asf/thirdparty/FreeRTOS/tasks.o
                0x00404ac0                xTaskGetTickCount
 .text.uxTaskGetNumberOfTasks
                0x00404af4       0x18 src/asf/thirdparty/FreeRTOS/tasks.o
                0x00404af4                uxTaskGetNumberOfTasks
 .text.xTaskIncrementTick
                0x00404b0c      0x284 src/asf/thirdparty/FreeRTOS/tasks.o
                0x00404b0c                xTaskIncrementTick
 .text.vTaskSwitchContext
                0x00404d90      0x160 src/asf/thirdparty/FreeRTOS/tasks.o
                0x00404d90                vTaskSwitchContext
 .text.vTaskPlaceOnEventList
                0x00404ef0       0xd8 src/asf/thirdparty/FreeRTOS/tasks.o
                0x00404ef0                vTaskPlaceOnEventList
 .text.vTaskPlaceOnEventListRestricted
                0x00404fc8       0xac src/asf/thirdparty/FreeRTOS/tasks.o
                0x00404fc8                vTaskPlaceOnEventListRestricted
 .text.xTaskRemoveFromEventList
                0x00405074       0xfc src/asf/thirdparty/FreeRTOS/tasks.o
                0x00405074                xTaskRemoveFromEventList
 .text.vTaskSetTimeOutState
                0x00405170       0x40 src/asf/thirdparty/FreeRTOS/tasks.o
                0x00405170                vTaskSetTimeOutState
 .text.xTaskCheckForTimeOut
                0x004051b0       0xcc src/asf/thirdparty/FreeRTOS/tasks.o
                0x004051b0                xTaskCheckForTimeOut
 .text.vTaskMissedYield
                0x0040527c       0x18 src/asf/thirdparty/FreeRTOS/tasks.o
                0x0040527c                vTaskMissedYield
 .text.prvIdleTask
                0x00405294       0x30 src/asf/thirdparty/FreeRTOS/tasks.o
 .text.prvInitialiseTCBVariables
                0x004052c4       0xac src/asf/thirdparty/FreeRTOS/tasks.o
 .text.prvInitialiseTaskLists
                0x00405370       0xc8 src/asf/thirdparty/FreeRTOS/tasks.o
 .text.prvCheckTasksWaitingTermination
                0x00405438       0xc0 src/asf/thirdparty/FreeRTOS/tasks.o
 .text.prvAddCurrentTaskToDelayedList
                0x004054f8       0x98 src/asf/thirdparty/FreeRTOS/tasks.o
 .text.prvAllocateTCBAndStack
                0x00405590       0x88 src/asf/thirdparty/FreeRTOS/tasks.o
 .text.prvDeleteTCB
                0x00405618       0x2c src/asf/thirdparty/FreeRTOS/tasks.o
 .text.xTaskGetCurrentTaskHandle
                0x00405644       0x20 src/asf/thirdparty/FreeRTOS/tasks.o
                0x00405644                xTaskGetCurrentTaskHandle
 .text.xTaskGetSchedulerState
                0x00405664       0x48 src/asf/thirdparty/FreeRTOS/tasks.o
                0x00405664                xTaskGetSchedulerState
 .text.vTaskPriorityInherit
                0x004056ac      0x148 src/asf/thirdparty/FreeRTOS/tasks.o
                0x004056ac                vTaskPriorityInherit
 .text.vTaskPriorityDisinherit
                0x004057f4       0xe8 src/asf/thirdparty/FreeRTOS/tasks.o
                0x004057f4                vTaskPriorityDisinherit
 .text.xTimerCreateTimerTask
                0x004058dc       0x80 src/asf/thirdparty/FreeRTOS/timers.o
                0x004058dc                xTimerCreateTimerTask
 .text.xTimerCreate
                0x0040595c       0x8c src/asf/thirdparty/FreeRTOS/timers.o
                0x0040595c                xTimerCreate
 .text.xTimerGenericCommand
                0x004059e8       0xc4 src/asf/thirdparty/FreeRTOS/timers.o
                0x004059e8                xTimerGenericCommand
 .text.prvProcessExpiredTimer
                0x00405aac       0x94 src/asf/thirdparty/FreeRTOS/timers.o
 .text.prvTimerTask
                0x00405b40       0x38 src/asf/thirdparty/FreeRTOS/timers.o
 .text.prvProcessTimerOrBlockTask
                0x00405b78       0xa4 src/asf/thirdparty/FreeRTOS/timers.o
 .text.prvGetNextExpireTime
                0x00405c1c       0x54 src/asf/thirdparty/FreeRTOS/timers.o
 .text.prvSampleTimeNow
                0x00405c70       0x64 src/asf/thirdparty/FreeRTOS/timers.o
 .text.prvInsertTimerInActiveList
                0x00405cd4       0xa0 src/asf/thirdparty/FreeRTOS/timers.o
 .text.prvProcessReceivedCommands
                0x00405d74      0x13c src/asf/thirdparty/FreeRTOS/timers.o
 .text.prvSwitchTimerLists
                0x00405eb0      0x100 src/asf/thirdparty/FreeRTOS/timers.o
 .text.prvCheckForValidListAndQueue
                0x00405fb0       0x94 src/asf/thirdparty/FreeRTOS/timers.o
 .text.pvTimerGetTimerID
                0x00406044       0x1c src/asf/thirdparty/FreeRTOS/timers.o
                0x00406044                pvTimerGetTimerID
 .text.vStartBlockingQueueTasks
                0x00406060      0x2a0 src/Common-Demo-Source/BlockQ.o
                0x00406060                vStartBlockingQueueTasks
 .text.vBlockingQueueProducer
                0x00406300       0x6c src/Common-Demo-Source/BlockQ.o
 .text.vBlockingQueueConsumer
                0x0040636c       0x78 src/Common-Demo-Source/BlockQ.o
 .text.xAreBlockingQueuesStillRunning
                0x004063e4       0xc4 src/Common-Demo-Source/BlockQ.o
                0x004063e4                xAreBlockingQueuesStillRunning
 .text.vCreateBlockTimeTasks
                0x004064a8       0xa8 src/Common-Demo-Source/blocktim.o
                0x004064a8                vCreateBlockTimeTasks
 .text.vPrimaryBlockTimeTestTask
                0x00406550      0x504 src/Common-Demo-Source/blocktim.o
 .text.vSecondaryBlockTimeTestTask
                0x00406a54      0x178 src/Common-Demo-Source/blocktim.o
 .text.xAreBlockTimeTestTasksStillRunning
                0x00406bcc       0x94 src/Common-Demo-Source/blocktim.o
                0x00406bcc                xAreBlockTimeTestTasksStillRunning
 .text.vAltStartComTestTasks
                0x00406c60       0xa4 src/Common-Demo-Source/comtest.o
                0x00406c60                vAltStartComTestTasks
 .text.vComTxTask
                0x00406d04       0xc0 src/Common-Demo-Source/comtest.o
 .text.vComRxTask
                0x00406dc4      0x104 src/Common-Demo-Source/comtest.o
 .text.xAreComTestTasksStillRunning
                0x00406ec8       0x40 src/Common-Demo-Source/comtest.o
                0x00406ec8                xAreComTestTasksStillRunning
 .text.vStartCountingSemaphoreTasks
                0x00406f08      0x118 src/Common-Demo-Source/countsem.o
                0x00406f08                vStartCountingSemaphoreTasks
 .text.prvDecrementSemaphoreCount
                0x00407020       0xb8 src/Common-Demo-Source/countsem.o
 .text.prvIncrementSemaphoreCount
                0x004070d8       0xb8 src/Common-Demo-Source/countsem.o
 .text.prvCountingSemaphoreTask
                0x00407190       0x90 src/Common-Demo-Source/countsem.o
 .text.vCreateSuicidalTasks
                0x00407220       0xa4 src/Common-Demo-Source/death.o
                0x00407220                vCreateSuicidalTasks
 .text.vSuicidalTask
                0x004072c4       0x78 src/Common-Demo-Source/death.o
 .text.vCreateTasks
                0x0040733c       0xd0 src/Common-Demo-Source/death.o
 .text.xIsCreateTaskStillRunning
                0x0040740c       0xb0 src/Common-Demo-Source/death.o
                0x0040740c                xIsCreateTaskStillRunning
 .text.vStartDynamicPriorityTasks
                0x004074bc      0x164 src/Common-Demo-Source/dynamic.o
                0x004074bc                vStartDynamicPriorityTasks
 .text.vLimitedIncrementTask
                0x00407620       0x44 src/Common-Demo-Source/dynamic.o
 .text.vContinuousIncrementTask
                0x00407664       0x9c src/Common-Demo-Source/dynamic.o
 .text.vCounterControlTask
                0x00407700      0x144 src/Common-Demo-Source/dynamic.o
 .text.vQueueSendWhenSuspendedTask
                0x00407844       0x80 src/Common-Demo-Source/dynamic.o
 .text.vQueueReceiveWhenSuspendedTask
                0x004078c4       0xbc src/Common-Demo-Source/dynamic.o
 .text.xAreDynamicPriorityTasksStillRunning
                0x00407980       0xac src/Common-Demo-Source/dynamic.o
                0x00407980                xAreDynamicPriorityTasksStillRunning
 .text.vStartLEDFlashTimers
                0x00407a2c       0x8c src/Common-Demo-Source/flash_timer.o
                0x00407a2c                vStartLEDFlashTimers
 .text.prvLEDTimerCallback
                0x00407ab8       0x30 src/Common-Demo-Source/flash_timer.o
 .text.vStartGenericQueueTasks
                0x00407ae8      0x120 src/Common-Demo-Source/GenQTest.o
                0x00407ae8                vStartGenericQueueTasks
 .text.prvSendFrontAndBackTest
                0x00407c08      0x50c src/Common-Demo-Source/GenQTest.o
 .text.prvLowPriorityMutexTask
                0x00408114      0x19c src/Common-Demo-Source/GenQTest.o
 .text.prvMediumPriorityMutexTask
                0x004082b0       0x30 src/Common-Demo-Source/GenQTest.o
 .text.prvHighPriorityMutexTask
                0x004082e0       0x78 src/Common-Demo-Source/GenQTest.o
 .text.xAreGenericQueueTasksStillRunning
                0x00408358       0x94 src/Common-Demo-Source/GenQTest.o
                0x00408358                xAreGenericQueueTasksStillRunning
 .text.vStartIntegerMathTasks
                0x004083ec       0x70 src/Common-Demo-Source/integer.o
                0x004083ec                vStartIntegerMathTasks
 .text.vCompeteingIntMathTask
                0x0040845c       0x8c src/Common-Demo-Source/integer.o
 .text.xAreIntegerMathsTaskStillRunning
                0x004084e8       0x60 src/Common-Demo-Source/integer.o
                0x004084e8                xAreIntegerMathsTaskStillRunning
 .text.vStartPolledQueueTasks
                0x00408548       0xac src/Common-Demo-Source/PollQ.o
                0x00408548                vStartPolledQueueTasks
 .text.vPolledQueueProducer
                0x004085f4       0xa4 src/Common-Demo-Source/PollQ.o
 .text.vPolledQueueConsumer
                0x00408698       0xb0 src/Common-Demo-Source/PollQ.o
 .text.xArePollingQueuesStillRunning
                0x00408748       0x5c src/Common-Demo-Source/PollQ.o
                0x00408748                xArePollingQueuesStillRunning
 .text.vStartRecursiveMutexTasks
                0x004087a4       0xec src/Common-Demo-Source/recmutex.o
                0x004087a4                vStartRecursiveMutexTasks
 .text.prvRecursiveMutexControllingTask
                0x00408890      0x140 src/Common-Demo-Source/recmutex.o
 .text.prvRecursiveMutexBlockingTask
                0x004089d0       0xf0 src/Common-Demo-Source/recmutex.o
 .text.prvRecursiveMutexPollingTask
                0x00408ac0      0x134 src/Common-Demo-Source/recmutex.o
 .text.xAreRecursiveMutexTasksStillRunning
                0x00408bf4       0xe4 src/Common-Demo-Source/recmutex.o
                0x00408bf4                xAreRecursiveMutexTasksStillRunning
 .text.vStartSemaphoreTasks
                0x00408cd8      0x1e8 src/Common-Demo-Source/semtest.o
                0x00408cd8                vStartSemaphoreTasks
 .text.prvSemaphoreTest
                0x00408ec0      0x160 src/Common-Demo-Source/semtest.o
 .text.xAreSemaphoreTasksStillRunning
                0x00409020       0x7c src/Common-Demo-Source/semtest.o
                0x00409020                xAreSemaphoreTasksStillRunning
 .text.NVIC_SetPriorityGrouping
                0x0040909c       0x50 src/main.o
 .text.main     0x004090ec       0x20 src/main.o
                0x004090ec                main
 .text.prvSetupHardware
                0x0040910c       0x34 src/main.o
 .text.vApplicationMallocFailedHook
                0x00409140       0x10 src/main.o
                0x00409140                vApplicationMallocFailedHook
 .text.vApplicationStackOverflowHook
                0x00409150       0x18 src/main.o
                0x00409150                vApplicationStackOverflowHook
 .text.vApplicationTickHook
                0x00409168       0x10 src/main.o
                0x00409168                vApplicationTickHook
 .text.main_full
                0x00409178      0x11c src/main_full.o
                0x00409178                main_full
 .text.prvCheckTimerCallback
                0x00409294      0x158 src/main_full.o
 .text.vParTestInitialise
                0x004093ec       0x54 src/ParTest.o
                0x004093ec                vParTestInitialise
 .text.vParTestSetLED
                0x00409440       0x90 src/ParTest.o
                0x00409440                vParTestSetLED
 .text.vParTestToggleLED
                0x004094d0       0x44 src/ParTest.o
                0x004094d0                vParTestToggleLED
 .text          0x00409514       0x9c c:/program files (x86)/atmel/atmel toolchain/arm gcc/native/4.7.3.1029/arm-gnu-toolchain/bin/../lib/gcc/arm-none-eabi/4.7.3/../../../../arm-none-eabi/lib/armv7e-m\libc.a(lib_a-__atexit.o)
                0x00409514                __register_exitproc
 .text          0x004095b0       0x2c c:/program files (x86)/atmel/atmel toolchain/arm gcc/native/4.7.3.1029/arm-gnu-toolchain/bin/../lib/gcc/arm-none-eabi/4.7.3/../../../../arm-none-eabi/lib/armv7e-m\libc.a(lib_a-fini.o)
                0x004095b0                __libc_fini_array
 .text          0x004095dc       0x4c c:/program files (x86)/atmel/atmel toolchain/arm gcc/native/4.7.3.1029/arm-gnu-toolchain/bin/../lib/gcc/arm-none-eabi/4.7.3/../../../../arm-none-eabi/lib/armv7e-m\libc.a(lib_a-init.o)
                0x004095dc                __libc_init_array
 .text          0x00409628       0x1e c:/program files (x86)/atmel/atmel toolchain/arm gcc/native/4.7.3.1029/arm-gnu-toolchain/bin/../lib/gcc/arm-none-eabi/4.7.3/../../../../arm-none-eabi/lib/armv7e-m\libc.a(lib_a-memcmp.o)
                0x00409628                memcmp
 .text          0x00409646       0x12 c:/program files (x86)/atmel/atmel toolchain/arm gcc/native/4.7.3.1029/arm-gnu-toolchain/bin/../lib/gcc/arm-none-eabi/4.7.3/../../../../arm-none-eabi/lib/armv7e-m\libc.a(lib_a-memcpy.o)
                0x00409646                memcpy
 .text          0x00409658       0x10 c:/program files (x86)/atmel/atmel toolchain/arm gcc/native/4.7.3.1029/arm-gnu-toolchain/bin/../lib/gcc/arm-none-eabi/4.7.3/../../../../arm-none-eabi/lib/armv7e-m\libc.a(lib_a-memset.o)
                0x00409658                memset
 .text.startup  0x00409668       0x14 c:/program files (x86)/atmel/atmel toolchain/arm gcc/native/4.7.3.1029/arm-gnu-toolchain/bin/../lib/gcc/arm-none-eabi/4.7.3/../../../../arm-none-eabi/lib/armv7e-m\libc.a(lib_a-__call_atexit.o)
 .text          0x0040967c        0xc c:/program files (x86)/atmel/atmel toolchain/arm gcc/native/4.7.3.1029/arm-gnu-toolchain/bin/../lib/gcc/arm-none-eabi/4.7.3/../../../../arm-none-eabi/lib/armv7e-m\libc.a(lib_a-atexit.o)
                0x0040967c                atexit
 *(.glue_7t)
 .glue_7t       0x00000000        0x0 linker stubs
 *(.glue_7)
 .glue_7        0x00000000        0x0 linker stubs
 *(.rodata .rodata* .gnu.linkonce.r.*)
 .rodata.heapSTRUCT_SIZE
                0x00409688        0x2 src/asf/thirdparty/FreeRTOS/portable/MemMang/heap_4.o
 *fill*         0x0040968a        0x2 00
 .rodata.xTotalHeapSize
                0x0040968c        0x4 src/asf/thirdparty/FreeRTOS/portable/MemMang/heap_4.o
 .rodata        0x00409690       0x10 src/Common-Demo-Source/QueueSet.o
 .rodata.pcInterruptPriorityRegisters
                0x004096a0        0x4 src/asf/thirdparty/FreeRTOS/portable/GCC/ARM_CM3/port.o
 .rodata        0x004096a4        0x8 src/asf/thirdparty/FreeRTOS/tasks.o
 .rodata.ucExpectedStackBytes.5224
                0x004096ac       0x14 src/asf/thirdparty/FreeRTOS/tasks.o
 .rodata        0x004096c0        0x8 src/asf/thirdparty/FreeRTOS/timers.o
 .rodata        0x004096c8       0x30 src/Common-Demo-Source/BlockQ.o
 .rodata        0x004096f8       0x10 src/Common-Demo-Source/blocktim.o
 .rodata        0x00409708       0x10 src/Common-Demo-Source/comtest.o
 .rodata        0x00409718       0x10 src/Common-Demo-Source/countsem.o
 .rodata.uxMaxNumberOfExtraTasksRunning
                0x00409728        0x4 src/Common-Demo-Source/death.o
 .rodata        0x0040972c       0x18 src/Common-Demo-Source/death.o
 .rodata        0x00409744       0x28 src/Common-Demo-Source/dynamic.o
 .rodata        0x0040976c        0x8 src/Common-Demo-Source/flash_timer.o
 .rodata        0x00409774       0x20 src/Common-Demo-Source/GenQTest.o
 .rodata        0x00409794        0x8 src/Common-Demo-Source/integer.o
 .rodata        0x0040979c       0x10 src/Common-Demo-Source/PollQ.o
 .rodata        0x004097ac       0x18 src/Common-Demo-Source/recmutex.o
 .rodata        0x004097c4       0x20 src/Common-Demo-Source/semtest.o
 .rodata        0x004097e4        0xc src/main_full.o
 .rodata.ulLED  0x004097f0        0xc src/ParTest.o
 .rodata        0x004097fc        0x4 c:/program files (x86)/atmel/atmel toolchain/arm gcc/native/4.7.3.1029/arm-gnu-toolchain/bin/../lib/gcc/arm-none-eabi/4.7.3/../../../../arm-none-eabi/lib/armv7e-m\libc.a(lib_a-impure.o)
                0x004097fc                _global_impure_ptr
 .rodata.str1.1
                0x00409800        0x2 c:/program files (x86)/atmel/atmel toolchain/arm gcc/native/4.7.3.1029/arm-gnu-toolchain/bin/../lib/gcc/arm-none-eabi/4.7.3/../../../../arm-none-eabi/lib/armv7e-m\libc.a(lib_a-impure.o)
 *(.ARM.extab* .gnu.linkonce.armextab.*)
                0x00409804                . = ALIGN (0x4)
 *fill*         0x00409802        0x2 00
 *(.init)
 .init          0x00409804        0x4 c:/program files (x86)/atmel/atmel toolchain/arm gcc/native/4.7.3.1029/arm-gnu-toolchain/bin/../lib/gcc/arm-none-eabi/4.7.3/armv7e-m/crti.o
                0x00409804                _init
 .init          0x00409808        0x8 c:/program files (x86)/atmel/atmel toolchain/arm gcc/native/4.7.3.1029/arm-gnu-toolchain/bin/../lib/gcc/arm-none-eabi/4.7.3/armv7e-m/crtn.o
                0x00409810                . = ALIGN (0x4)
                0x00409810                __preinit_array_start = .
 *(.preinit_array)
                0x00409810                __preinit_array_end = .
                0x00409810                . = ALIGN (0x4)
                0x00409810                __init_array_start = .
 *(SORT(.init_array.*))
 .init_array.00000
                0x00409810        0x4 c:/program files (x86)/atmel/atmel toolchain/arm gcc/native/4.7.3.1029/arm-gnu-toolchain/bin/../lib/gcc/arm-none-eabi/4.7.3/../../../../arm-none-eabi/lib/armv7e-m\libc.a(lib_a-__call_atexit.o)
 *(.init_array)
 .init_array    0x00409814        0x4 c:/program files (x86)/atmel/atmel toolchain/arm gcc/native/4.7.3.1029/arm-gnu-toolchain/bin/../lib/gcc/arm-none-eabi/4.7.3/armv7e-m/crtbegin.o
                0x00409818                __init_array_end = .
                0x00409818                . = ALIGN (0x4)
 *crtbegin.o(.ctors)
 *(EXCLUDE_FILE(*crtend.o) .ctors)
 *(SORT(.ctors.*))
 *crtend.o(.ctors)
                0x00409818                . = ALIGN (0x4)
 *(.fini)
 .fini          0x00409818        0x4 c:/program files (x86)/atmel/atmel toolchain/arm gcc/native/4.7.3.1029/arm-gnu-toolchain/bin/../lib/gcc/arm-none-eabi/4.7.3/armv7e-m/crti.o
                0x00409818                _fini
 .fini          0x0040981c        0x8 c:/program files (x86)/atmel/atmel toolchain/arm gcc/native/4.7.3.1029/arm-gnu-toolchain/bin/../lib/gcc/arm-none-eabi/4.7.3/armv7e-m/crtn.o
                0x00409824                . = ALIGN (0x4)
                0x00409824                __fini_array_start = .
 *(.fini_array)
 .fini_array    0x00409824        0x4 c:/program files (x86)/atmel/atmel toolchain/arm gcc/native/4.7.3.1029/arm-gnu-toolchain/bin/../lib/gcc/arm-none-eabi/4.7.3/armv7e-m/crtbegin.o
 *(SORT(.fini_array.*))
                0x00409828                __fini_array_end = .
 *crtbegin.o(.dtors)
 *(EXCLUDE_FILE(*crtend.o) .dtors)
 *(SORT(.dtors.*))
 *crtend.o(.dtors)
                0x00409828                . = ALIGN (0x4)
                0x00409828                _efixed = .
                0x00409828                PROVIDE (__exidx_start, .)

.vfp11_veneer   0x00409828        0x0
 .vfp11_veneer  0x00000000        0x0 linker stubs

.v4_bx          0x00409828        0x0
 .v4_bx         0x00000000        0x0 linker stubs

.iplt           0x00409828        0x0
 .iplt          0x00000000        0x0 c:/program files (x86)/atmel/atmel toolchain/arm gcc/native/4.7.3.1029/arm-gnu-toolchain/bin/../lib/gcc/arm-none-eabi/4.7.3/armv7e-m/crtbegin.o

.eh_frame       0x00409828        0x0
 .eh_frame      0x00409828        0x0 c:/program files (x86)/atmel/atmel toolchain/arm gcc/native/4.7.3.1029/arm-gnu-toolchain/bin/../lib/gcc/arm-none-eabi/4.7.3/armv7e-m/crtbegin.o

.rel.dyn        0x00409828        0x0
 .rel.iplt      0x00000000        0x0 c:/program files (x86)/atmel/atmel toolchain/arm gcc/native/4.7.3.1029/arm-gnu-toolchain/bin/../lib/gcc/arm-none-eabi/4.7.3/armv7e-m/crtbegin.o

.jcr            0x00409828        0x0
 .jcr           0x00409828        0x0 c:/program files (x86)/atmel/atmel toolchain/arm gcc/native/4.7.3.1029/arm-gnu-toolchain/bin/../lib/gcc/arm-none-eabi/4.7.3/armv7e-m/crtbegin.o

.tm_clone_table
                0x00409828        0x0
 .tm_clone_table
                0x00409828        0x0 c:/program files (x86)/atmel/atmel toolchain/arm gcc/native/4.7.3.1029/arm-gnu-toolchain/bin/../lib/gcc/arm-none-eabi/4.7.3/armv7e-m/crtbegin.o
 .tm_clone_table
                0x00409828        0x0 c:/program files (x86)/atmel/atmel toolchain/arm gcc/native/4.7.3.1029/arm-gnu-toolchain/bin/../lib/gcc/arm-none-eabi/4.7.3/armv7e-m/crtend.o

.igot.plt       0x00409828        0x0
 .igot.plt      0x00000000        0x0 c:/program files (x86)/atmel/atmel toolchain/arm gcc/native/4.7.3.1029/arm-gnu-toolchain/bin/../lib/gcc/arm-none-eabi/4.7.3/armv7e-m/crtbegin.o

.ARM.exidx
 *(.ARM.exidx* .gnu.linkonce.armexidx.*)
                0x00409828                PROVIDE (__exidx_end, .)
                0x00409828                . = ALIGN (0x4)
                0x00409828                _etext = .

.relocate       0x20000000      0x450 load address 0x00409828
                0x20000000                . = ALIGN (0x4)
                0x20000000                _srelocate = .
 *(.ramfunc .ramfunc.*)
 *(.data .data.*)
 .data.xFreeBytesRemaining
                0x20000000        0x4 src/asf/thirdparty/FreeRTOS/portable/MemMang/heap_4.o
 .data.xQueueSetTasksStatus
                0x20000004        0x4 src/Common-Demo-Source/QueueSet.o
 .data.ulISRTxValue
                0x20000008        0x4 src/Common-Demo-Source/QueueSet.o
 .data.ulExpectedReceivedFromISR.5059
                0x2000000c        0x4 src/Common-Demo-Source/QueueSet.o
 .data.SystemCoreClock
                0x20000010        0x4 src/asf/sam/utils/cmsis/sam4s/source/templates/system_sam4s.o
                0x20000010                SystemCoreClock
 .data.uxCriticalNesting
                0x20000014        0x4 src/asf/thirdparty/FreeRTOS/portable/GCC/ARM_CM3/port.o
 .data.xNextTaskUnblockTime
                0x20000018        0x4 src/asf/thirdparty/FreeRTOS/tasks.o
 .data.usLastCreationCount.4900
                0x2000001c        0x2 src/Common-Demo-Source/death.o
 *fill*         0x2000001e        0x2 00
 .data          0x20000020      0x430 c:/program files (x86)/atmel/atmel toolchain/arm gcc/native/4.7.3.1029/arm-gnu-toolchain/bin/../lib/gcc/arm-none-eabi/4.7.3/../../../../arm-none-eabi/lib/armv7e-m\libc.a(lib_a-impure.o)
                0x20000020                _impure_ptr
                0x20000450                . = ALIGN (0x4)
                0x20000450                _erelocate = .

.bss            0x20000450     0xa358 load address 0x00409c78
                0x20000450                . = ALIGN (0x4)
                0x20000450                _sbss = .
                0x20000450                _szero = .
 *(.bss .bss.*)
 .bss           0x20000450       0x1c c:/program files (x86)/atmel/atmel toolchain/arm gcc/native/4.7.3.1029/arm-gnu-toolchain/bin/../lib/gcc/arm-none-eabi/4.7.3/armv7e-m/crtbegin.o
 .bss.ul_reg_val.7135
                0x2000046c        0x4 src/asf/sam/drivers/usart/usart.o
 .bss.ucHeap    0x20000470     0xa000 src/asf/thirdparty/FreeRTOS/portable/MemMang/heap_4.o
 .bss.xStart    0x2000a470        0x8 src/asf/thirdparty/FreeRTOS/portable/MemMang/heap_4.o
 .bss.pxEnd     0x2000a478        0x4 src/asf/thirdparty/FreeRTOS/portable/MemMang/heap_4.o
 .bss.xBlockAllocatedBit
                0x2000a47c        0x4 src/asf/thirdparty/FreeRTOS/portable/MemMang/heap_4.o
 .bss.xQueues   0x2000a480        0xc src/Common-Demo-Source/QueueSet.o
 .bss.ulQueueUsedCounter
                0x2000a48c        0xc src/Common-Demo-Source/QueueSet.o
 .bss.xQueueSet
                0x2000a498        0x4 src/Common-Demo-Source/QueueSet.o
 .bss.ulCycleCounter
                0x2000a49c        0x4 src/Common-Demo-Source/QueueSet.o
 .bss.xSetupComplete
                0x2000a4a0        0x4 src/Common-Demo-Source/QueueSet.o
 .bss.ulNextRand
                0x2000a4a4        0x4 src/Common-Demo-Source/QueueSet.o
 .bss.xQueueToWriteTo.5077
                0x2000a4a8        0x4 src/Common-Demo-Source/QueueSet.o
 .bss.ulExpectedReceivedFromTask.5058
                0x2000a4ac        0x4 src/Common-Demo-Source/QueueSet.o
 .bss.ulCallCount.5054
                0x2000a4b0        0x4 src/Common-Demo-Source/QueueSet.o
 .bss.ulLoops.5038
                0x2000a4b4        0x4 src/Common-Demo-Source/QueueSet.o
 .bss.ePriorities.5039
                0x2000a4b8        0x1 src/Common-Demo-Source/QueueSet.o
 *fill*         0x2000a4b9        0x3 00
 .bss.ulLastCycleCounter.5020
                0x2000a4bc        0x4 src/Common-Demo-Source/QueueSet.o
 .bss.ulLastQueueUsedCounter.5022
                0x2000a4c0        0xc src/Common-Demo-Source/QueueSet.o
 .bss.ulLastISRTxValue.5021
                0x2000a4cc        0x4 src/Common-Demo-Source/QueueSet.o
 .bss.xRxedChars
                0x2000a4d0        0x4 src/serial.o
 .bss.xCharsForTx
                0x2000a4d4        0x4 src/serial.o
 .bss.gs_interrupt_sources
                0x2000a4d8       0x70 src/asf/sam/drivers/pio/pio_handler.o
 .bss.ucMaxSysCallPriority
                0x2000a548        0x1 src/asf/thirdparty/FreeRTOS/portable/GCC/ARM_CM3/port.o
 *fill*         0x2000a549        0x3 00
 .bss.ulMaxPRIGROUPValue
                0x2000a54c        0x4 src/asf/thirdparty/FreeRTOS/portable/GCC/ARM_CM3/port.o
 .bss.pxCurrentTCB
                0x2000a550        0x4 src/asf/thirdparty/FreeRTOS/tasks.o
                0x2000a550                pxCurrentTCB
 .bss.pxReadyTasksLists
                0x2000a554       0x64 src/asf/thirdparty/FreeRTOS/tasks.o
 .bss.xDelayedTaskList1
                0x2000a5b8       0x14 src/asf/thirdparty/FreeRTOS/tasks.o
 .bss.xDelayedTaskList2
                0x2000a5cc       0x14 src/asf/thirdparty/FreeRTOS/tasks.o
 .bss.pxDelayedTaskList
                0x2000a5e0        0x4 src/asf/thirdparty/FreeRTOS/tasks.o
 .bss.pxOverflowDelayedTaskList
                0x2000a5e4        0x4 src/asf/thirdparty/FreeRTOS/tasks.o
 .bss.xPendingReadyList
                0x2000a5e8       0x14 src/asf/thirdparty/FreeRTOS/tasks.o
 .bss.xTasksWaitingTermination
                0x2000a5fc       0x14 src/asf/thirdparty/FreeRTOS/tasks.o
 .bss.uxTasksDeleted
                0x2000a610        0x4 src/asf/thirdparty/FreeRTOS/tasks.o
 .bss.xSuspendedTaskList
                0x2000a614       0x14 src/asf/thirdparty/FreeRTOS/tasks.o
 .bss.uxCurrentNumberOfTasks
                0x2000a628        0x4 src/asf/thirdparty/FreeRTOS/tasks.o
 .bss.xTickCount
                0x2000a62c        0x4 src/asf/thirdparty/FreeRTOS/tasks.o
 .bss.uxTopReadyPriority
                0x2000a630        0x4 src/asf/thirdparty/FreeRTOS/tasks.o
 .bss.xSchedulerRunning
                0x2000a634        0x4 src/asf/thirdparty/FreeRTOS/tasks.o
 .bss.uxSchedulerSuspended
                0x2000a638        0x4 src/asf/thirdparty/FreeRTOS/tasks.o
 .bss.uxPendedTicks
                0x2000a63c        0x4 src/asf/thirdparty/FreeRTOS/tasks.o
 .bss.xYieldPending
                0x2000a640        0x4 src/asf/thirdparty/FreeRTOS/tasks.o
 .bss.xNumOfOverflows
                0x2000a644        0x4 src/asf/thirdparty/FreeRTOS/tasks.o
 .bss.uxTaskNumber
                0x2000a648        0x4 src/asf/thirdparty/FreeRTOS/tasks.o
 .bss.xActiveTimerList1
                0x2000a64c       0x14 src/asf/thirdparty/FreeRTOS/timers.o
 .bss.xActiveTimerList2
                0x2000a660       0x14 src/asf/thirdparty/FreeRTOS/timers.o
 .bss.pxCurrentTimerList
                0x2000a674        0x4 src/asf/thirdparty/FreeRTOS/timers.o
 .bss.pxOverflowTimerList
                0x2000a678        0x4 src/asf/thirdparty/FreeRTOS/timers.o
 .bss.xTimerQueue
                0x2000a67c        0x4 src/asf/thirdparty/FreeRTOS/timers.o
 .bss.xLastTime.5086
                0x2000a680        0x4 src/asf/thirdparty/FreeRTOS/timers.o
 .bss.sBlockingConsumerCount
                0x2000a684        0x8 src/Common-Demo-Source/BlockQ.o
 .bss.sBlockingProducerCount
                0x2000a68c        0x8 src/Common-Demo-Source/BlockQ.o
 .bss.sLastBlockingConsumerCount.5018
                0x2000a694        0x8 src/Common-Demo-Source/BlockQ.o
 .bss.sLastBlockingProducerCount.5019
                0x2000a69c        0x8 src/Common-Demo-Source/BlockQ.o
 .bss.xTestQueue
                0x2000a6a4        0x4 src/Common-Demo-Source/blocktim.o
 .bss.xSecondary
                0x2000a6a8        0x4 src/Common-Demo-Source/blocktim.o
 .bss.xPrimaryCycles
                0x2000a6ac        0x4 src/Common-Demo-Source/blocktim.o
 .bss.xSecondaryCycles
                0x2000a6b0        0x4 src/Common-Demo-Source/blocktim.o
 .bss.xErrorOccurred
                0x2000a6b4        0x4 src/Common-Demo-Source/blocktim.o
 .bss.xRunIndicator
                0x2000a6b8        0x4 src/Common-Demo-Source/blocktim.o
 .bss.xLastPrimaryCycleCount.4467
                0x2000a6bc        0x4 src/Common-Demo-Source/blocktim.o
 .bss.xLastSecondaryCycleCount.4468
                0x2000a6c0        0x4 src/Common-Demo-Source/blocktim.o
 .bss.xPort     0x2000a6c4        0x4 src/Common-Demo-Source/comtest.o
 .bss.uxBaseLED
                0x2000a6c8        0x4 src/Common-Demo-Source/comtest.o
 .bss.uxRxLoops
                0x2000a6cc        0x4 src/Common-Demo-Source/comtest.o
 .bss.xErrorDetected
                0x2000a6d0        0x4 src/Common-Demo-Source/countsem.o
 .bss.xParameters
                0x2000a6d4       0x18 src/Common-Demo-Source/countsem.o
 .bss.usCreationCount
                0x2000a6ec        0x2 src/Common-Demo-Source/death.o
 *fill*         0x2000a6ee        0x2 00
 .bss.uxTasksRunningAtStart
                0x2000a6f0        0x4 src/Common-Demo-Source/death.o
 .bss.uxTasksRunningNow.4902
                0x2000a6f4        0x4 src/Common-Demo-Source/death.o
 .bss.xContinuousIncrementHandle
                0x2000a6f8        0x4 src/Common-Demo-Source/dynamic.o
 .bss.xLimitedIncrementHandle
                0x2000a6fc        0x4 src/Common-Demo-Source/dynamic.o
 .bss.ulCounter
                0x2000a700        0x4 src/Common-Demo-Source/dynamic.o
 .bss.usCheckVariable
                0x2000a704        0x2 src/Common-Demo-Source/dynamic.o
 *fill*         0x2000a706        0x2 00
 .bss.xSuspendedQueueSendError
                0x2000a708        0x4 src/Common-Demo-Source/dynamic.o
 .bss.xSuspendedQueueReceiveError
                0x2000a70c        0x4 src/Common-Demo-Source/dynamic.o
 .bss.ulExpectedValue
                0x2000a710        0x4 src/Common-Demo-Source/dynamic.o
 .bss.usLastTaskCheck.5037
                0x2000a714        0x2 src/Common-Demo-Source/dynamic.o
 *fill*         0x2000a716        0x2 00
 .bss.ulLastExpectedValue.5038
                0x2000a718        0x4 src/Common-Demo-Source/dynamic.o
 .bss.ulValueToSend.5024
                0x2000a71c        0x4 src/Common-Demo-Source/dynamic.o
 .bss.xErrorDetected
                0x2000a720        0x4 src/Common-Demo-Source/GenQTest.o
 .bss.ulLoopCounter
                0x2000a724        0x4 src/Common-Demo-Source/GenQTest.o
 .bss.ulLoopCounter2
                0x2000a728        0x4 src/Common-Demo-Source/GenQTest.o
 .bss.ulGuardedVariable
                0x2000a72c        0x4 src/Common-Demo-Source/GenQTest.o
 .bss.xHighPriorityMutexTask
                0x2000a730        0x4 src/Common-Demo-Source/GenQTest.o
 .bss.xMediumPriorityMutexTask
                0x2000a734        0x4 src/Common-Demo-Source/GenQTest.o
 .bss.ulLastLoopCounter.5032
                0x2000a738        0x4 src/Common-Demo-Source/GenQTest.o
 .bss.ulLastLoopCounter2.5033
                0x2000a73c        0x4 src/Common-Demo-Source/GenQTest.o
 .bss.xTaskCheck
                0x2000a740        0x4 src/Common-Demo-Source/integer.o
 .bss.xPollingConsumerCount
                0x2000a744        0x4 src/Common-Demo-Source/PollQ.o
 .bss.xPollingProducerCount
                0x2000a748        0x4 src/Common-Demo-Source/PollQ.o
 .bss.xPolledQueue.4985
                0x2000a74c        0x4 src/Common-Demo-Source/PollQ.o
 .bss.xMutex    0x2000a750        0x4 src/Common-Demo-Source/recmutex.o
 .bss.xErrorOccurred
                0x2000a754        0x4 src/Common-Demo-Source/recmutex.o
 .bss.xControllingIsSuspended
                0x2000a758        0x4 src/Common-Demo-Source/recmutex.o
 .bss.xBlockingIsSuspended
                0x2000a75c        0x4 src/Common-Demo-Source/recmutex.o
 .bss.uxControllingCycles
                0x2000a760        0x4 src/Common-Demo-Source/recmutex.o
 .bss.uxBlockingCycles
                0x2000a764        0x4 src/Common-Demo-Source/recmutex.o
 .bss.uxPollingCycles
                0x2000a768        0x4 src/Common-Demo-Source/recmutex.o
 .bss.xControllingTaskHandle
                0x2000a76c        0x4 src/Common-Demo-Source/recmutex.o
 .bss.xBlockingTaskHandle
                0x2000a770        0x4 src/Common-Demo-Source/recmutex.o
 .bss.uxLastControllingCycles.4449
                0x2000a774        0x4 src/Common-Demo-Source/recmutex.o
 .bss.uxLastBlockingCycles.4450
                0x2000a778        0x4 src/Common-Demo-Source/recmutex.o
 .bss.uxLastPollingCycles.4451
                0x2000a77c        0x4 src/Common-Demo-Source/recmutex.o
 .bss.sCheckVariables
                0x2000a780        0x8 src/Common-Demo-Source/semtest.o
 .bss.sNextCheckVariable
                0x2000a788        0x2 src/Common-Demo-Source/semtest.o
 *fill*         0x2000a78a        0x2 00
 .bss.sLastCheckVariables.5008
                0x2000a78c        0x8 src/Common-Demo-Source/semtest.o
 .bss.lChangedTimerPeriodAlready.7992
                0x2000a794        0x4 src/main_full.o
 *(COMMON)
 COMMON         0x2000a798        0x8 src/Common-Demo-Source/QueueSet.o
                0x2000a798                xQueueSetSendingTask
                0x2000a79c                xQueueSetReceivingTask
 COMMON         0x2000a7a0        0x4 src/Common-Demo-Source/death.o
                0x2000a7a0                xCreatedTask
 COMMON         0x2000a7a4        0x4 src/Common-Demo-Source/dynamic.o
                0x2000a7a4                xSuspendedTestQueue
                0x2000a7a8                . = ALIGN (0x4)
                0x2000a7a8                _ebss = .
                0x2000a7a8                _ezero = .

.stack          0x2000a7a8     0x3000 load address 0x00413fd0
                0x2000a7a8                . = ALIGN (0x8)
                0x2000a7a8                _sstack = .
                0x2000d7a8                . = (. + STACK_SIZE)
 *fill*         0x2000a7a8     0x3000 00
                0x2000d7a8                . = ALIGN (0x8)
                0x2000d7a8                _estack = .
                0x2000d7a8                . = ALIGN (0x4)
                0x2000d7a8                _end = .
OUTPUT(RTOSDemo.elf elf32-littlearm)

.ARM.attributes
                0x00000000       0x2a
 .ARM.attributes
                0x00000000       0x1e c:/program files (x86)/atmel/atmel toolchain/arm gcc/native/4.7.3.1029/arm-gnu-toolchain/bin/../lib/gcc/arm-none-eabi/4.7.3/armv7e-m/crti.o
 .ARM.attributes
                0x0000001e       0x2e c:/program files (x86)/atmel/atmel toolchain/arm gcc/native/4.7.3.1029/arm-gnu-toolchain/bin/../lib/gcc/arm-none-eabi/4.7.3/armv7e-m/crtbegin.o
 .ARM.attributes
                0x0000004c       0x33 src/asf/sam/drivers/usart/usart.o
 .ARM.attributes
                0x0000007f       0x33 src/asf/thirdparty/FreeRTOS/portable/MemMang/heap_4.o
 .ARM.attributes
                0x000000b2       0x33 src/Common-Demo-Source/QueueSet.o
 .ARM.attributes
                0x000000e5       0x33 src/serial.o
 .ARM.attributes
                0x00000118       0x33 src/asf/common/services/clock/sam4s/sysclk.o
 .ARM.attributes
                0x0000014b       0x33 src/asf/sam/boards/sam4s_ek/init.o
 .ARM.attributes
                0x0000017e       0x33 src/asf/sam/drivers/pio/pio.o
 .ARM.attributes
                0x000001b1       0x33 src/asf/sam/drivers/pio/pio_handler.o
 .ARM.attributes
                0x000001e4       0x33 src/asf/sam/drivers/pmc/pmc.o
 .ARM.attributes
                0x00000217       0x33 src/asf/sam/utils/cmsis/sam4s/source/templates/exceptions.o
 .ARM.attributes
                0x0000024a       0x33 src/asf/sam/utils/cmsis/sam4s/source/templates/gcc/startup_sam4s.o
 .ARM.attributes
                0x0000027d       0x33 src/asf/sam/utils/cmsis/sam4s/source/templates/system_sam4s.o
 .ARM.attributes
                0x000002b0       0x33 src/asf/thirdparty/FreeRTOS/list.o
 .ARM.attributes
                0x000002e3       0x33 src/asf/thirdparty/FreeRTOS/portable/GCC/ARM_CM3/port.o
 .ARM.attributes
                0x00000316       0x33 src/asf/thirdparty/FreeRTOS/queue.o
 .ARM.attributes
                0x00000349       0x33 src/asf/thirdparty/FreeRTOS/tasks.o
 .ARM.attributes
                0x0000037c       0x33 src/asf/thirdparty/FreeRTOS/timers.o
 .ARM.attributes
                0x000003af       0x33 src/Common-Demo-Source/BlockQ.o
 .ARM.attributes
                0x000003e2       0x33 src/Common-Demo-Source/blocktim.o
 .ARM.attributes
                0x00000415       0x33 src/Common-Demo-Source/comtest.o
 .ARM.attributes
                0x00000448       0x33 src/Common-Demo-Source/countsem.o
 .ARM.attributes
                0x0000047b       0x33 src/Common-Demo-Source/death.o
 .ARM.attributes
                0x000004ae       0x33 src/Common-Demo-Source/dynamic.o
 .ARM.attributes
                0x000004e1       0x33 src/Common-Demo-Source/flash_timer.o
 .ARM.attributes
                0x00000514       0x33 src/Common-Demo-Source/GenQTest.o
 .ARM.attributes
                0x00000547       0x33 src/Common-Demo-Source/integer.o
 .ARM.attributes
                0x0000057a       0x33 src/Common-Demo-Source/PollQ.o
 .ARM.attributes
                0x000005ad       0x33 src/Common-Demo-Source/recmutex.o
 .ARM.attributes
                0x000005e0       0x33 src/Common-Demo-Source/semtest.o
 .ARM.attributes
                0x00000613       0x33 src/main.o
 .ARM.attributes
                0x00000646       0x33 src/main_full.o
 .ARM.attributes
                0x00000679       0x33 src/ParTest.o
 .ARM.attributes
                0x000006ac       0x2e c:/program files (x86)/atmel/atmel toolchain/arm gcc/native/4.7.3.1029/arm-gnu-toolchain/bin/../lib/gcc/arm-none-eabi/4.7.3/../../../../arm-none-eabi/lib/armv7e-m\libc.a(lib_a-__atexit.o)
 .ARM.attributes
                0x000006da       0x2e c:/program files (x86)/atmel/atmel toolchain/arm gcc/native/4.7.3.1029/arm-gnu-toolchain/bin/../lib/gcc/arm-none-eabi/4.7.3/../../../../arm-none-eabi/lib/armv7e-m\libc.a(lib_a-fini.o)
 .ARM.attributes
                0x00000708       0x2e c:/program files (x86)/atmel/atmel toolchain/arm gcc/native/4.7.3.1029/arm-gnu-toolchain/bin/../lib/gcc/arm-none-eabi/4.7.3/../../../../arm-none-eabi/lib/armv7e-m\libc.a(lib_a-impure.o)
 .ARM.attributes
                0x00000736       0x2e c:/program files (x86)/atmel/atmel toolchain/arm gcc/native/4.7.3.1029/arm-gnu-toolchain/bin/../lib/gcc/arm-none-eabi/4.7.3/../../../../arm-none-eabi/lib/armv7e-m\libc.a(lib_a-init.o)
 .ARM.attributes
                0x00000764       0x2e c:/program files (x86)/atmel/atmel toolchain/arm gcc/native/4.7.3.1029/arm-gnu-toolchain/bin/../lib/gcc/arm-none-eabi/4.7.3/../../../../arm-none-eabi/lib/armv7e-m\libc.a(lib_a-memcmp.o)
 .ARM.attributes
                0x00000792       0x2e c:/program files (x86)/atmel/atmel toolchain/arm gcc/native/4.7.3.1029/arm-gnu-toolchain/bin/../lib/gcc/arm-none-eabi/4.7.3/../../../../arm-none-eabi/lib/armv7e-m\libc.a(lib_a-memcpy.o)
 .ARM.attributes
                0x000007c0       0x2e c:/program files (x86)/atmel/atmel toolchain/arm gcc/native/4.7.3.1029/arm-gnu-toolchain/bin/../lib/gcc/arm-none-eabi/4.7.3/../../../../arm-none-eabi/lib/armv7e-m\libc.a(lib_a-memset.o)
 .ARM.attributes
                0x000007ee       0x2e c:/program files (x86)/atmel/atmel toolchain/arm gcc/native/4.7.3.1029/arm-gnu-toolchain/bin/../lib/gcc/arm-none-eabi/4.7.3/../../../../arm-none-eabi/lib/armv7e-m\libc.a(lib_a-__call_atexit.o)
 .ARM.attributes
                0x0000081c       0x2e c:/program files (x86)/atmel/atmel toolchain/arm gcc/native/4.7.3.1029/arm-gnu-toolchain/bin/../lib/gcc/arm-none-eabi/4.7.3/../../../../arm-none-eabi/lib/armv7e-m\libc.a(lib_a-atexit.o)
 .ARM.attributes
                0x0000084a       0x2e c:/program files (x86)/atmel/atmel toolchain/arm gcc/native/4.7.3.1029/arm-gnu-toolchain/bin/../lib/gcc/arm-none-eabi/4.7.3/armv7e-m/crtend.o
 .ARM.attributes
                0x00000878       0x1e c:/program files (x86)/atmel/atmel toolchain/arm gcc/native/4.7.3.1029/arm-gnu-toolchain/bin/../lib/gcc/arm-none-eabi/4.7.3/armv7e-m/crtn.o

.comment        0x00000000       0x71
 .comment       0x00000000       0x71 c:/program files (x86)/atmel/atmel toolchain/arm gcc/native/4.7.3.1029/arm-gnu-toolchain/bin/../lib/gcc/arm-none-eabi/4.7.3/armv7e-m/crtbegin.o
                                 0x72 (size before relaxing)
 .comment       0x00000000       0x72 src/asf/sam/drivers/usart/usart.o
 .comment       0x00000000       0x72 src/asf/thirdparty/FreeRTOS/portable/MemMang/heap_4.o
 .comment       0x00000000       0x72 src/Common-Demo-Source/QueueSet.o
 .comment       0x00000000       0x72 src/serial.o
 .comment       0x00000000       0x72 src/asf/common/services/clock/sam4s/sysclk.o
 .comment       0x00000000       0x72 src/asf/sam/boards/sam4s_ek/init.o
 .comment       0x00000000       0x72 src/asf/sam/drivers/pio/pio.o
 .comment       0x00000000       0x72 src/asf/sam/drivers/pio/pio_handler.o
 .comment       0x00000000       0x72 src/asf/sam/drivers/pmc/pmc.o
 .comment       0x00000000       0x72 src/asf/sam/utils/cmsis/sam4s/source/templates/exceptions.o
 .comment       0x00000000       0x72 src/asf/sam/utils/cmsis/sam4s/source/templates/gcc/startup_sam4s.o
 .comment       0x00000000       0x72 src/asf/sam/utils/cmsis/sam4s/source/templates/system_sam4s.o
 .comment       0x00000000       0x72 src/asf/thirdparty/FreeRTOS/list.o
 .comment       0x00000000       0x72 src/asf/thirdparty/FreeRTOS/portable/GCC/ARM_CM3/port.o
 .comment       0x00000000       0x72 src/asf/thirdparty/FreeRTOS/queue.o
 .comment       0x00000000       0x72 src/asf/thirdparty/FreeRTOS/tasks.o
 .comment       0x00000000       0x72 src/asf/thirdparty/FreeRTOS/timers.o
 .comment       0x00000000       0x72 src/Common-Demo-Source/BlockQ.o
 .comment       0x00000000       0x72 src/Common-Demo-Source/blocktim.o
 .comment       0x00000000       0x72 src/Common-Demo-Source/comtest.o
 .comment       0x00000000       0x72 src/Common-Demo-Source/countsem.o
 .comment       0x00000000       0x72 src/Common-Demo-Source/death.o
 .comment       0x00000000       0x72 src/Common-Demo-Source/dynamic.o
 .comment       0x00000000       0x72 src/Common-Demo-Source/flash_timer.o
 .comment       0x00000000       0x72 src/Common-Demo-Source/GenQTest.o
 .comment       0x00000000       0x72 src/Common-Demo-Source/integer.o
 .comment       0x00000000       0x72 src/Common-Demo-Source/PollQ.o
 .comment       0x00000000       0x72 src/Common-Demo-Source/recmutex.o
 .comment       0x00000000       0x72 src/Common-Demo-Source/semtest.o
 .comment       0x00000000       0x72 src/main.o
 .comment       0x00000000       0x72 src/main_full.o
 .comment       0x00000000       0x72 src/ParTest.o
 .comment       0x00000000       0x72 c:/program files (x86)/atmel/atmel toolchain/arm gcc/native/4.7.3.1029/arm-gnu-toolchain/bin/../lib/gcc/arm-none-eabi/4.7.3/../../../../arm-none-eabi/lib/armv7e-m\libc.a(lib_a-__atexit.o)
 .comment       0x00000000       0x72 c:/program files (x86)/atmel/atmel toolchain/arm gcc/native/4.7.3.1029/arm-gnu-toolchain/bin/../lib/gcc/arm-none-eabi/4.7.3/../../../../arm-none-eabi/lib/armv7e-m\libc.a(lib_a-fini.o)
 .comment       0x00000000       0x72 c:/program files (x86)/atmel/atmel toolchain/arm gcc/native/4.7.3.1029/arm-gnu-toolchain/bin/../lib/gcc/arm-none-eabi/4.7.3/../../../../arm-none-eabi/lib/armv7e-m\libc.a(lib_a-impure.o)
 .comment       0x00000000       0x72 c:/program files (x86)/atmel/atmel toolchain/arm gcc/native/4.7.3.1029/arm-gnu-toolchain/bin/../lib/gcc/arm-none-eabi/4.7.3/../../../../arm-none-eabi/lib/armv7e-m\libc.a(lib_a-init.o)
 .comment       0x00000000       0x72 c:/program files (x86)/atmel/atmel toolchain/arm gcc/native/4.7.3.1029/arm-gnu-toolchain/bin/../lib/gcc/arm-none-eabi/4.7.3/../../../../arm-none-eabi/lib/armv7e-m\libc.a(lib_a-memcmp.o)
 .comment       0x00000000       0x72 c:/program files (x86)/atmel/atmel toolchain/arm gcc/native/4.7.3.1029/arm-gnu-toolchain/bin/../lib/gcc/arm-none-eabi/4.7.3/../../../../arm-none-eabi/lib/armv7e-m\libc.a(lib_a-memcpy.o)
 .comment       0x00000000       0x72 c:/program files (x86)/atmel/atmel toolchain/arm gcc/native/4.7.3.1029/arm-gnu-toolchain/bin/../lib/gcc/arm-none-eabi/4.7.3/../../../../arm-none-eabi/lib/armv7e-m\libc.a(lib_a-memset.o)
 .comment       0x00000000       0x72 c:/program files (x86)/atmel/atmel toolchain/arm gcc/native/4.7.3.1029/arm-gnu-toolchain/bin/../lib/gcc/arm-none-eabi/4.7.3/../../../../arm-none-eabi/lib/armv7e-m\libc.a(lib_a-__call_atexit.o)
 .comment       0x00000000       0x72 c:/program files (x86)/atmel/atmel toolchain/arm gcc/native/4.7.3.1029/arm-gnu-toolchain/bin/../lib/gcc/arm-none-eabi/4.7.3/../../../../arm-none-eabi/lib/armv7e-m\libc.a(lib_a-atexit.o)
 .comment       0x00000000       0x72 c:/program files (x86)/atmel/atmel toolchain/arm gcc/native/4.7.3.1029/arm-gnu-toolchain/bin/../lib/gcc/arm-none-eabi/4.7.3/armv7e-m/crtend.o

.debug_info     0x00000000     0xd454
 .debug_info    0x00000000     0x14ac src/asf/sam/drivers/usart/usart.o
 .debug_info    0x000014ac      0x2e6 src/asf/thirdparty/FreeRTOS/portable/MemMang/heap_4.o
 .debug_info    0x00001792      0x4c0 src/Common-Demo-Source/QueueSet.o
 .debug_info    0x00001c52      0xb01 src/serial.o
 .debug_info    0x00002753      0x661 src/asf/common/services/clock/sam4s/sysclk.o
 .debug_info    0x00002db4      0x1aa src/asf/sam/boards/sam4s_ek/init.o
 .debug_info    0x00002f5e     0x1351 src/asf/sam/drivers/pio/pio.o
 .debug_info    0x000042af      0xd07 src/asf/sam/drivers/pio/pio_handler.o
 .debug_info    0x00004fb6      0xeba src/asf/sam/drivers/pmc/pmc.o
 .debug_info    0x00005e70       0xaf src/asf/sam/utils/cmsis/sam4s/source/templates/exceptions.o
 .debug_info    0x00005f1f      0x340 src/asf/sam/utils/cmsis/sam4s/source/templates/gcc/startup_sam4s.o
 .debug_info    0x0000625f      0x47d src/asf/sam/utils/cmsis/sam4s/source/templates/system_sam4s.o
 .debug_info    0x000066dc      0x2ae src/asf/thirdparty/FreeRTOS/list.o
 .debug_info    0x0000698a      0x333 src/asf/thirdparty/FreeRTOS/portable/GCC/ARM_CM3/port.o
 .debug_info    0x00006cbd      0xc56 src/asf/thirdparty/FreeRTOS/queue.o
 .debug_info    0x00007913      0xeed src/asf/thirdparty/FreeRTOS/tasks.o
 .debug_info    0x00008800      0x766 src/asf/thirdparty/FreeRTOS/timers.o
 .debug_info    0x00008f66      0x2fc src/Common-Demo-Source/BlockQ.o
 .debug_info    0x00009262      0x23c src/Common-Demo-Source/blocktim.o
 .debug_info    0x0000949e      0x1f5 src/Common-Demo-Source/comtest.o
 .debug_info    0x00009693      0x24d src/Common-Demo-Source/countsem.o
 .debug_info    0x000098e0      0x226 src/Common-Demo-Source/death.o
 .debug_info    0x00009b06      0x307 src/Common-Demo-Source/dynamic.o
 .debug_info    0x00009e0d      0x10a src/Common-Demo-Source/flash_timer.o
 .debug_info    0x00009f17      0x297 src/Common-Demo-Source/GenQTest.o
 .debug_info    0x0000a1ae      0x184 src/Common-Demo-Source/integer.o
 .debug_info    0x0000a332      0x1d7 src/Common-Demo-Source/PollQ.o
 .debug_info    0x0000a509      0x24e src/Common-Demo-Source/recmutex.o
 .debug_info    0x0000a757      0x263 src/Common-Demo-Source/semtest.o
 .debug_info    0x0000a9ba      0x3ae src/main.o
 .debug_info    0x0000ad68      0x14a src/main_full.o
 .debug_info    0x0000aeb2      0x1d4 src/ParTest.o
 .debug_info    0x0000b086      0xa15 c:/program files (x86)/atmel/atmel toolchain/arm gcc/native/4.7.3.1029/arm-gnu-toolchain/bin/../lib/gcc/arm-none-eabi/4.7.3/../../../../arm-none-eabi/lib/armv7e-m\libc.a(lib_a-__atexit.o)
 .debug_info    0x0000ba9b       0xf7 c:/program files (x86)/atmel/atmel toolchain/arm gcc/native/4.7.3.1029/arm-gnu-toolchain/bin/../lib/gcc/arm-none-eabi/4.7.3/../../../../arm-none-eabi/lib/armv7e-m\libc.a(lib_a-fini.o)
 .debug_info    0x0000bb92      0x961 c:/program files (x86)/atmel/atmel toolchain/arm gcc/native/4.7.3.1029/arm-gnu-toolchain/bin/../lib/gcc/arm-none-eabi/4.7.3/../../../../arm-none-eabi/lib/armv7e-m\libc.a(lib_a-impure.o)
 .debug_info    0x0000c4f3      0x110 c:/program files (x86)/atmel/atmel toolchain/arm gcc/native/4.7.3.1029/arm-gnu-toolchain/bin/../lib/gcc/arm-none-eabi/4.7.3/../../../../arm-none-eabi/lib/armv7e-m\libc.a(lib_a-init.o)
 .debug_info    0x0000c603       0xf0 c:/program files (x86)/atmel/atmel toolchain/arm gcc/native/4.7.3.1029/arm-gnu-toolchain/bin/../lib/gcc/arm-none-eabi/4.7.3/../../../../arm-none-eabi/lib/armv7e-m\libc.a(lib_a-memcmp.o)
 .debug_info    0x0000c6f3      0x103 c:/program files (x86)/atmel/atmel toolchain/arm gcc/native/4.7.3.1029/arm-gnu-toolchain/bin/../lib/gcc/arm-none-eabi/4.7.3/../../../../arm-none-eabi/lib/armv7e-m\libc.a(lib_a-memcpy.o)
 .debug_info    0x0000c7f6       0xd3 c:/program files (x86)/atmel/atmel toolchain/arm gcc/native/4.7.3.1029/arm-gnu-toolchain/bin/../lib/gcc/arm-none-eabi/4.7.3/../../../../arm-none-eabi/lib/armv7e-m\libc.a(lib_a-memset.o)
 .debug_info    0x0000c8c9      0xa7c c:/program files (x86)/atmel/atmel toolchain/arm gcc/native/4.7.3.1029/arm-gnu-toolchain/bin/../lib/gcc/arm-none-eabi/4.7.3/../../../../arm-none-eabi/lib/armv7e-m\libc.a(lib_a-__call_atexit.o)
 .debug_info    0x0000d345      0x10f c:/program files (x86)/atmel/atmel toolchain/arm gcc/native/4.7.3.1029/arm-gnu-toolchain/bin/../lib/gcc/arm-none-eabi/4.7.3/../../../../arm-none-eabi/lib/armv7e-m\libc.a(lib_a-atexit.o)

.debug_abbrev   0x00000000     0x304d
 .debug_abbrev  0x00000000      0x1cd src/asf/sam/drivers/usart/usart.o
 .debug_abbrev  0x000001cd      0x19e src/asf/thirdparty/FreeRTOS/portable/MemMang/heap_4.o
 .debug_abbrev  0x0000036b      0x17e src/Common-Demo-Source/QueueSet.o
 .debug_abbrev  0x000004e9      0x1e4 src/serial.o
 .debug_abbrev  0x000006cd      0x1ab src/asf/common/services/clock/sam4s/sysclk.o
 .debug_abbrev  0x00000878       0xc5 src/asf/sam/boards/sam4s_ek/init.o
 .debug_abbrev  0x0000093d      0x1b3 src/asf/sam/drivers/pio/pio.o
 .debug_abbrev  0x00000af0      0x1e6 src/asf/sam/drivers/pio/pio_handler.o
 .debug_abbrev  0x00000cd6      0x20d src/asf/sam/drivers/pmc/pmc.o
 .debug_abbrev  0x00000ee3       0x6c src/asf/sam/utils/cmsis/sam4s/source/templates/exceptions.o
 .debug_abbrev  0x00000f4f      0x100 src/asf/sam/utils/cmsis/sam4s/source/templates/gcc/startup_sam4s.o
 .debug_abbrev  0x0000104f       0xf5 src/asf/sam/utils/cmsis/sam4s/source/templates/system_sam4s.o
 .debug_abbrev  0x00001144       0xc3 src/asf/thirdparty/FreeRTOS/list.o
 .debug_abbrev  0x00001207      0x1d2 src/asf/thirdparty/FreeRTOS/portable/GCC/ARM_CM3/port.o
 .debug_abbrev  0x000013d9      0x166 src/asf/thirdparty/FreeRTOS/queue.o
 .debug_abbrev  0x0000153f      0x219 src/asf/thirdparty/FreeRTOS/tasks.o
 .debug_abbrev  0x00001758      0x173 src/asf/thirdparty/FreeRTOS/timers.o
 .debug_abbrev  0x000018cb      0x105 src/Common-Demo-Source/BlockQ.o
 .debug_abbrev  0x000019d0       0xea src/Common-Demo-Source/blocktim.o
 .debug_abbrev  0x00001aba       0xc5 src/Common-Demo-Source/comtest.o
 .debug_abbrev  0x00001b7f      0x10b src/Common-Demo-Source/countsem.o
 .debug_abbrev  0x00001c8a       0xe6 src/Common-Demo-Source/death.o
 .debug_abbrev  0x00001d70      0x104 src/Common-Demo-Source/dynamic.o
 .debug_abbrev  0x00001e74       0x91 src/Common-Demo-Source/flash_timer.o
 .debug_abbrev  0x00001f05       0xec src/Common-Demo-Source/GenQTest.o
 .debug_abbrev  0x00001ff1       0xd1 src/Common-Demo-Source/integer.o
 .debug_abbrev  0x000020c2       0xb6 src/Common-Demo-Source/PollQ.o
 .debug_abbrev  0x00002178       0xf9 src/Common-Demo-Source/recmutex.o
 .debug_abbrev  0x00002271      0x105 src/Common-Demo-Source/semtest.o
 .debug_abbrev  0x00002376      0x198 src/main.o
 .debug_abbrev  0x0000250e       0xbc src/main_full.o
 .debug_abbrev  0x000025ca       0xdd src/ParTest.o
 .debug_abbrev  0x000026a7      0x1fe c:/program files (x86)/atmel/atmel toolchain/arm gcc/native/4.7.3.1029/arm-gnu-toolchain/bin/../lib/gcc/arm-none-eabi/4.7.3/../../../../arm-none-eabi/lib/armv7e-m\libc.a(lib_a-__atexit.o)
 .debug_abbrev  0x000028a5       0xbb c:/program files (x86)/atmel/atmel toolchain/arm gcc/native/4.7.3.1029/arm-gnu-toolchain/bin/../lib/gcc/arm-none-eabi/4.7.3/../../../../arm-none-eabi/lib/armv7e-m\libc.a(lib_a-fini.o)
 .debug_abbrev  0x00002960      0x160 c:/program files (x86)/atmel/atmel toolchain/arm gcc/native/4.7.3.1029/arm-gnu-toolchain/bin/../lib/gcc/arm-none-eabi/4.7.3/../../../../arm-none-eabi/lib/armv7e-m\libc.a(lib_a-impure.o)
 .debug_abbrev  0x00002ac0       0xb8 c:/program files (x86)/atmel/atmel toolchain/arm gcc/native/4.7.3.1029/arm-gnu-toolchain/bin/../lib/gcc/arm-none-eabi/4.7.3/../../../../arm-none-eabi/lib/armv7e-m\libc.a(lib_a-init.o)
 .debug_abbrev  0x00002b78       0x8c c:/program files (x86)/atmel/atmel toolchain/arm gcc/native/4.7.3.1029/arm-gnu-toolchain/bin/../lib/gcc/arm-none-eabi/4.7.3/../../../../arm-none-eabi/lib/armv7e-m\libc.a(lib_a-memcmp.o)
 .debug_abbrev  0x00002c04       0xa2 c:/program files (x86)/atmel/atmel toolchain/arm gcc/native/4.7.3.1029/arm-gnu-toolchain/bin/../lib/gcc/arm-none-eabi/4.7.3/../../../../arm-none-eabi/lib/armv7e-m\libc.a(lib_a-memcpy.o)
 .debug_abbrev  0x00002ca6       0x8c c:/program files (x86)/atmel/atmel toolchain/arm gcc/native/4.7.3.1029/arm-gnu-toolchain/bin/../lib/gcc/arm-none-eabi/4.7.3/../../../../arm-none-eabi/lib/armv7e-m\libc.a(lib_a-memset.o)
 .debug_abbrev  0x00002d32      0x265 c:/program files (x86)/atmel/atmel toolchain/arm gcc/native/4.7.3.1029/arm-gnu-toolchain/bin/../lib/gcc/arm-none-eabi/4.7.3/../../../../arm-none-eabi/lib/armv7e-m\libc.a(lib_a-__call_atexit.o)
 .debug_abbrev  0x00002f97       0xb6 c:/program files (x86)/atmel/atmel toolchain/arm gcc/native/4.7.3.1029/arm-gnu-toolchain/bin/../lib/gcc/arm-none-eabi/4.7.3/../../../../arm-none-eabi/lib/armv7e-m\libc.a(lib_a-atexit.o)

.debug_loc      0x00000000     0x5619
 .debug_loc     0x00000000      0xee0 src/asf/sam/drivers/usart/usart.o
 .debug_loc     0x00000ee0      0x138 src/asf/thirdparty/FreeRTOS/portable/MemMang/heap_4.o
 .debug_loc     0x00001018      0x2a8 src/Common-Demo-Source/QueueSet.o
 .debug_loc     0x000012c0      0x250 src/serial.o
 .debug_loc     0x00001510      0x2f8 src/asf/common/services/clock/sam4s/sysclk.o
 .debug_loc     0x00001808       0x2c src/asf/sam/boards/sam4s_ek/init.o
 .debug_loc     0x00001834      0xaf0 src/asf/sam/drivers/pio/pio.o
 .debug_loc     0x00002324      0x20c src/asf/sam/drivers/pio/pio_handler.o
 .debug_loc     0x00002530      0xa5c src/asf/sam/drivers/pmc/pmc.o
 .debug_loc     0x00002f8c       0x2c src/asf/sam/utils/cmsis/sam4s/source/templates/exceptions.o
 .debug_loc     0x00002fb8       0x38 src/asf/sam/utils/cmsis/sam4s/source/templates/gcc/startup_sam4s.o
 .debug_loc     0x00002ff0       0x90 src/asf/sam/utils/cmsis/sam4s/source/templates/system_sam4s.o
 .debug_loc     0x00003080      0x118 src/asf/thirdparty/FreeRTOS/list.o
 .debug_loc     0x00003198      0x1dc src/asf/thirdparty/FreeRTOS/portable/GCC/ARM_CM3/port.o
 .debug_loc     0x00003374      0x658 src/asf/thirdparty/FreeRTOS/queue.o
 .debug_loc     0x000039cc      0x7b0 src/asf/thirdparty/FreeRTOS/tasks.o
 .debug_loc     0x0000417c      0x304 src/asf/thirdparty/FreeRTOS/timers.o
 .debug_loc     0x00004480       0xe2 src/Common-Demo-Source/BlockQ.o
 .debug_loc     0x00004562       0xe0 src/Common-Demo-Source/blocktim.o
 .debug_loc     0x00004642       0xe0 src/Common-Demo-Source/comtest.o
 .debug_loc     0x00004722      0x118 src/Common-Demo-Source/countsem.o
 .debug_loc     0x0000483a       0xe0 src/Common-Demo-Source/death.o
 .debug_loc     0x0000491a      0x188 src/Common-Demo-Source/dynamic.o
 .debug_loc     0x00004aa2       0x70 src/Common-Demo-Source/flash_timer.o
 .debug_loc     0x00004b12      0x144 src/Common-Demo-Source/GenQTest.o
 .debug_loc     0x00004c56       0xa8 src/Common-Demo-Source/integer.o
 .debug_loc     0x00004cfe       0xe0 src/Common-Demo-Source/PollQ.o
 .debug_loc     0x00004dde      0x118 src/Common-Demo-Source/recmutex.o
 .debug_loc     0x00004ef6       0xa8 src/Common-Demo-Source/semtest.o
 .debug_loc     0x00004f9e      0x14c src/main.o
 .debug_loc     0x000050ea       0x70 src/main_full.o
 .debug_loc     0x0000515a       0xa8 src/ParTest.o
 .debug_loc     0x00005202       0xfc c:/program files (x86)/atmel/atmel toolchain/arm gcc/native/4.7.3.1029/arm-gnu-toolchain/bin/../lib/gcc/arm-none-eabi/4.7.3/../../../../arm-none-eabi/lib/armv7e-m\libc.a(lib_a-__atexit.o)
 .debug_loc     0x000052fe       0x33 c:/program files (x86)/atmel/atmel toolchain/arm gcc/native/4.7.3.1029/arm-gnu-toolchain/bin/../lib/gcc/arm-none-eabi/4.7.3/../../../../arm-none-eabi/lib/armv7e-m\libc.a(lib_a-fini.o)
 .debug_loc     0x00005331       0x56 c:/program files (x86)/atmel/atmel toolchain/arm gcc/native/4.7.3.1029/arm-gnu-toolchain/bin/../lib/gcc/arm-none-eabi/4.7.3/../../../../arm-none-eabi/lib/armv7e-m\libc.a(lib_a-init.o)
 .debug_loc     0x00005387       0x93 c:/program files (x86)/atmel/atmel toolchain/arm gcc/native/4.7.3.1029/arm-gnu-toolchain/bin/../lib/gcc/arm-none-eabi/4.7.3/../../../../arm-none-eabi/lib/armv7e-m\libc.a(lib_a-memcmp.o)
 .debug_loc     0x0000541a       0x59 c:/program files (x86)/atmel/atmel toolchain/arm gcc/native/4.7.3.1029/arm-gnu-toolchain/bin/../lib/gcc/arm-none-eabi/4.7.3/../../../../arm-none-eabi/lib/armv7e-m\libc.a(lib_a-memcpy.o)
 .debug_loc     0x00005473       0x3f c:/program files (x86)/atmel/atmel toolchain/arm gcc/native/4.7.3.1029/arm-gnu-toolchain/bin/../lib/gcc/arm-none-eabi/4.7.3/../../../../arm-none-eabi/lib/armv7e-m\libc.a(lib_a-memset.o)
 .debug_loc     0x000054b2      0x13b c:/program files (x86)/atmel/atmel toolchain/arm gcc/native/4.7.3.1029/arm-gnu-toolchain/bin/../lib/gcc/arm-none-eabi/4.7.3/../../../../arm-none-eabi/lib/armv7e-m\libc.a(lib_a-__call_atexit.o)
 .debug_loc     0x000055ed       0x2c c:/program files (x86)/atmel/atmel toolchain/arm gcc/native/4.7.3.1029/arm-gnu-toolchain/bin/../lib/gcc/arm-none-eabi/4.7.3/../../../../arm-none-eabi/lib/armv7e-m\libc.a(lib_a-atexit.o)

.debug_aranges  0x00000000     0x1058
 .debug_aranges
                0x00000000      0x238 src/asf/sam/drivers/usart/usart.o
 .debug_aranges
                0x00000238       0x48 src/asf/thirdparty/FreeRTOS/portable/MemMang/heap_4.o
 .debug_aranges
                0x00000280       0x80 src/Common-Demo-Source/QueueSet.o
 .debug_aranges
                0x00000300       0x70 src/serial.o
 .debug_aranges
                0x00000370       0x88 src/asf/common/services/clock/sam4s/sysclk.o
 .debug_aranges
                0x000003f8       0x20 src/asf/sam/boards/sam4s_ek/init.o
 .debug_aranges
                0x00000418      0x1a8 src/asf/sam/drivers/pio/pio.o
 .debug_aranges
                0x000005c0       0x68 src/asf/sam/drivers/pio/pio_handler.o
 .debug_aranges
                0x00000628      0x1b0 src/asf/sam/drivers/pmc/pmc.o
 .debug_aranges
                0x000007d8       0x20 src/asf/sam/utils/cmsis/sam4s/source/templates/exceptions.o
 .debug_aranges
                0x000007f8       0x20 src/asf/sam/utils/cmsis/sam4s/source/templates/gcc/startup_sam4s.o
 .debug_aranges
                0x00000818       0x30 src/asf/sam/utils/cmsis/sam4s/source/templates/system_sam4s.o
 .debug_aranges
                0x00000848       0x40 src/asf/thirdparty/FreeRTOS/list.o
 .debug_aranges
                0x00000888       0x90 src/asf/thirdparty/FreeRTOS/portable/GCC/ARM_CM3/port.o
 .debug_aranges
                0x00000918      0x100 src/asf/thirdparty/FreeRTOS/queue.o
 .debug_aranges
                0x00000a18      0x138 src/asf/thirdparty/FreeRTOS/tasks.o
 .debug_aranges
                0x00000b50       0x88 src/asf/thirdparty/FreeRTOS/timers.o
 .debug_aranges
                0x00000bd8       0x38 src/Common-Demo-Source/BlockQ.o
 .debug_aranges
                0x00000c10       0x38 src/Common-Demo-Source/blocktim.o
 .debug_aranges
                0x00000c48       0x38 src/Common-Demo-Source/comtest.o
 .debug_aranges
                0x00000c80       0x40 src/Common-Demo-Source/countsem.o
 .debug_aranges
                0x00000cc0       0x38 src/Common-Demo-Source/death.o
 .debug_aranges
                0x00000cf8       0x50 src/Common-Demo-Source/dynamic.o
 .debug_aranges
                0x00000d48       0x28 src/Common-Demo-Source/flash_timer.o
 .debug_aranges
                0x00000d70       0x48 src/Common-Demo-Source/GenQTest.o
 .debug_aranges
                0x00000db8       0x30 src/Common-Demo-Source/integer.o
 .debug_aranges
                0x00000de8       0x38 src/Common-Demo-Source/PollQ.o
 .debug_aranges
                0x00000e20       0x40 src/Common-Demo-Source/recmutex.o
 .debug_aranges
                0x00000e60       0x30 src/Common-Demo-Source/semtest.o
 .debug_aranges
                0x00000e90       0x50 src/main.o
 .debug_aranges
                0x00000ee0       0x28 src/main_full.o
 .debug_aranges
                0x00000f08       0x30 src/ParTest.o
 .debug_aranges
                0x00000f38       0x20 c:/program files (x86)/atmel/atmel toolchain/arm gcc/native/4.7.3.1029/arm-gnu-toolchain/bin/../lib/gcc/arm-none-eabi/4.7.3/../../../../arm-none-eabi/lib/armv7e-m\libc.a(lib_a-__atexit.o)
 .debug_aranges
                0x00000f58       0x20 c:/program files (x86)/atmel/atmel toolchain/arm gcc/native/4.7.3.1029/arm-gnu-toolchain/bin/../lib/gcc/arm-none-eabi/4.7.3/../../../../arm-none-eabi/lib/armv7e-m\libc.a(lib_a-fini.o)
 .debug_aranges
                0x00000f78       0x18 c:/program files (x86)/atmel/atmel toolchain/arm gcc/native/4.7.3.1029/arm-gnu-toolchain/bin/../lib/gcc/arm-none-eabi/4.7.3/../../../../arm-none-eabi/lib/armv7e-m\libc.a(lib_a-impure.o)
 .debug_aranges
                0x00000f90       0x20 c:/program files (x86)/atmel/atmel toolchain/arm gcc/native/4.7.3.1029/arm-gnu-toolchain/bin/../lib/gcc/arm-none-eabi/4.7.3/../../../../arm-none-eabi/lib/armv7e-m\libc.a(lib_a-init.o)
 .debug_aranges
                0x00000fb0       0x20 c:/program files (x86)/atmel/atmel toolchain/arm gcc/native/4.7.3.1029/arm-gnu-toolchain/bin/../lib/gcc/arm-none-eabi/4.7.3/../../../../arm-none-eabi/lib/armv7e-m\libc.a(lib_a-memcmp.o)
 .debug_aranges
                0x00000fd0       0x20 c:/program files (x86)/atmel/atmel toolchain/arm gcc/native/4.7.3.1029/arm-gnu-toolchain/bin/../lib/gcc/arm-none-eabi/4.7.3/../../../../arm-none-eabi/lib/armv7e-m\libc.a(lib_a-memcpy.o)
 .debug_aranges
                0x00000ff0       0x20 c:/program files (x86)/atmel/atmel toolchain/arm gcc/native/4.7.3.1029/arm-gnu-toolchain/bin/../lib/gcc/arm-none-eabi/4.7.3/../../../../arm-none-eabi/lib/armv7e-m\libc.a(lib_a-memset.o)
 .debug_aranges
                0x00001010       0x28 c:/program files (x86)/atmel/atmel toolchain/arm gcc/native/4.7.3.1029/arm-gnu-toolchain/bin/../lib/gcc/arm-none-eabi/4.7.3/../../../../arm-none-eabi/lib/armv7e-m\libc.a(lib_a-__call_atexit.o)
 .debug_aranges
                0x00001038       0x20 c:/program files (x86)/atmel/atmel toolchain/arm gcc/native/4.7.3.1029/arm-gnu-toolchain/bin/../lib/gcc/arm-none-eabi/4.7.3/../../../../arm-none-eabi/lib/armv7e-m\libc.a(lib_a-atexit.o)

.debug_ranges   0x00000000      0xd88
 .debug_ranges  0x00000000      0x228 src/asf/sam/drivers/usart/usart.o
 .debug_ranges  0x00000228       0x38 src/asf/thirdparty/FreeRTOS/portable/MemMang/heap_4.o
 .debug_ranges  0x00000260       0x70 src/Common-Demo-Source/QueueSet.o
 .debug_ranges  0x000002d0       0x60 src/serial.o
 .debug_ranges  0x00000330       0x78 src/asf/common/services/clock/sam4s/sysclk.o
 .debug_ranges  0x000003a8       0x10 src/asf/sam/boards/sam4s_ek/init.o
 .debug_ranges  0x000003b8      0x198 src/asf/sam/drivers/pio/pio.o
 .debug_ranges  0x00000550       0x58 src/asf/sam/drivers/pio/pio_handler.o
 .debug_ranges  0x000005a8      0x1a0 src/asf/sam/drivers/pmc/pmc.o
 .debug_ranges  0x00000748       0x10 src/asf/sam/utils/cmsis/sam4s/source/templates/exceptions.o
 .debug_ranges  0x00000758       0x10 src/asf/sam/utils/cmsis/sam4s/source/templates/gcc/startup_sam4s.o
 .debug_ranges  0x00000768       0x20 src/asf/sam/utils/cmsis/sam4s/source/templates/system_sam4s.o
 .debug_ranges  0x00000788       0x30 src/asf/thirdparty/FreeRTOS/list.o
 .debug_ranges  0x000007b8       0x80 src/asf/thirdparty/FreeRTOS/portable/GCC/ARM_CM3/port.o
 .debug_ranges  0x00000838       0xf0 src/asf/thirdparty/FreeRTOS/queue.o
 .debug_ranges  0x00000928      0x128 src/asf/thirdparty/FreeRTOS/tasks.o
 .debug_ranges  0x00000a50       0x78 src/asf/thirdparty/FreeRTOS/timers.o
 .debug_ranges  0x00000ac8       0x28 src/Common-Demo-Source/BlockQ.o
 .debug_ranges  0x00000af0       0x28 src/Common-Demo-Source/blocktim.o
 .debug_ranges  0x00000b18       0x28 src/Common-Demo-Source/comtest.o
 .debug_ranges  0x00000b40       0x30 src/Common-Demo-Source/countsem.o
 .debug_ranges  0x00000b70       0x28 src/Common-Demo-Source/death.o
 .debug_ranges  0x00000b98       0x40 src/Common-Demo-Source/dynamic.o
 .debug_ranges  0x00000bd8       0x18 src/Common-Demo-Source/flash_timer.o
 .debug_ranges  0x00000bf0       0x38 src/Common-Demo-Source/GenQTest.o
 .debug_ranges  0x00000c28       0x20 src/Common-Demo-Source/integer.o
 .debug_ranges  0x00000c48       0x28 src/Common-Demo-Source/PollQ.o
 .debug_ranges  0x00000c70       0x30 src/Common-Demo-Source/recmutex.o
 .debug_ranges  0x00000ca0       0x20 src/Common-Demo-Source/semtest.o
 .debug_ranges  0x00000cc0       0x40 src/main.o
 .debug_ranges  0x00000d00       0x18 src/main_full.o
 .debug_ranges  0x00000d18       0x20 src/ParTest.o
 .debug_ranges  0x00000d38       0x50 c:/program files (x86)/atmel/atmel toolchain/arm gcc/native/4.7.3.1029/arm-gnu-toolchain/bin/../lib/gcc/arm-none-eabi/4.7.3/../../../../arm-none-eabi/lib/armv7e-m\libc.a(lib_a-__call_atexit.o)

.debug_macro    0x00000000    0x13f79
 .debug_macro   0x00000000      0x4ac src/asf/sam/drivers/usart/usart.o
 .debug_macro   0x000004ac      0x83e src/asf/sam/drivers/usart/usart.o
 .debug_macro   0x00000cea      0x16c src/asf/sam/drivers/usart/usart.o
 .debug_macro   0x00000e56       0x9f src/asf/sam/drivers/usart/usart.o
 .debug_macro   0x00000ef5       0x3a src/asf/sam/drivers/usart/usart.o
 .debug_macro   0x00000f2f       0x10 src/asf/sam/drivers/usart/usart.o
 .debug_macro   0x00000f3f       0x2e src/asf/sam/drivers/usart/usart.o
 .debug_macro   0x00000f6d       0xa3 src/asf/sam/drivers/usart/usart.o
 .debug_macro   0x00001010      0x20e src/asf/sam/drivers/usart/usart.o
 .debug_macro   0x0000121e       0x27 src/asf/sam/drivers/usart/usart.o
 .debug_macro   0x00001245       0x35 src/asf/sam/drivers/usart/usart.o
 .debug_macro   0x0000127a       0x18 src/asf/sam/drivers/usart/usart.o
 .debug_macro   0x00001292       0x42 src/asf/sam/drivers/usart/usart.o
 .debug_macro   0x000012d4      0x751 src/asf/sam/drivers/usart/usart.o
 .debug_macro   0x00001a25      0x155 src/asf/sam/drivers/usart/usart.o
 .debug_macro   0x00001b7a      0xaaa src/asf/sam/drivers/usart/usart.o
 .debug_macro   0x00002624      0x27f src/asf/sam/drivers/usart/usart.o
 .debug_macro   0x000028a3       0xac src/asf/sam/drivers/usart/usart.o
 .debug_macro   0x0000294f      0x307 src/asf/sam/drivers/usart/usart.o
 .debug_macro   0x00002c56       0x8e src/asf/sam/drivers/usart/usart.o
 .debug_macro   0x00002ce4       0x1c src/asf/sam/drivers/usart/usart.o
 .debug_macro   0x00002d00      0x78e src/asf/sam/drivers/usart/usart.o
 .debug_macro   0x0000348e      0x2ce src/asf/sam/drivers/usart/usart.o
 .debug_macro   0x0000375c       0xbe src/asf/sam/drivers/usart/usart.o
 .debug_macro   0x0000381a     0x27fd src/asf/sam/drivers/usart/usart.o
 .debug_macro   0x00006017      0x7e9 src/asf/sam/drivers/usart/usart.o
 .debug_macro   0x00006800      0xa7b src/asf/sam/drivers/usart/usart.o
 .debug_macro   0x0000727b       0x7c src/asf/sam/drivers/usart/usart.o