Archive member included because of file (symbol)

c:/program files (x86)/atmel/atmel toolchain/arm gcc/native/4.7.3.1029/arm-gnu-toolchain/bin/../lib/gcc/arm-none-eabi/4.7.3/../../../../arm-none-eabi/lib/armv7e-m\libc.a(lib_a-__atexit.o)
                              c:/program files (x86)/atmel/atmel toolchain/arm gcc/native/4.7.3.1029/arm-gnu-toolchain/bin/../lib/gcc/arm-none-eabi/4.7.3/../../../../arm-none-eabi/lib/armv7e-m/crt0.o (__register_exitproc)
c:/program files (x86)/atmel/atmel toolchain/arm gcc/native/4.7.3.1029/arm-gnu-toolchain/bin/../lib/gcc/arm-none-eabi/4.7.3/../../../../arm-none-eabi/lib/armv7e-m\libc.a(lib_a-exit.o)
                              c:/program files (x86)/atmel/atmel toolchain/arm gcc/native/4.7.3.1029/arm-gnu-toolchain/bin/../lib/gcc/arm-none-eabi/4.7.3/../../../../arm-none-eabi/lib/armv7e-m/crt0.o (exit)
c:/program files (x86)/atmel/atmel toolchain/arm gcc/native/4.7.3.1029/arm-gnu-toolchain/bin/../lib/gcc/arm-none-eabi/4.7.3/../../../../arm-none-eabi/lib/armv7e-m\libc.a(lib_a-fini.o)
                              c:/program files (x86)/atmel/atmel toolchain/arm gcc/native/4.7.3.1029/arm-gnu-toolchain/bin/../lib/gcc/arm-none-eabi/4.7.3/../../../../arm-none-eabi/lib/armv7e-m/crt0.o (__libc_fini_array)
c:/program files (x86)/atmel/atmel toolchain/arm gcc/native/4.7.3.1029/arm-gnu-toolchain/bin/../lib/gcc/arm-none-eabi/4.7.3/../../../../arm-none-eabi/lib/armv7e-m\libc.a(lib_a-impure.o)
                              c:/program files (x86)/atmel/atmel toolchain/arm gcc/native/4.7.3.1029/arm-gnu-toolchain/bin/../lib/gcc/arm-none-eabi/4.7.3/../../../../arm-none-eabi/lib/armv7e-m\libc.a(lib_a-__atexit.o) (_global_impure_ptr)
c:/program files (x86)/atmel/atmel toolchain/arm gcc/native/4.7.3.1029/arm-gnu-toolchain/bin/../lib/gcc/arm-none-eabi/4.7.3/../../../../arm-none-eabi/lib/armv7e-m\libc.a(lib_a-init.o)
                              c:/program files (x86)/atmel/atmel toolchain/arm gcc/native/4.7.3.1029/arm-gnu-toolchain/bin/../lib/gcc/arm-none-eabi/4.7.3/../../../../arm-none-eabi/lib/armv7e-m/crt0.o (__libc_init_array)
c:/program files (x86)/atmel/atmel toolchain/arm gcc/native/4.7.3.1029/arm-gnu-toolchain/bin/../lib/gcc/arm-none-eabi/4.7.3/../../../../arm-none-eabi/lib/armv7e-m\libc.a(lib_a-memcmp.o)
                              src/asf/thirdparty/FreeRTOS/tasks.o (memcmp)
c:/program files (x86)/atmel/atmel toolchain/arm gcc/native/4.7.3.1029/arm-gnu-toolchain/bin/../lib/gcc/arm-none-eabi/4.7.3/../../../../arm-none-eabi/lib/armv7e-m\libc.a(lib_a-memcpy.o)
                              src/asf/thirdparty/FreeRTOS/queue.o (memcpy)
c:/program files (x86)/atmel/atmel toolchain/arm gcc/native/4.7.3.1029/arm-gnu-toolchain/bin/../lib/gcc/arm-none-eabi/4.7.3/../../../../arm-none-eabi/lib/armv7e-m\libc.a(lib_a-memset.o)
                              c:/program files (x86)/atmel/atmel toolchain/arm gcc/native/4.7.3.1029/arm-gnu-toolchain/bin/../lib/gcc/arm-none-eabi/4.7.3/../../../../arm-none-eabi/lib/armv7e-m/crt0.o (memset)
c:/program files (x86)/atmel/atmel toolchain/arm gcc/native/4.7.3.1029/arm-gnu-toolchain/bin/../lib/gcc/arm-none-eabi/4.7.3/../../../../arm-none-eabi/lib/armv7e-m\libc.a(lib_a-__call_atexit.o)
                              c:/program files (x86)/atmel/atmel toolchain/arm gcc/native/4.7.3.1029/arm-gnu-toolchain/bin/../lib/gcc/arm-none-eabi/4.7.3/../../../../arm-none-eabi/lib/armv7e-m\libc.a(lib_a-exit.o) (__call_exitprocs)
c:/program files (x86)/atmel/atmel toolchain/arm gcc/native/4.7.3.1029/arm-gnu-toolchain/bin/../lib/gcc/arm-none-eabi/4.7.3/../../../../arm-none-eabi/lib/armv7e-m\libc.a(lib_a-atexit.o)
                              c:/program files (x86)/atmel/atmel toolchain/arm gcc/native/4.7.3.1029/arm-gnu-toolchain/bin/../lib/gcc/arm-none-eabi/4.7.3/../../../../arm-none-eabi/lib/armv7e-m\libc.a(lib_a-__call_atexit.o) (atexit)

Allocating common symbols
Common symbol       size              file

xQueueSetSendingTask
                    0x4               src/Common-Demo-Source/QueueSet.o
xCreatedTask        0x4               src/Common-Demo-Source/death.o
xQueueSetReceivingTask
                    0x4               src/Common-Demo-Source/QueueSet.o
xSuspendedTestQueue
                    0x4               src/Common-Demo-Source/dynamic.o

Discarded input sections

 .text          0x00000000        0x0 c:/program files (x86)/atmel/atmel toolchain/arm gcc/native/4.7.3.1029/arm-gnu-toolchain/bin/../lib/gcc/arm-none-eabi/4.7.3/armv7e-m/crti.o
 .data          0x00000000        0x0 c:/program files (x86)/atmel/atmel toolchain/arm gcc/native/4.7.3.1029/arm-gnu-toolchain/bin/../lib/gcc/arm-none-eabi/4.7.3/armv7e-m/crti.o
 .bss           0x00000000        0x0 c:/program files (x86)/atmel/atmel toolchain/arm gcc/native/4.7.3.1029/arm-gnu-toolchain/bin/../lib/gcc/arm-none-eabi/4.7.3/armv7e-m/crti.o
[...]
Memory Configuration

Name             Origin             Length             Attributes
rom              0x00400000         0x00100000         xr
ram              0x20000000         0x00020000         xrw
*default*        0x00000000         0xffffffff

Linker script and memory map

LOAD c:/program files (x86)/atmel/atmel toolchain/arm gcc/native/4.7.3.1029/arm-gnu-toolchain/bin/../lib/gcc/arm-none-eabi/4.7.3/armv7e-m/crti.o
LOAD c:/program files (x86)/atmel/atmel toolchain/arm gcc/native/4.7.3.1029/arm-gnu-toolchain/bin/../lib/gcc/arm-none-eabi/4.7.3/armv7e-m/crtbegin.o
LOAD c:/program files (x86)/atmel/atmel toolchain/arm gcc/native/4.7.3.1029/arm-gnu-toolchain/bin/../lib/gcc/arm-none-eabi/4.7.3/../../../../arm-none-eabi/lib/armv7e-m/crt0.o
LOAD src/asf/sam/drivers/usart/usart.o
LOAD src/asf/thirdparty/FreeRTOS/portable/MemMang/heap_4.o
LOAD src/Common-Demo-Source/QueueSet.o
LOAD src/serial.o
LOAD src/asf/common/services/clock/sam4s/sysclk.o
LOAD src/asf/common/utils/interrupt/interrupt_sam_nvic.o
LOAD src/asf/sam/boards/sam4s_ek/init.o
LOAD src/asf/sam/drivers/pio/pio.o
LOAD src/asf/sam/drivers/pio/pio_handler.o
LOAD src/asf/sam/drivers/pmc/pmc.o
LOAD src/asf/sam/utils/cmsis/sam4s/source/templates/exceptions.o
LOAD src/asf/sam/utils/cmsis/sam4s/source/templates/gcc/startup_sam4s.o
LOAD src/asf/sam/utils/cmsis/sam4s/source/templates/system_sam4s.o
LOAD src/asf/thirdparty/FreeRTOS/list.o
LOAD src/asf/thirdparty/FreeRTOS/portable/GCC/ARM_CM3/port.o
LOAD src/asf/thirdparty/FreeRTOS/queue.o
LOAD src/asf/thirdparty/FreeRTOS/tasks.o
LOAD src/asf/thirdparty/FreeRTOS/timers.o
LOAD src/Common-Demo-Source/BlockQ.o
LOAD src/Common-Demo-Source/blocktim.o
LOAD src/Common-Demo-Source/comtest.o
LOAD src/Common-Demo-Source/countsem.o
LOAD src/Common-Demo-Source/death.o
LOAD src/Common-Demo-Source/dynamic.o
LOAD src/Common-Demo-Source/flash_timer.o
LOAD src/Common-Demo-Source/GenQTest.o
LOAD src/Common-Demo-Source/integer.o
LOAD src/Common-Demo-Source/PollQ.o
LOAD src/Common-Demo-Source/recmutex.o
LOAD src/Common-Demo-Source/semtest.o
LOAD src/main.o
LOAD src/main_blinky.o
LOAD src/main_full.o
LOAD src/ParTest.o
START GROUP
END GROUP
START GROUP
LOAD c:/program files (x86)/atmel/atmel toolchain/arm gcc/native/4.7.3.1029/arm-gnu-toolchain/bin/../lib/gcc/arm-none-eabi/4.7.3/armv7e-m\libgcc.a
LOAD c:/program files (x86)/atmel/atmel toolchain/arm gcc/native/4.7.3.1029/arm-gnu-toolchain/bin/../lib/gcc/arm-none-eabi/4.7.3/../../../../arm-none-eabi/lib/armv7e-m\libc.a
END GROUP
LOAD c:/program files (x86)/atmel/atmel toolchain/arm gcc/native/4.7.3.1029/arm-gnu-toolchain/bin/../lib/gcc/arm-none-eabi/4.7.3/armv7e-m/crtend.o
LOAD c:/program files (x86)/atmel/atmel toolchain/arm gcc/native/4.7.3.1029/arm-gnu-toolchain/bin/../lib/gcc/arm-none-eabi/4.7.3/armv7e-m/crtn.o
                0x00003000                STACK_SIZE = 0x3000

.text           0x00400000     0x4b3c
                0x00400000                . = ALIGN (0x4)
                0x00400000                _sfixed = .
 *(.vectors .vectors.*)
 .vectors       0x00400000       0xd0 src/asf/sam/utils/cmsis/sam4s/source/templates/gcc/startup_sam4s.o
                0x00400000                exception_table
 *(.text .text.* .gnu.linkonce.t.*)
 .text          0x004000d0       0xb0 c:/program files (x86)/atmel/atmel toolchain/arm gcc/native/4.7.3.1029/arm-gnu-toolchain/bin/../lib/gcc/arm-none-eabi/4.7.3/armv7e-m/crtbegin.o
 .text.usart_disable_interrupt
                0x00400180       0x1c src/asf/sam/drivers/usart/usart.o
                0x00400180                usart_disable_interrupt
 .text.usart_get_interrupt_mask
                0x0040019c       0x18 src/asf/sam/drivers/usart/usart.o
                0x0040019c                usart_get_interrupt_mask
 .text.usart_get_status
                0x004001b4       0x18 src/asf/sam/drivers/usart/usart.o
                0x004001b4                usart_get_status
 .text.usart_putchar
                0x004001cc       0x5c src/asf/sam/drivers/usart/usart.o
                0x004001cc                usart_putchar
 .text.usart_getchar
                0x00400228       0x5c src/asf/sam/drivers/usart/usart.o
                0x00400228                usart_getchar
 .text.pvPortMalloc
                0x00400284      0x180 src/asf/thirdparty/FreeRTOS/portable/MemMang/heap_4.o
                0x00400284                pvPortMalloc
 .text.vPortFree
                0x00400404       0xd4 src/asf/thirdparty/FreeRTOS/portable/MemMang/heap_4.o
                0x00400404                vPortFree
 .text.prvHeapInit
                0x004004d8       0xfc src/asf/thirdparty/FreeRTOS/portable/MemMang/heap_4.o
 .text.prvInsertBlockIntoFreeList
                0x004005d4       0xbc src/asf/thirdparty/FreeRTOS/portable/MemMang/heap_4.o
 .text.USART1_Handler
                0x00400690      0x108 src/serial.o
                0x00400690                USART1_Handler
 .text.osc_enable
                0x00400798       0xac src/asf/common/services/clock/sam4s/sysclk.o
 .text.osc_is_ready
                0x00400844       0x78 src/asf/common/services/clock/sam4s/sysclk.o
 .text.osc_get_rate
                0x004008bc       0x88 src/asf/common/services/clock/sam4s/sysclk.o
 .text.osc_wait_ready
                0x00400944       0x30 src/asf/common/services/clock/sam4s/sysclk.o
 .text.pll_config_init
                0x00400974       0x5c src/asf/common/services/clock/sam4s/sysclk.o
 .text.pll_enable
                0x004009d0       0x50 src/asf/common/services/clock/sam4s/sysclk.o
 .text.pll_is_locked
                0x00400a20       0x34 src/asf/common/services/clock/sam4s/sysclk.o
 .text.pll_enable_source
                0x00400a54       0x3c src/asf/common/services/clock/sam4s/sysclk.o
 .text.pll_wait_for_lock
                0x00400a90       0x2c src/asf/common/services/clock/sam4s/sysclk.o
 .text.sysclk_get_main_hz
                0x00400abc       0x24 src/asf/common/services/clock/sam4s/sysclk.o
 .text.sysclk_get_cpu_hz
                0x00400ae0       0x18 src/asf/common/services/clock/sam4s/sysclk.o
 .text.sysclk_init
                0x00400af8       0x8c src/asf/common/services/clock/sam4s/sysclk.o
                0x00400af8                sysclk_init
 .text.board_init
                0x00400b84       0xa8 src/asf/sam/boards/sam4s_ek/init.o
                0x00400b84                board_init
 .text.pio_pull_up
                0x00400c2c       0x2c src/asf/sam/drivers/pio/pio.o
                0x00400c2c                pio_pull_up
 .text.pio_set_peripheral
                0x00400c58      0x118 src/asf/sam/drivers/pio/pio.o
                0x00400c58                pio_set_peripheral
 .text.pio_set_input
                0x00400d70       0x84 src/asf/sam/drivers/pio/pio.o
                0x00400d70                pio_set_input
 .text.pio_set_output
                0x00400df4       0x68 src/asf/sam/drivers/pio/pio.o
                0x00400df4                pio_set_output
 .text.pio_disable_interrupt
                0x00400e5c       0x1c src/asf/sam/drivers/pio/pio.o
                0x00400e5c                pio_disable_interrupt
 .text.pio_get_interrupt_status
                0x00400e78       0x18 src/asf/sam/drivers/pio/pio.o
                0x00400e78                pio_get_interrupt_status
 .text.pio_get_interrupt_mask
                0x00400e90       0x18 src/asf/sam/drivers/pio/pio.o
                0x00400e90                pio_get_interrupt_mask
 .text.pio_set_pin_high
                0x00400ea8       0x3c src/asf/sam/drivers/pio/pio.o
                0x00400ea8                pio_set_pin_high
 .text.pio_set_pin_low
                0x00400ee4       0x3c src/asf/sam/drivers/pio/pio.o
                0x00400ee4                pio_set_pin_low
 .text.pio_toggle_pin
                0x00400f20       0x68 src/asf/sam/drivers/pio/pio.o
                0x00400f20                pio_toggle_pin
 .text.pio_configure_pin
                0x00400f88      0x1fc src/asf/sam/drivers/pio/pio.o
                0x00400f88                pio_configure_pin
 .text.pio_handler_process
                0x00401184       0xec src/asf/sam/drivers/pio/pio_handler.o
                0x00401184                pio_handler_process
 .text.PIOA_Handler
                0x00401270       0x1c src/asf/sam/drivers/pio/pio_handler.o
                0x00401270                PIOA_Handler
 .text.PIOB_Handler
                0x0040128c       0x1c src/asf/sam/drivers/pio/pio_handler.o
                0x0040128c                PIOB_Handler
 .text.PIOC_Handler
                0x004012a8       0x1c src/asf/sam/drivers/pio/pio_handler.o
                0x004012a8                PIOC_Handler
 .text.pmc_switch_mck_to_pllack
                0x004012c4       0xac src/asf/sam/drivers/pmc/pmc.o
                0x004012c4                pmc_switch_mck_to_pllack
 .text.pmc_switch_sclk_to_32kxtal
                0x00401370       0x50 src/asf/sam/drivers/pmc/pmc.o
                0x00401370                pmc_switch_sclk_to_32kxtal
 .text.pmc_osc_is_ready_32kxtal
                0x004013c0       0x3c src/asf/sam/drivers/pmc/pmc.o
                0x004013c0                pmc_osc_is_ready_32kxtal
 .text.pmc_switch_mainck_to_fastrc
                0x004013fc       0xe0 src/asf/sam/drivers/pmc/pmc.o
                0x004013fc                pmc_switch_mainck_to_fastrc
 .text.pmc_switch_mainck_to_xtal
                0x004014dc       0x9c src/asf/sam/drivers/pmc/pmc.o
                0x004014dc                pmc_switch_mainck_to_xtal
 .text.pmc_osc_is_ready_mainck
                0x00401578       0x1c src/asf/sam/drivers/pmc/pmc.o
                0x00401578                pmc_osc_is_ready_mainck
 .text.pmc_disable_pllack
                0x00401594       0x18 src/asf/sam/drivers/pmc/pmc.o
                0x00401594                pmc_disable_pllack
 .text.pmc_is_locked_pllack
                0x004015ac       0x1c src/asf/sam/drivers/pmc/pmc.o
                0x004015ac                pmc_is_locked_pllack
 .text.pmc_disable_pllbck
                0x004015c8       0x18 src/asf/sam/drivers/pmc/pmc.o
                0x004015c8                pmc_disable_pllbck
 .text.pmc_is_locked_pllbck
                0x004015e0       0x1c src/asf/sam/drivers/pmc/pmc.o
                0x004015e0                pmc_is_locked_pllbck
 .text.Dummy_Handler
                0x004015fc        0x8 src/asf/sam/utils/cmsis/sam4s/source/templates/exceptions.o
                0x004015fc                DACC_Handler
                0x004015fc                DebugMon_Handler
                0x004015fc                HardFault_Handler
                0x004015fc                TC2_Handler
                0x004015fc                SPI_Handler
                0x004015fc                TWI1_Handler
                0x004015fc                NMI_Handler
                0x004015fc                ADC_Handler
                0x004015fc                SMC_Handler
                0x004015fc                CRCCU_Handler
                0x004015fc                USART0_Handler
                0x004015fc                RTT_Handler
                0x004015fc                RTC_Handler
                0x004015fc                UsageFault_Handler
                0x004015fc                WDT_Handler
                0x004015fc                TC4_Handler
                0x004015fc                TC1_Handler
                0x004015fc                HSMCI_Handler
                0x004015fc                UART1_Handler
                0x004015fc                TC3_Handler
                0x004015fc                Dummy_Handler
                0x004015fc                TWI0_Handler
                0x004015fc                SSC_Handler
                0x004015fc                ACC_Handler
                0x004015fc                PMC_Handler
                0x004015fc                PWM_Handler
                0x004015fc                MemManage_Handler
                0x004015fc                SUPC_Handler
                0x004015fc                EFC_Handler
                0x004015fc                UART0_Handler
                0x004015fc                UDP_Handler
                0x004015fc                BusFault_Handler
                0x004015fc                RSTC_Handler
                0x004015fc                TC0_Handler
                0x004015fc                TC5_Handler
 .text.Reset_Handler
                0x00401604       0xd4 src/asf/sam/utils/cmsis/sam4s/source/templates/gcc/startup_sam4s.o
                0x00401604                Reset_Handler
 .text.SystemCoreClockUpdate
                0x004016d8      0x2b4 src/asf/sam/utils/cmsis/sam4s/source/templates/system_sam4s.o
                0x004016d8                SystemCoreClockUpdate
 .text.system_init_flash
                0x0040198c       0x98 src/asf/sam/utils/cmsis/sam4s/source/templates/system_sam4s.o
                0x0040198c                system_init_flash
 .text.vListInitialise
                0x00401a24       0x40 src/asf/thirdparty/FreeRTOS/list.o
                0x00401a24                vListInitialise
 .text.vListInitialiseItem
                0x00401a64       0x1c src/asf/thirdparty/FreeRTOS/list.o
                0x00401a64                vListInitialiseItem
 .text.vListInsertEnd
                0x00401a80       0x48 src/asf/thirdparty/FreeRTOS/list.o
                0x00401a80                vListInsertEnd
 .text.vListInsert
                0x00401ac8       0x74 src/asf/thirdparty/FreeRTOS/list.o
                0x00401ac8                vListInsert
 .text.uxListRemove
                0x00401b3c       0x58 src/asf/thirdparty/FreeRTOS/list.o
                0x00401b3c                uxListRemove
 .text.pxPortInitialiseStack
                0x00401b94       0x64 src/asf/thirdparty/FreeRTOS/portable/GCC/ARM_CM3/port.o
                0x00401b94                pxPortInitialiseStack
 .text.prvTaskExitError
                0x00401bf8       0x2c src/asf/thirdparty/FreeRTOS/portable/GCC/ARM_CM3/port.o
 .text.SVC_Handler
                0x00401c24       0x20 src/asf/thirdparty/FreeRTOS/portable/GCC/ARM_CM3/port.o
                0x00401c24                SVC_Handler
 .text.prvPortStartFirstTask
                0x00401c44       0x14 src/asf/thirdparty/FreeRTOS/portable/GCC/ARM_CM3/port.o
 .text.xPortStartScheduler
                0x00401c58      0x120 src/asf/thirdparty/FreeRTOS/portable/GCC/ARM_CM3/port.o
                0x00401c58                xPortStartScheduler
 .text.vPortYield
                0x00401d78       0x20 src/asf/thirdparty/FreeRTOS/portable/GCC/ARM_CM3/port.o
                0x00401d78                vPortYield
 .text.vPortEnterCritical
                0x00401d98       0x30 src/asf/thirdparty/FreeRTOS/portable/GCC/ARM_CM3/port.o
                0x00401d98                vPortEnterCritical
 .text.vPortExitCritical
                0x00401dc8       0x3c src/asf/thirdparty/FreeRTOS/portable/GCC/ARM_CM3/port.o
                0x00401dc8                vPortExitCritical
 .text.ulPortSetInterruptMask
                0x00401e04       0x14 src/asf/thirdparty/FreeRTOS/portable/GCC/ARM_CM3/port.o
                0x00401e04                ulPortSetInterruptMask
 .text.vPortClearInterruptMask
                0x00401e18        0x8 src/asf/thirdparty/FreeRTOS/portable/GCC/ARM_CM3/port.o
                0x00401e18                vPortClearInterruptMask
 .text.PendSV_Handler
                0x00401e20       0x3c src/asf/thirdparty/FreeRTOS/portable/GCC/ARM_CM3/port.o
                0x00401e20                PendSV_Handler
 .text.SysTick_Handler
                0x00401e5c       0x3c src/asf/thirdparty/FreeRTOS/portable/GCC/ARM_CM3/port.o
                0x00401e5c                SysTick_Handler
 .text.vPortSetupTimerInterrupt
                0x00401e98       0x40 src/asf/thirdparty/FreeRTOS/portable/GCC/ARM_CM3/port.o
                0x00401e98                vPortSetupTimerInterrupt
 .text.vPortValidateInterruptPriority
                0x00401ed8       0x70 src/asf/thirdparty/FreeRTOS/portable/GCC/ARM_CM3/port.o
                0x00401ed8                vPortValidateInterruptPriority
 .text.xQueueGenericReset
                0x00401f48       0xe8 src/asf/thirdparty/FreeRTOS/queue.o
                0x00401f48                xQueueGenericReset
 .text.xQueueGenericCreate
                0x00402030       0xac src/asf/thirdparty/FreeRTOS/queue.o
                0x00402030                xQueueGenericCreate
 .text.xQueueGenericSend
                0x004020dc      0x234 src/asf/thirdparty/FreeRTOS/queue.o
                0x004020dc                xQueueGenericSend
 .text.xQueueGenericSendFromISR
                0x00402310      0x144 src/asf/thirdparty/FreeRTOS/queue.o
                0x00402310                xQueueGenericSendFromISR
 .text.xQueueGenericReceive
                0x00402454      0x264 src/asf/thirdparty/FreeRTOS/queue.o
                0x00402454                xQueueGenericReceive
 .text.xQueueReceiveFromISR
                0x004026b8       0xf0 src/asf/thirdparty/FreeRTOS/queue.o
                0x004026b8                xQueueReceiveFromISR
 .text.prvCopyDataToQueue
                0x004027a8       0xf0 src/asf/thirdparty/FreeRTOS/queue.o
 .text.prvCopyDataFromQueue
                0x00402898       0x54 src/asf/thirdparty/FreeRTOS/queue.o
 .text.prvUnlockQueue
                0x004028ec       0xfc src/asf/thirdparty/FreeRTOS/queue.o
 .text.prvIsQueueEmpty
                0x004029e8       0x40 src/asf/thirdparty/FreeRTOS/queue.o
 .text.prvIsQueueFull
                0x00402a28       0x44 src/asf/thirdparty/FreeRTOS/queue.o
 .text.vQueueWaitForMessageRestricted
                0x00402a6c       0x78 src/asf/thirdparty/FreeRTOS/queue.o
                0x00402a6c                vQueueWaitForMessageRestricted
 .text.prvNotifyQueueSetContainer
                0x00402ae4       0x94 src/asf/thirdparty/FreeRTOS/queue.o
 .text.xTaskGenericCreate
                0x00402b78      0x1f4 src/asf/thirdparty/FreeRTOS/tasks.o
                0x00402b78                xTaskGenericCreate
 .text.vTaskDelayUntil
                0x00402d6c      0x11c src/asf/thirdparty/FreeRTOS/tasks.o
                0x00402d6c                vTaskDelayUntil
 .text.vTaskStartScheduler
                0x00402e88       0xa8 src/asf/thirdparty/FreeRTOS/tasks.o
                0x00402e88                vTaskStartScheduler
 .text.vTaskSuspendAll
                0x00402f30       0x24 src/asf/thirdparty/FreeRTOS/tasks.o
                0x00402f30                vTaskSuspendAll
 .text.xTaskResumeAll
                0x00402f54      0x1a4 src/asf/thirdparty/FreeRTOS/tasks.o
                0x00402f54                xTaskResumeAll
 .text.xTaskGetTickCount
                0x004030f8       0x34 src/asf/thirdparty/FreeRTOS/tasks.o
                0x004030f8                xTaskGetTickCount
 .text.xTaskIncrementTick
                0x0040312c      0x284 src/asf/thirdparty/FreeRTOS/tasks.o
                0x0040312c                xTaskIncrementTick
 .text.vTaskSwitchContext
                0x004033b0      0x160 src/asf/thirdparty/FreeRTOS/tasks.o
                0x004033b0                vTaskSwitchContext
 .text.vTaskPlaceOnEventList
                0x00403510       0xd8 src/asf/thirdparty/FreeRTOS/tasks.o
                0x00403510                vTaskPlaceOnEventList
 .text.vTaskPlaceOnEventListRestricted
                0x004035e8       0xac src/asf/thirdparty/FreeRTOS/tasks.o
                0x004035e8                vTaskPlaceOnEventListRestricted
 .text.xTaskRemoveFromEventList
                0x00403694       0xfc src/asf/thirdparty/FreeRTOS/tasks.o
                0x00403694                xTaskRemoveFromEventList
 .text.vTaskSetTimeOutState
                0x00403790       0x40 src/asf/thirdparty/FreeRTOS/tasks.o
                0x00403790                vTaskSetTimeOutState
 .text.xTaskCheckForTimeOut
                0x004037d0       0xcc src/asf/thirdparty/FreeRTOS/tasks.o
                0x004037d0                xTaskCheckForTimeOut
 .text.vTaskMissedYield
                0x0040389c       0x18 src/asf/thirdparty/FreeRTOS/tasks.o
                0x0040389c                vTaskMissedYield
 .text.prvIdleTask
                0x004038b4       0x30 src/asf/thirdparty/FreeRTOS/tasks.o
 .text.prvInitialiseTCBVariables
                0x004038e4       0xac src/asf/thirdparty/FreeRTOS/tasks.o
 .text.prvInitialiseTaskLists
                0x00403990       0xc8 src/asf/thirdparty/FreeRTOS/tasks.o
 .text.prvCheckTasksWaitingTermination
                0x00403a58       0xc0 src/asf/thirdparty/FreeRTOS/tasks.o
 .text.prvAddCurrentTaskToDelayedList
                0x00403b18       0x98 src/asf/thirdparty/FreeRTOS/tasks.o
 .text.prvAllocateTCBAndStack
                0x00403bb0       0x88 src/asf/thirdparty/FreeRTOS/tasks.o
 .text.prvDeleteTCB
                0x00403c38       0x2c src/asf/thirdparty/FreeRTOS/tasks.o
 .text.xTaskGetCurrentTaskHandle
                0x00403c64       0x20 src/asf/thirdparty/FreeRTOS/tasks.o
                0x00403c64                xTaskGetCurrentTaskHandle
 .text.xTaskGetSchedulerState
                0x00403c84       0x48 src/asf/thirdparty/FreeRTOS/tasks.o
                0x00403c84                xTaskGetSchedulerState
 .text.vTaskPriorityInherit
                0x00403ccc      0x148 src/asf/thirdparty/FreeRTOS/tasks.o
                0x00403ccc                vTaskPriorityInherit
 .text.vTaskPriorityDisinherit
                0x00403e14       0xe8 src/asf/thirdparty/FreeRTOS/tasks.o
                0x00403e14                vTaskPriorityDisinherit
 .text.xTimerCreateTimerTask
                0x00403efc       0x80 src/asf/thirdparty/FreeRTOS/timers.o
                0x00403efc                xTimerCreateTimerTask
 .text.xTimerGenericCommand
                0x00403f7c       0xc4 src/asf/thirdparty/FreeRTOS/timers.o
                0x00403f7c                xTimerGenericCommand
 .text.prvProcessExpiredTimer
                0x00404040       0x94 src/asf/thirdparty/FreeRTOS/timers.o
 .text.prvTimerTask
                0x004040d4       0x38 src/asf/thirdparty/FreeRTOS/timers.o
 .text.prvProcessTimerOrBlockTask
                0x0040410c       0xa4 src/asf/thirdparty/FreeRTOS/timers.o
 .text.prvGetNextExpireTime
                0x004041b0       0x54 src/asf/thirdparty/FreeRTOS/timers.o
 .text.prvSampleTimeNow
                0x00404204       0x64 src/asf/thirdparty/FreeRTOS/timers.o
 .text.prvInsertTimerInActiveList
                0x00404268       0xa0 src/asf/thirdparty/FreeRTOS/timers.o
 .text.prvProcessReceivedCommands
                0x00404308      0x13c src/asf/thirdparty/FreeRTOS/timers.o
 .text.prvSwitchTimerLists
                0x00404444      0x100 src/asf/thirdparty/FreeRTOS/timers.o
 .text.prvCheckForValidListAndQueue
                0x00404544       0x94 src/asf/thirdparty/FreeRTOS/timers.o
 .text.NVIC_SetPriorityGrouping
                0x004045d8       0x50 src/main.o
 .text.main     0x00404628       0x20 src/main.o
                0x00404628                main
 .text.prvSetupHardware
                0x00404648       0x34 src/main.o
 .text.vApplicationMallocFailedHook
                0x0040467c       0x10 src/main.o
                0x0040467c                vApplicationMallocFailedHook
 .text.vApplicationStackOverflowHook
                0x0040468c       0x18 src/main.o
                0x0040468c                vApplicationStackOverflowHook
 .text.vApplicationTickHook
                0x004046a4        0xc src/main.o
                0x004046a4                vApplicationTickHook
 .text.main_blinky
                0x004046b0       0xb8 src/main_blinky.o
                0x004046b0                main_blinky
 .text.prvQueueSendTask
                0x00404768       0x6c src/main_blinky.o
 .text.prvQueueReceiveTask
                0x004047d4       0x5c src/main_blinky.o
 .text.vParTestInitialise
                0x00404830       0x54 src/ParTest.o
                0x00404830                vParTestInitialise
 .text.vParTestSetLED
                0x00404884       0x90 src/ParTest.o
                0x00404884                vParTestSetLED
 .text.vParTestToggleLED
                0x00404914       0x44 src/ParTest.o
                0x00404914                vParTestToggleLED
 .text          0x00404958       0x9c c:/program files (x86)/atmel/atmel toolchain/arm gcc/native/4.7.3.1029/arm-gnu-toolchain/bin/../lib/gcc/arm-none-eabi/4.7.3/../../../../arm-none-eabi/lib/armv7e-m\libc.a(lib_a-__atexit.o)
                0x00404958                __register_exitproc
 .text          0x004049f4       0x2c c:/program files (x86)/atmel/atmel toolchain/arm gcc/native/4.7.3.1029/arm-gnu-toolchain/bin/../lib/gcc/arm-none-eabi/4.7.3/../../../../arm-none-eabi/lib/armv7e-m\libc.a(lib_a-fini.o)
                0x004049f4                __libc_fini_array
 .text          0x00404a20       0x4c c:/program files (x86)/atmel/atmel toolchain/arm gcc/native/4.7.3.1029/arm-gnu-toolchain/bin/../lib/gcc/arm-none-eabi/4.7.3/../../../../arm-none-eabi/lib/armv7e-m\libc.a(lib_a-init.o)
                0x00404a20                __libc_init_array
 .text          0x00404a6c       0x1e c:/program files (x86)/atmel/atmel toolchain/arm gcc/native/4.7.3.1029/arm-gnu-toolchain/bin/../lib/gcc/arm-none-eabi/4.7.3/../../../../arm-none-eabi/lib/armv7e-m\libc.a(lib_a-memcmp.o)
                0x00404a6c                memcmp
 .text          0x00404a8a       0x12 c:/program files (x86)/atmel/atmel toolchain/arm gcc/native/4.7.3.1029/arm-gnu-toolchain/bin/../lib/gcc/arm-none-eabi/4.7.3/../../../../arm-none-eabi/lib/armv7e-m\libc.a(lib_a-memcpy.o)
                0x00404a8a                memcpy
 .text          0x00404a9c       0x10 c:/program files (x86)/atmel/atmel toolchain/arm gcc/native/4.7.3.1029/arm-gnu-toolchain/bin/../lib/gcc/arm-none-eabi/4.7.3/../../../../arm-none-eabi/lib/armv7e-m\libc.a(lib_a-memset.o)
                0x00404a9c                memset
 .text.startup  0x00404aac       0x14 c:/program files (x86)/atmel/atmel toolchain/arm gcc/native/4.7.3.1029/arm-gnu-toolchain/bin/../lib/gcc/arm-none-eabi/4.7.3/../../../../arm-none-eabi/lib/armv7e-m\libc.a(lib_a-__call_atexit.o)
 .text          0x00404ac0        0xc c:/program files (x86)/atmel/atmel toolchain/arm gcc/native/4.7.3.1029/arm-gnu-toolchain/bin/../lib/gcc/arm-none-eabi/4.7.3/../../../../arm-none-eabi/lib/armv7e-m\libc.a(lib_a-atexit.o)
                0x00404ac0                atexit
 *(.glue_7t)
 .glue_7t       0x00000000        0x0 linker stubs
 *(.glue_7)
 .glue_7        0x00000000        0x0 linker stubs
 *(.rodata .rodata* .gnu.linkonce.r.*)
 .rodata.heapSTRUCT_SIZE
                0x00404acc        0x2 src/asf/thirdparty/FreeRTOS/portable/MemMang/heap_4.o
 *fill*         0x00404ace        0x2 00
 .rodata.xTotalHeapSize
                0x00404ad0        0x4 src/asf/thirdparty/FreeRTOS/portable/MemMang/heap_4.o
 .rodata.pcInterruptPriorityRegisters
                0x00404ad4        0x4 src/asf/thirdparty/FreeRTOS/portable/GCC/ARM_CM3/port.o
 .rodata        0x00404ad8        0x8 src/asf/thirdparty/FreeRTOS/tasks.o
 .rodata.ucExpectedStackBytes.5224
                0x00404ae0       0x14 src/asf/thirdparty/FreeRTOS/tasks.o
 .rodata        0x00404af4        0x8 src/asf/thirdparty/FreeRTOS/timers.o
 .rodata        0x00404afc        0x8 src/main_blinky.o
 .rodata.ulLED  0x00404b04        0xc src/ParTest.o
 .rodata        0x00404b10        0x4 c:/program files (x86)/atmel/atmel toolchain/arm gcc/native/4.7.3.1029/arm-gnu-toolchain/bin/../lib/gcc/arm-none-eabi/4.7.3/../../../../arm-none-eabi/lib/armv7e-m\libc.a(lib_a-impure.o)
                0x00404b10                _global_impure_ptr
 .rodata.str1.1
                0x00404b14        0x2 c:/program files (x86)/atmel/atmel toolchain/arm gcc/native/4.7.3.1029/arm-gnu-toolchain/bin/../lib/gcc/arm-none-eabi/4.7.3/../../../../arm-none-eabi/lib/armv7e-m\libc.a(lib_a-impure.o)
 *(.ARM.extab* .gnu.linkonce.armextab.*)
                0x00404b18                . = ALIGN (0x4)
 *fill*         0x00404b16        0x2 00
 *(.init)
 .init          0x00404b18        0x4 c:/program files (x86)/atmel/atmel toolchain/arm gcc/native/4.7.3.1029/arm-gnu-toolchain/bin/../lib/gcc/arm-none-eabi/4.7.3/armv7e-m/crti.o
                0x00404b18                _init
 .init          0x00404b1c        0x8 c:/program files (x86)/atmel/atmel toolchain/arm gcc/native/4.7.3.1029/arm-gnu-toolchain/bin/../lib/gcc/arm-none-eabi/4.7.3/armv7e-m/crtn.o
                0x00404b24                . = ALIGN (0x4)
                0x00404b24                __preinit_array_start = .
 *(.preinit_array)
                0x00404b24                __preinit_array_end = .
                0x00404b24                . = ALIGN (0x4)
                0x00404b24                __init_array_start = .
 *(SORT(.init_array.*))
 .init_array.00000
                0x00404b24        0x4 c:/program files (x86)/atmel/atmel toolchain/arm gcc/native/4.7.3.1029/arm-gnu-toolchain/bin/../lib/gcc/arm-none-eabi/4.7.3/../../../../arm-none-eabi/lib/armv7e-m\libc.a(lib_a-__call_atexit.o)
 *(.init_array)
 .init_array    0x00404b28        0x4 c:/program files (x86)/atmel/atmel toolchain/arm gcc/native/4.7.3.1029/arm-gnu-toolchain/bin/../lib/gcc/arm-none-eabi/4.7.3/armv7e-m/crtbegin.o
                0x00404b2c                __init_array_end = .
                0x00404b2c                . = ALIGN (0x4)
 *crtbegin.o(.ctors)
 *(EXCLUDE_FILE(*crtend.o) .ctors)
 *(SORT(.ctors.*))
 *crtend.o(.ctors)
                0x00404b2c                . = ALIGN (0x4)
 *(.fini)
 .fini          0x00404b2c        0x4 c:/program files (x86)/atmel/atmel toolchain/arm gcc/native/4.7.3.1029/arm-gnu-toolchain/bin/../lib/gcc/arm-none-eabi/4.7.3/armv7e-m/crti.o
                0x00404b2c                _fini
 .fini          0x00404b30        0x8 c:/program files (x86)/atmel/atmel toolchain/arm gcc/native/4.7.3.1029/arm-gnu-toolchain/bin/../lib/gcc/arm-none-eabi/4.7.3/armv7e-m/crtn.o
                0x00404b38                . = ALIGN (0x4)
                0x00404b38                __fini_array_start = .
 *(.fini_array)
 .fini_array    0x00404b38        0x4 c:/program files (x86)/atmel/atmel toolchain/arm gcc/native/4.7.3.1029/arm-gnu-toolchain/bin/../lib/gcc/arm-none-eabi/4.7.3/armv7e-m/crtbegin.o
 *(SORT(.fini_array.*))
                0x00404b3c                __fini_array_end = .
 *crtbegin.o(.dtors)
 *(EXCLUDE_FILE(*crtend.o) .dtors)
 *(SORT(.dtors.*))
 *crtend.o(.dtors)
                0x00404b3c                . = ALIGN (0x4)
                0x00404b3c                _efixed = .
                0x00404b3c                PROVIDE (__exidx_start, .)

.vfp11_veneer   0x00404b3c        0x0
 .vfp11_veneer  0x00000000        0x0 linker stubs

.v4_bx          0x00404b3c        0x0
 .v4_bx         0x00000000        0x0 linker stubs

.iplt           0x00404b3c        0x0
 .iplt          0x00000000        0x0 c:/program files (x86)/atmel/atmel toolchain/arm gcc/native/4.7.3.1029/arm-gnu-toolchain/bin/../lib/gcc/arm-none-eabi/4.7.3/armv7e-m/crtbegin.o

.eh_frame       0x00404b3c        0x0
 .eh_frame      0x00404b3c        0x0 c:/program files (x86)/atmel/atmel toolchain/arm gcc/native/4.7.3.1029/arm-gnu-toolchain/bin/../lib/gcc/arm-none-eabi/4.7.3/armv7e-m/crtbegin.o

.rel.dyn        0x00404b3c        0x0
 .rel.iplt      0x00000000        0x0 c:/program files (x86)/atmel/atmel toolchain/arm gcc/native/4.7.3.1029/arm-gnu-toolchain/bin/../lib/gcc/arm-none-eabi/4.7.3/armv7e-m/crtbegin.o

.jcr            0x00404b3c        0x0
 .jcr           0x00404b3c        0x0 c:/program files (x86)/atmel/atmel toolchain/arm gcc/native/4.7.3.1029/arm-gnu-toolchain/bin/../lib/gcc/arm-none-eabi/4.7.3/armv7e-m/crtbegin.o

.tm_clone_table
                0x00404b3c        0x0
 .tm_clone_table
                0x00404b3c        0x0 c:/program files (x86)/atmel/atmel toolchain/arm gcc/native/4.7.3.1029/arm-gnu-toolchain/bin/../lib/gcc/arm-none-eabi/4.7.3/armv7e-m/crtbegin.o
 .tm_clone_table
                0x00404b3c        0x0 c:/program files (x86)/atmel/atmel toolchain/arm gcc/native/4.7.3.1029/arm-gnu-toolchain/bin/../lib/gcc/arm-none-eabi/4.7.3/armv7e-m/crtend.o

.igot.plt       0x00404b3c        0x0
 .igot.plt      0x00000000        0x0 c:/program files (x86)/atmel/atmel toolchain/arm gcc/native/4.7.3.1029/arm-gnu-toolchain/bin/../lib/gcc/arm-none-eabi/4.7.3/armv7e-m/crtbegin.o

.ARM.exidx
 *(.ARM.exidx* .gnu.linkonce.armexidx.*)
                0x00404b3c                PROVIDE (__exidx_end, .)
                0x00404b3c                . = ALIGN (0x4)
                0x00404b3c                _etext = .

.relocate       0x20000000      0x440 load address 0x00404b3c
                0x20000000                . = ALIGN (0x4)
                0x20000000                _srelocate = .
 *(.ramfunc .ramfunc.*)
 *(.data .data.*)
 .data.xFreeBytesRemaining
                0x20000000        0x4 src/asf/thirdparty/FreeRTOS/portable/MemMang/heap_4.o
 .data.SystemCoreClock
                0x20000004        0x4 src/asf/sam/utils/cmsis/sam4s/source/templates/system_sam4s.o
                0x20000004                SystemCoreClock
 .data.uxCriticalNesting
                0x20000008        0x4 src/asf/thirdparty/FreeRTOS/portable/GCC/ARM_CM3/port.o
 .data.xNextTaskUnblockTime
                0x2000000c        0x4 src/asf/thirdparty/FreeRTOS/tasks.o
 .data          0x20000010      0x430 c:/program files (x86)/atmel/atmel toolchain/arm gcc/native/4.7.3.1029/arm-gnu-toolchain/bin/../lib/gcc/arm-none-eabi/4.7.3/../../../../arm-none-eabi/lib/armv7e-m\libc.a(lib_a-impure.o)
                0x20000010                _impure_ptr
                0x20000440                . = ALIGN (0x4)
                0x20000440                _erelocate = .

.bss            0x20000440     0xa1e4 load address 0x00404f7c
                0x20000440                . = ALIGN (0x4)
                0x20000440                _sbss = .
                0x20000440                _szero = .
 *(.bss .bss.*)
 .bss           0x20000440       0x1c c:/program files (x86)/atmel/atmel toolchain/arm gcc/native/4.7.3.1029/arm-gnu-toolchain/bin/../lib/gcc/arm-none-eabi/4.7.3/armv7e-m/crtbegin.o
 .bss.ucHeap    0x2000045c     0xa000 src/asf/thirdparty/FreeRTOS/portable/MemMang/heap_4.o
 .bss.xStart    0x2000a45c        0x8 src/asf/thirdparty/FreeRTOS/portable/MemMang/heap_4.o
 .bss.pxEnd     0x2000a464        0x4 src/asf/thirdparty/FreeRTOS/portable/MemMang/heap_4.o
 .bss.xBlockAllocatedBit
                0x2000a468        0x4 src/asf/thirdparty/FreeRTOS/portable/MemMang/heap_4.o
 .bss.xRxedChars
                0x2000a46c        0x4 src/serial.o
 .bss.xCharsForTx
                0x2000a470        0x4 src/serial.o
 .bss.gs_interrupt_sources
                0x2000a474       0x70 src/asf/sam/drivers/pio/pio_handler.o
 .bss.ucMaxSysCallPriority
                0x2000a4e4        0x1 src/asf/thirdparty/FreeRTOS/portable/GCC/ARM_CM3/port.o
 *fill*         0x2000a4e5        0x3 00
 .bss.ulMaxPRIGROUPValue
                0x2000a4e8        0x4 src/asf/thirdparty/FreeRTOS/portable/GCC/ARM_CM3/port.o
 .bss.pxCurrentTCB
                0x2000a4ec        0x4 src/asf/thirdparty/FreeRTOS/tasks.o
                0x2000a4ec                pxCurrentTCB
 .bss.pxReadyTasksLists
                0x2000a4f0       0x64 src/asf/thirdparty/FreeRTOS/tasks.o
 .bss.xDelayedTaskList1
                0x2000a554       0x14 src/asf/thirdparty/FreeRTOS/tasks.o
 .bss.xDelayedTaskList2
                0x2000a568       0x14 src/asf/thirdparty/FreeRTOS/tasks.o
 .bss.pxDelayedTaskList
                0x2000a57c        0x4 src/asf/thirdparty/FreeRTOS/tasks.o
 .bss.pxOverflowDelayedTaskList
                0x2000a580        0x4 src/asf/thirdparty/FreeRTOS/tasks.o
 .bss.xPendingReadyList
                0x2000a584       0x14 src/asf/thirdparty/FreeRTOS/tasks.o
 .bss.xTasksWaitingTermination
                0x2000a598       0x14 src/asf/thirdparty/FreeRTOS/tasks.o
 .bss.uxTasksDeleted
                0x2000a5ac        0x4 src/asf/thirdparty/FreeRTOS/tasks.o
 .bss.xSuspendedTaskList
                0x2000a5b0       0x14 src/asf/thirdparty/FreeRTOS/tasks.o
 .bss.uxCurrentNumberOfTasks
                0x2000a5c4        0x4 src/asf/thirdparty/FreeRTOS/tasks.o
 .bss.xTickCount
                0x2000a5c8        0x4 src/asf/thirdparty/FreeRTOS/tasks.o
 .bss.uxTopReadyPriority
                0x2000a5cc        0x4 src/asf/thirdparty/FreeRTOS/tasks.o
 .bss.xSchedulerRunning
                0x2000a5d0        0x4 src/asf/thirdparty/FreeRTOS/tasks.o
 .bss.uxSchedulerSuspended
                0x2000a5d4        0x4 src/asf/thirdparty/FreeRTOS/tasks.o
 .bss.uxPendedTicks
                0x2000a5d8        0x4 src/asf/thirdparty/FreeRTOS/tasks.o
 .bss.xYieldPending
                0x2000a5dc        0x4 src/asf/thirdparty/FreeRTOS/tasks.o
 .bss.xNumOfOverflows
                0x2000a5e0        0x4 src/asf/thirdparty/FreeRTOS/tasks.o
 .bss.uxTaskNumber
                0x2000a5e4        0x4 src/asf/thirdparty/FreeRTOS/tasks.o
 .bss.xActiveTimerList1
                0x2000a5e8       0x14 src/asf/thirdparty/FreeRTOS/timers.o
 .bss.xActiveTimerList2
                0x2000a5fc       0x14 src/asf/thirdparty/FreeRTOS/timers.o
 .bss.pxCurrentTimerList
                0x2000a610        0x4 src/asf/thirdparty/FreeRTOS/timers.o
 .bss.pxOverflowTimerList
                0x2000a614        0x4 src/asf/thirdparty/FreeRTOS/timers.o
 .bss.xTimerQueue
                0x2000a618        0x4 src/asf/thirdparty/FreeRTOS/timers.o
 .bss.xLastTime.5086
                0x2000a61c        0x4 src/asf/thirdparty/FreeRTOS/timers.o
 .bss.xQueue    0x2000a620        0x4 src/main_blinky.o
 *(COMMON)
                0x2000a624                . = ALIGN (0x4)
                0x2000a624                _ebss = .
                0x2000a624                _ezero = .

.stack          0x2000a624     0x3004 load address 0x0040f160
                0x2000a628                . = ALIGN (0x8)
 *fill*         0x2000a624        0x4 00
                0x2000a628                _sstack = .
                0x2000d628                . = (. + STACK_SIZE)
 *fill*         0x2000a628     0x3000 00
                0x2000d628                . = ALIGN (0x8)
                0x2000d628                _estack = .
                0x2000d628                . = ALIGN (0x4)
                0x2000d628                _end = .
OUTPUT(RTOSDemo.elf elf32-littlearm)

.ARM.attributes
                0x00000000       0x2a
 .ARM.attributes
                0x00000000       0x1e c:/program files (x86)/atmel/atmel toolchain/arm gcc/native/4.7.3.1029/arm-gnu-toolchain/bin/../lib/gcc/arm-none-eabi/4.7.3/armv7e-m/crti.o
 .ARM.attributes
                0x0000001e       0x2e c:/program files (x86)/atmel/atmel toolchain/arm gcc/native/4.7.3.1029/arm-gnu-toolchain/bin/../lib/gcc/arm-none-eabi/4.7.3/armv7e-m/crtbegin.o
 .ARM.attributes
                0x0000004c       0x33 src/asf/sam/drivers/usart/usart.o
 .ARM.attributes
                0x0000007f       0x33 src/asf/thirdparty/FreeRTOS/portable/MemMang/heap_4.o
 .ARM.attributes
                0x000000b2       0x33 src/serial.o
 .ARM.attributes
                0x000000e5       0x33 src/asf/common/services/clock/sam4s/sysclk.o
 .ARM.attributes
                0x00000118       0x33 src/asf/sam/boards/sam4s_ek/init.o
 .ARM.attributes
                0x0000014b       0x33 src/asf/sam/drivers/pio/pio.o
 .ARM.attributes
                0x0000017e       0x33 src/asf/sam/drivers/pio/pio_handler.o
 .ARM.attributes
                0x000001b1       0x33 src/asf/sam/drivers/pmc/pmc.o
 .ARM.attributes
                0x000001e4       0x33 src/asf/sam/utils/cmsis/sam4s/source/templates/exceptions.o
 .ARM.attributes
                0x00000217       0x33 src/asf/sam/utils/cmsis/sam4s/source/templates/gcc/startup_sam4s.o
 .ARM.attributes
                0x0000024a       0x33 src/asf/sam/utils/cmsis/sam4s/source/templates/system_sam4s.o
 .ARM.attributes
                0x0000027d       0x33 src/asf/thirdparty/FreeRTOS/list.o
 .ARM.attributes
                0x000002b0       0x33 src/asf/thirdparty/FreeRTOS/portable/GCC/ARM_CM3/port.o
 .ARM.attributes
                0x000002e3       0x33 src/asf/thirdparty/FreeRTOS/queue.o
 .ARM.attributes
                0x00000316       0x33 src/asf/thirdparty/FreeRTOS/tasks.o
 .ARM.attributes
                0x00000349       0x33 src/asf/thirdparty/FreeRTOS/timers.o
 .ARM.attributes
                0x0000037c       0x33 src/main.o
 .ARM.attributes
                0x000003af       0x33 src/main_blinky.o
 .ARM.attributes
                0x000003e2       0x33 src/ParTest.o
 .ARM.attributes
                0x00000415       0x2e c:/program files (x86)/atmel/atmel toolchain/arm gcc/native/4.7.3.1029/arm-gnu-toolchain/bin/../lib/gcc/arm-none-eabi/4.7.3/../../../../arm-none-eabi/lib/armv7e-m\libc.a(lib_a-__atexit.o)
 .ARM.attributes
                0x00000443       0x2e c:/program files (x86)/atmel/atmel toolchain/arm gcc/native/4.7.3.1029/arm-gnu-toolchain/bin/../lib/gcc/arm-none-eabi/4.7.3/../../../../arm-none-eabi/lib/armv7e-m\libc.a(lib_a-fini.o)
 .ARM.attributes
                0x00000471       0x2e c:/program files (x86)/atmel/atmel toolchain/arm gcc/native/4.7.3.1029/arm-gnu-toolchain/bin/../lib/gcc/arm-none-eabi/4.7.3/../../../../arm-none-eabi/lib/armv7e-m\libc.a(lib_a-impure.o)
 .ARM.attributes
                0x0000049f       0x2e c:/program files (x86)/atmel/atmel toolchain/arm gcc/native/4.7.3.1029/arm-gnu-toolchain/bin/../lib/gcc/arm-none-eabi/4.7.3/../../../../arm-none-eabi/lib/armv7e-m\libc.a(lib_a-init.o)
 .ARM.attributes
                0x000004cd       0x2e c:/program files (x86)/atmel/atmel toolchain/arm gcc/native/4.7.3.1029/arm-gnu-toolchain/bin/../lib/gcc/arm-none-eabi/4.7.3/../../../../arm-none-eabi/lib/armv7e-m\libc.a(lib_a-memcmp.o)
 .ARM.attributes
                0x000004fb       0x2e c:/program files (x86)/atmel/atmel toolchain/arm gcc/native/4.7.3.1029/arm-gnu-toolchain/bin/../lib/gcc/arm-none-eabi/4.7.3/../../../../arm-none-eabi/lib/armv7e-m\libc.a(lib_a-memcpy.o)
 .ARM.attributes
                0x00000529       0x2e c:/program files (x86)/atmel/atmel toolchain/arm gcc/native/4.7.3.1029/arm-gnu-toolchain/bin/../lib/gcc/arm-none-eabi/4.7.3/../../../../arm-none-eabi/lib/armv7e-m\libc.a(lib_a-memset.o)
 .ARM.attributes
                0x00000557       0x2e c:/program files (x86)/atmel/atmel toolchain/arm gcc/native/4.7.3.1029/arm-gnu-toolchain/bin/../lib/gcc/arm-none-eabi/4.7.3/../../../../arm-none-eabi/lib/armv7e-m\libc.a(lib_a-__call_atexit.o)
 .ARM.attributes
                0x00000585       0x2e c:/program files (x86)/atmel/atmel toolchain/arm gcc/native/4.7.3.1029/arm-gnu-toolchain/bin/../lib/gcc/arm-none-eabi/4.7.3/../../../../arm-none-eabi/lib/armv7e-m\libc.a(lib_a-atexit.o)
 .ARM.attributes
                0x000005b3       0x2e c:/program files (x86)/atmel/atmel toolchain/arm gcc/native/4.7.3.1029/arm-gnu-toolchain/bin/../lib/gcc/arm-none-eabi/4.7.3/armv7e-m/crtend.o
 .ARM.attributes
                0x000005e1       0x1e c:/program files (x86)/atmel/atmel toolchain/arm gcc/native/4.7.3.1029/arm-gnu-toolchain/bin/../lib/gcc/arm-none-eabi/4.7.3/armv7e-m/crtn.o

.comment        0x00000000       0x71
 .comment       0x00000000       0x71 c:/program files (x86)/atmel/atmel toolchain/arm gcc/native/4.7.3.1029/arm-gnu-toolchain/bin/../lib/gcc/arm-none-eabi/4.7.3/armv7e-m/crtbegin.o
                                 0x72 (size before relaxing)
 .comment       0x00000000       0x72 src/asf/sam/drivers/usart/usart.o
 .comment       0x00000000       0x72 src/asf/thirdparty/FreeRTOS/portable/MemMang/heap_4.o
 .comment       0x00000000       0x72 src/serial.o
 .comment       0x00000000       0x72 src/asf/common/services/clock/sam4s/sysclk.o
 .comment       0x00000000       0x72 src/asf/sam/boards/sam4s_ek/init.o
 .comment       0x00000000       0x72 src/asf/sam/drivers/pio/pio.o
 .comment       0x00000000       0x72 src/asf/sam/drivers/pio/pio_handler.o
 .comment       0x00000000       0x72 src/asf/sam/drivers/pmc/pmc.o
 .comment       0x00000000       0x72 src/asf/sam/utils/cmsis/sam4s/source/templates/exceptions.o
 .comment       0x00000000       0x72 src/asf/sam/utils/cmsis/sam4s/source/templates/gcc/startup_sam4s.o
 .comment       0x00000000       0x72 src/asf/sam/utils/cmsis/sam4s/source/templates/system_sam4s.o
 .comment       0x00000000       0x72 src/asf/thirdparty/FreeRTOS/list.o
 .comment       0x00000000       0x72 src/asf/thirdparty/FreeRTOS/portable/GCC/ARM_CM3/port.o
 .comment       0x00000000       0x72 src/asf/thirdparty/FreeRTOS/queue.o
 .comment       0x00000000       0x72 src/asf/thirdparty/FreeRTOS/tasks.o
 .comment       0x00000000       0x72 src/asf/thirdparty/FreeRTOS/timers.o
 .comment       0x00000000       0x72 src/main.o
 .comment       0x00000000       0x72 src/main_blinky.o
 .comment       0x00000000       0x72 src/ParTest.o
 .comment       0x00000000       0x72 c:/program files (x86)/atmel/atmel toolchain/arm gcc/native/4.7.3.1029/arm-gnu-toolchain/bin/../lib/gcc/arm-none-eabi/4.7.3/../../../../arm-none-eabi/lib/armv7e-m\libc.a(lib_a-__atexit.o)
 .comment       0x00000000       0x72 c:/program files (x86)/atmel/atmel toolchain/arm gcc/native/4.7.3.1029/arm-gnu-toolchain/bin/../lib/gcc/arm-none-eabi/4.7.3/../../../../arm-none-eabi/lib/armv7e-m\libc.a(lib_a-fini.o)
 .comment       0x00000000       0x72 c:/program files (x86)/atmel/atmel toolchain/arm gcc/native/4.7.3.1029/arm-gnu-toolchain/bin/../lib/gcc/arm-none-eabi/4.7.3/../../../../arm-none-eabi/lib/armv7e-m\libc.a(lib_a-impure.o)
 .comment       0x00000000       0x72 c:/program files (x86)/atmel/atmel toolchain/arm gcc/native/4.7.3.1029/arm-gnu-toolchain/bin/../lib/gcc/arm-none-eabi/4.7.3/../../../../arm-none-eabi/lib/armv7e-m\libc.a(lib_a-init.o)
 .comment       0x00000000       0x72 c:/program files (x86)/atmel/atmel toolchain/arm gcc/native/4.7.3.1029/arm-gnu-toolchain/bin/../lib/gcc/arm-none-eabi/4.7.3/../../../../arm-none-eabi/lib/armv7e-m\libc.a(lib_a-memcmp.o)
 .comment       0x00000000       0x72 c:/program files (x86)/atmel/atmel toolchain/arm gcc/native/4.7.3.1029/arm-gnu-toolchain/bin/../lib/gcc/arm-none-eabi/4.7.3/../../../../arm-none-eabi/lib/armv7e-m\libc.a(lib_a-memcpy.o)
 .comment       0x00000000       0x72 c:/program files (x86)/atmel/atmel toolchain/arm gcc/native/4.7.3.1029/arm-gnu-toolchain/bin/../lib/gcc/arm-none-eabi/4.7.3/../../../../arm-none-eabi/lib/armv7e-m\libc.a(lib_a-memset.o)
 .comment       0x00000000       0x72 c:/program files (x86)/atmel/atmel toolchain/arm gcc/native/4.7.3.1029/arm-gnu-toolchain/bin/../lib/gcc/arm-none-eabi/4.7.3/../../../../arm-none-eabi/lib/armv7e-m\libc.a(lib_a-__call_atexit.o)
 .comment       0x00000000       0x72 c:/program files (x86)/atmel/atmel toolchain/arm gcc/native/4.7.3.1029/arm-gnu-toolchain/bin/../lib/gcc/arm-none-eabi/4.7.3/../../../../arm-none-eabi/lib/armv7e-m\libc.a(lib_a-atexit.o)
 .comment       0x00000000       0x72 c:/program files (x86)/atmel/atmel toolchain/arm gcc/native/4.7.3.1029/arm-gnu-toolchain/bin/../lib/gcc/arm-none-eabi/4.7.3/armv7e-m/crtend.o

.debug_info     0x00000000     0xb576
 .debug_info    0x00000000     0x14ac src/asf/sam/drivers/usart/usart.o
 .debug_info    0x000014ac      0x2e6 src/asf/thirdparty/FreeRTOS/portable/MemMang/heap_4.o
 .debug_info    0x00001792      0xb01 src/serial.o
 .debug_info    0x00002293      0x661 src/asf/common/services/clock/sam4s/sysclk.o
 .debug_info    0x000028f4      0x1aa src/asf/sam/boards/sam4s_ek/init.o
 .debug_info    0x00002a9e     0x1351 src/asf/sam/drivers/pio/pio.o
 .debug_info    0x00003def      0xd07 src/asf/sam/drivers/pio/pio_handler.o
 .debug_info    0x00004af6      0xeba src/asf/sam/drivers/pmc/pmc.o
 .debug_info    0x000059b0       0xaf src/asf/sam/utils/cmsis/sam4s/source/templates/exceptions.o
 .debug_info    0x00005a5f      0x340 src/asf/sam/utils/cmsis/sam4s/source/templates/gcc/startup_sam4s.o
 .debug_info    0x00005d9f      0x47d src/asf/sam/utils/cmsis/sam4s/source/templates/system_sam4s.o
 .debug_info    0x0000621c      0x2ae src/asf/thirdparty/FreeRTOS/list.o
 .debug_info    0x000064ca      0x333 src/asf/thirdparty/FreeRTOS/portable/GCC/ARM_CM3/port.o
 .debug_info    0x000067fd      0xc56 src/asf/thirdparty/FreeRTOS/queue.o
 .debug_info    0x00007453      0xeed src/asf/thirdparty/FreeRTOS/tasks.o
 .debug_info    0x00008340      0x766 src/asf/thirdparty/FreeRTOS/timers.o
 .debug_info    0x00008aa6      0x3ae src/main.o
 .debug_info    0x00008e54      0x180 src/main_blinky.o
 .debug_info    0x00008fd4      0x1d4 src/ParTest.o
 .debug_info    0x000091a8      0xa15 c:/program files (x86)/atmel/atmel toolchain/arm gcc/native/4.7.3.1029/arm-gnu-toolchain/bin/../lib/gcc/arm-none-eabi/4.7.3/../../../../arm-none-eabi/lib/armv7e-m\libc.a(lib_a-__atexit.o)
 .debug_info    0x00009bbd       0xf7 c:/program files (x86)/atmel/atmel toolchain/arm gcc/native/4.7.3.1029/arm-gnu-toolchain/bin/../lib/gcc/arm-none-eabi/4.7.3/../../../../arm-none-eabi/lib/armv7e-m\libc.a(lib_a-fini.o)
 .debug_info    0x00009cb4      0x961 c:/program files (x86)/atmel/atmel toolchain/arm gcc/native/4.7.3.1029/arm-gnu-toolchain/bin/../lib/gcc/arm-none-eabi/4.7.3/../../../../arm-none-eabi/lib/armv7e-m\libc.a(lib_a-impure.o)
 .debug_info    0x0000a615      0x110 c:/program files (x86)/atmel/atmel toolchain/arm gcc/native/4.7.3.1029/arm-gnu-toolchain/bin/../lib/gcc/arm-none-eabi/4.7.3/../../../../arm-none-eabi/lib/armv7e-m\libc.a(lib_a-init.o)
 .debug_info    0x0000a725       0xf0 c:/program files (x86)/atmel/atmel toolchain/arm gcc/native/4.7.3.1029/arm-gnu-toolchain/bin/../lib/gcc/arm-none-eabi/4.7.3/../../../../arm-none-eabi/lib/armv7e-m\libc.a(lib_a-memcmp.o)
 .debug_info    0x0000a815      0x103 c:/program files (x86)/atmel/atmel toolchain/arm gcc/native/4.7.3.1029/arm-gnu-toolchain/bin/../lib/gcc/arm-none-eabi/4.7.3/../../../../arm-none-eabi/lib/armv7e-m\libc.a(lib_a-memcpy.o)
 .debug_info    0x0000a918       0xd3 c:/program files (x86)/atmel/atmel toolchain/arm gcc/native/4.7.3.1029/arm-gnu-toolchain/bin/../lib/gcc/arm-none-eabi/4.7.3/../../../../arm-none-eabi/lib/armv7e-m\libc.a(lib_a-memset.o)
 .debug_info    0x0000a9eb      0xa7c c:/program files (x86)/atmel/atmel toolchain/arm gcc/native/4.7.3.1029/arm-gnu-toolchain/bin/../lib/gcc/arm-none-eabi/4.7.3/../../../../arm-none-eabi/lib/armv7e-m\libc.a(lib_a-__call_atexit.o)
 .debug_info    0x0000b467      0x10f c:/program files (x86)/atmel/atmel toolchain/arm gcc/native/4.7.3.1029/arm-gnu-toolchain/bin/../lib/gcc/arm-none-eabi/4.7.3/../../../../arm-none-eabi/lib/armv7e-m\libc.a(lib_a-atexit.o)

.debug_abbrev   0x00000000     0x2429
 .debug_abbrev  0x00000000      0x1cd src/asf/sam/drivers/usart/usart.o
 .debug_abbrev  0x000001cd      0x19e src/asf/thirdparty/FreeRTOS/portable/MemMang/heap_4.o
 .debug_abbrev  0x0000036b      0x1e4 src/serial.o
 .debug_abbrev  0x0000054f      0x1ab src/asf/common/services/clock/sam4s/sysclk.o
 .debug_abbrev  0x000006fa       0xc5 src/asf/sam/boards/sam4s_ek/init.o
 .debug_abbrev  0x000007bf      0x1b3 src/asf/sam/drivers/pio/pio.o
 .debug_abbrev  0x00000972      0x1e6 src/asf/sam/drivers/pio/pio_handler.o
 .debug_abbrev  0x00000b58      0x20d src/asf/sam/drivers/pmc/pmc.o
 .debug_abbrev  0x00000d65       0x6c src/asf/sam/utils/cmsis/sam4s/source/templates/exceptions.o
 .debug_abbrev  0x00000dd1      0x100 src/asf/sam/utils/cmsis/sam4s/source/templates/gcc/startup_sam4s.o
 .debug_abbrev  0x00000ed1       0xf5 src/asf/sam/utils/cmsis/sam4s/source/templates/system_sam4s.o
 .debug_abbrev  0x00000fc6       0xc3 src/asf/thirdparty/FreeRTOS/list.o
 .debug_abbrev  0x00001089      0x1d2 src/asf/thirdparty/FreeRTOS/portable/GCC/ARM_CM3/port.o
 .debug_abbrev  0x0000125b      0x166 src/asf/thirdparty/FreeRTOS/queue.o
 .debug_abbrev  0x000013c1      0x219 src/asf/thirdparty/FreeRTOS/tasks.o
 .debug_abbrev  0x000015da      0x173 src/asf/thirdparty/FreeRTOS/timers.o
 .debug_abbrev  0x0000174d      0x198 src/main.o
 .debug_abbrev  0x000018e5       0xc1 src/main_blinky.o
 .debug_abbrev  0x000019a6       0xdd src/ParTest.o
 .debug_abbrev  0x00001a83      0x1fe c:/program files (x86)/atmel/atmel toolchain/arm gcc/native/4.7.3.1029/arm-gnu-toolchain/bin/../lib/gcc/arm-none-eabi/4.7.3/../../../../arm-none-eabi/lib/armv7e-m\libc.a(lib_a-__atexit.o)
 .debug_abbrev  0x00001c81       0xbb c:/program files (x86)/atmel/atmel toolchain/arm gcc/native/4.7.3.1029/arm-gnu-toolchain/bin/../lib/gcc/arm-none-eabi/4.7.3/../../../../arm-none-eabi/lib/armv7e-m\libc.a(lib_a-fini.o)
 .debug_abbrev  0x00001d3c      0x160 c:/program files (x86)/atmel/atmel toolchain/arm gcc/native/4.7.3.1029/arm-gnu-toolchain/bin/../lib/gcc/arm-none-eabi/4.7.3/../../../../arm-none-eabi/lib/armv7e-m\libc.a(lib_a-impure.o)
 .debug_abbrev  0x00001e9c       0xb8 c:/program files (x86)/atmel/atmel toolchain/arm gcc/native/4.7.3.1029/arm-gnu-toolchain/bin/../lib/gcc/arm-none-eabi/4.7.3/../../../../arm-none-eabi/lib/armv7e-m\libc.a(lib_a-init.o)
 .debug_abbrev  0x00001f54       0x8c c:/program files (x86)/atmel/atmel toolchain/arm gcc/native/4.7.3.1029/arm-gnu-toolchain/bin/../lib/gcc/arm-none-eabi/4.7.3/../../../../arm-none-eabi/lib/armv7e-m\libc.a(lib_a-memcmp.o)
 .debug_abbrev  0x00001fe0       0xa2 c:/program files (x86)/atmel/atmel toolchain/arm gcc/native/4.7.3.1029/arm-gnu-toolchain/bin/../lib/gcc/arm-none-eabi/4.7.3/../../../../arm-none-eabi/lib/armv7e-m\libc.a(lib_a-memcpy.o)
 .debug_abbrev  0x00002082       0x8c c:/program files (x86)/atmel/atmel toolchain/arm gcc/native/4.7.3.1029/arm-gnu-toolchain/bin/../lib/gcc/arm-none-eabi/4.7.3/../../../../arm-none-eabi/lib/armv7e-m\libc.a(lib_a-memset.o)
 .debug_abbrev  0x0000210e      0x265 c:/program files (x86)/atmel/atmel toolchain/arm gcc/native/4.7.3.1029/arm-gnu-toolchain/bin/../lib/gcc/arm-none-eabi/4.7.3/../../../../arm-none-eabi/lib/armv7e-m\libc.a(lib_a-__call_atexit.o)
 .debug_abbrev  0x00002373       0xb6 c:/program files (x86)/atmel/atmel toolchain/arm gcc/native/4.7.3.1029/arm-gnu-toolchain/bin/../lib/gcc/arm-none-eabi/4.7.3/../../../../arm-none-eabi/lib/armv7e-m\libc.a(lib_a-atexit.o)

.debug_loc      0x00000000     0x488b
 .debug_loc     0x00000000      0xee0 src/asf/sam/drivers/usart/usart.o
 .debug_loc     0x00000ee0      0x138 src/asf/thirdparty/FreeRTOS/portable/MemMang/heap_4.o
 .debug_loc     0x00001018      0x250 src/serial.o
 .debug_loc     0x00001268      0x2f8 src/asf/common/services/clock/sam4s/sysclk.o
 .debug_loc     0x00001560       0x2c src/asf/sam/boards/sam4s_ek/init.o
 .debug_loc     0x0000158c      0xaf0 src/asf/sam/drivers/pio/pio.o
 .debug_loc     0x0000207c      0x20c src/asf/sam/drivers/pio/pio_handler.o
 .debug_loc     0x00002288      0xa5c src/asf/sam/drivers/pmc/pmc.o
 .debug_loc     0x00002ce4       0x2c src/asf/sam/utils/cmsis/sam4s/source/templates/exceptions.o
 .debug_loc     0x00002d10       0x38 src/asf/sam/utils/cmsis/sam4s/source/templates/gcc/startup_sam4s.o
 .debug_loc     0x00002d48       0x90 src/asf/sam/utils/cmsis/sam4s/source/templates/system_sam4s.o
 .debug_loc     0x00002dd8      0x118 src/asf/thirdparty/FreeRTOS/list.o
 .debug_loc     0x00002ef0      0x1dc src/asf/thirdparty/FreeRTOS/portable/GCC/ARM_CM3/port.o
 .debug_loc     0x000030cc      0x658 src/asf/thirdparty/FreeRTOS/queue.o
 .debug_loc     0x00003724      0x7b0 src/asf/thirdparty/FreeRTOS/tasks.o
 .debug_loc     0x00003ed4      0x304 src/asf/thirdparty/FreeRTOS/timers.o
 .debug_loc     0x000041d8      0x14c src/main.o
 .debug_loc     0x00004324       0xa8 src/main_blinky.o
 .debug_loc     0x000043cc       0xa8 src/ParTest.o
 .debug_loc     0x00004474       0xfc c:/program files (x86)/atmel/atmel toolchain/arm gcc/native/4.7.3.1029/arm-gnu-toolchain/bin/../lib/gcc/arm-none-eabi/4.7.3/../../../../arm-none-eabi/lib/armv7e-m\libc.a(lib_a-__atexit.o)
 .debug_loc     0x00004570       0x33 c:/program files (x86)/atmel/atmel toolchain/arm gcc/native/4.7.3.1029/arm-gnu-toolchain/bin/../lib/gcc/arm-none-eabi/4.7.3/../../../../arm-none-eabi/lib/armv7e-m\libc.a(lib_a-fini.o)
 .debug_loc     0x000045a3       0x56 c:/program files (x86)/atmel/atmel toolchain/arm gcc/native/4.7.3.1029/arm-gnu-toolchain/bin/../lib/gcc/arm-none-eabi/4.7.3/../../../../arm-none-eabi/lib/armv7e-m\libc.a(lib_a-init.o)
 .debug_loc     0x000045f9       0x93 c:/program files (x86)/atmel/atmel toolchain/arm gcc/native/4.7.3.1029/arm-gnu-toolchain/bin/../lib/gcc/arm-none-eabi/4.7.3/../../../../arm-none-eabi/lib/armv7e-m\libc.a(lib_a-memcmp.o)
 .debug_loc     0x0000468c       0x59 c:/program files (x86)/atmel/atmel toolchain/arm gcc/native/4.7.3.1029/arm-gnu-toolchain/bin/../lib/gcc/arm-none-eabi/4.7.3/../../../../arm-none-eabi/lib/armv7e-m\libc.a(lib_a-memcpy.o)
 .debug_loc     0x000046e5       0x3f c:/program files (x86)/atmel/atmel toolchain/arm gcc/native/4.7.3.1029/arm-gnu-toolchain/bin/../lib/gcc/arm-none-eabi/4.7.3/../../../../arm-none-eabi/lib/armv7e-m\libc.a(lib_a-memset.o)
 .debug_loc     0x00004724      0x13b c:/program files (x86)/atmel/atmel toolchain/arm gcc/native/4.7.3.1029/arm-gnu-toolchain/bin/../lib/gcc/arm-none-eabi/4.7.3/../../../../arm-none-eabi/lib/armv7e-m\libc.a(lib_a-__call_atexit.o)
 .debug_loc     0x0000485f       0x2c c:/program files (x86)/atmel/atmel toolchain/arm gcc/native/4.7.3.1029/arm-gnu-toolchain/bin/../lib/gcc/arm-none-eabi/4.7.3/../../../../arm-none-eabi/lib/armv7e-m\libc.a(lib_a-atexit.o)

.debug_aranges  0x00000000      0xd28
 .debug_aranges
                0x00000000      0x238 src/asf/sam/drivers/usart/usart.o
 .debug_aranges
                0x00000238       0x48 src/asf/thirdparty/FreeRTOS/portable/MemMang/heap_4.o
 .debug_aranges
                0x00000280       0x70 src/serial.o
 .debug_aranges
                0x000002f0       0x88 src/asf/common/services/clock/sam4s/sysclk.o
 .debug_aranges
                0x00000378       0x20 src/asf/sam/boards/sam4s_ek/init.o
 .debug_aranges
                0x00000398      0x1a8 src/asf/sam/drivers/pio/pio.o
 .debug_aranges
                0x00000540       0x68 src/asf/sam/drivers/pio/pio_handler.o
 .debug_aranges
                0x000005a8      0x1b0 src/asf/sam/drivers/pmc/pmc.o
 .debug_aranges
                0x00000758       0x20 src/asf/sam/utils/cmsis/sam4s/source/templates/exceptions.o
 .debug_aranges
                0x00000778       0x20 src/asf/sam/utils/cmsis/sam4s/source/templates/gcc/startup_sam4s.o
 .debug_aranges
                0x00000798       0x30 src/asf/sam/utils/cmsis/sam4s/source/templates/system_sam4s.o
 .debug_aranges
                0x000007c8       0x40 src/asf/thirdparty/FreeRTOS/list.o
 .debug_aranges
                0x00000808       0x90 src/asf/thirdparty/FreeRTOS/portable/GCC/ARM_CM3/port.o
 .debug_aranges
                0x00000898      0x100 src/asf/thirdparty/FreeRTOS/queue.o
 .debug_aranges
                0x00000998      0x138 src/asf/thirdparty/FreeRTOS/tasks.o
 .debug_aranges
                0x00000ad0       0x88 src/asf/thirdparty/FreeRTOS/timers.o
 .debug_aranges
                0x00000b58       0x50 src/main.o
 .debug_aranges
                0x00000ba8       0x30 src/main_blinky.o
 .debug_aranges
                0x00000bd8       0x30 src/ParTest.o
 .debug_aranges
                0x00000c08       0x20 c:/program files (x86)/atmel/atmel toolchain/arm gcc/native/4.7.3.1029/arm-gnu-toolchain/bin/../lib/gcc/arm-none-eabi/4.7.3/../../../../arm-none-eabi/lib/armv7e-m\libc.a(lib_a-__atexit.o)
 .debug_aranges
                0x00000c28       0x20 c:/program files (x86)/atmel/atmel toolchain/arm gcc/native/4.7.3.1029/arm-gnu-toolchain/bin/../lib/gcc/arm-none-eabi/4.7.3/../../../../arm-none-eabi/lib/armv7e-m\libc.a(lib_a-fini.o)
 .debug_aranges
                0x00000c48       0x18 c:/program files (x86)/atmel/atmel toolchain/arm gcc/native/4.7.3.1029/arm-gnu-toolchain/bin/../lib/gcc/arm-none-eabi/4.7.3/../../../../arm-none-eabi/lib/armv7e-m\libc.a(lib_a-impure.o)
 .debug_aranges
                0x00000c60       0x20 c:/program files (x86)/atmel/atmel toolchain/arm gcc/native/4.7.3.1029/arm-gnu-toolchain/bin/../lib/gcc/arm-none-eabi/4.7.3/../../../../arm-none-eabi/lib/armv7e-m\libc.a(lib_a-init.o)
 .debug_aranges
                0x00000c80       0x20 c:/program files (x86)/atmel/atmel toolchain/arm gcc/native/4.7.3.1029/arm-gnu-toolchain/bin/../lib/gcc/arm-none-eabi/4.7.3/../../../../arm-none-eabi/lib/armv7e-m\libc.a(lib_a-memcmp.o)
 .debug_aranges
                0x00000ca0       0x20 c:/program files (x86)/atmel/atmel toolchain/arm gcc/native/4.7.3.1029/arm-gnu-toolchain/bin/../lib/gcc/arm-none-eabi/4.7.3/../../../../arm-none-eabi/lib/armv7e-m\libc.a(lib_a-memcpy.o)
 .debug_aranges
                0x00000cc0       0x20 c:/program files (x86)/atmel/atmel toolchain/arm gcc/native/4.7.3.1029/arm-gnu-toolchain/bin/../lib/gcc/arm-none-eabi/4.7.3/../../../../arm-none-eabi/lib/armv7e-m\libc.a(lib_a-memset.o)
 .debug_aranges
                0x00000ce0       0x28 c:/program files (x86)/atmel/atmel toolchain/arm gcc/native/4.7.3.1029/arm-gnu-toolchain/bin/../lib/gcc/arm-none-eabi/4.7.3/../../../../arm-none-eabi/lib/armv7e-m\libc.a(lib_a-__call_atexit.o)
 .debug_aranges
                0x00000d08       0x20 c:/program files (x86)/atmel/atmel toolchain/arm gcc/native/4.7.3.1029/arm-gnu-toolchain/bin/../lib/gcc/arm-none-eabi/4.7.3/../../../../arm-none-eabi/lib/armv7e-m\libc.a(lib_a-atexit.o)

.debug_ranges   0x00000000      0xb28
 .debug_ranges  0x00000000      0x228 src/asf/sam/drivers/usart/usart.o
 .debug_ranges  0x00000228       0x38 src/asf/thirdparty/FreeRTOS/portable/MemMang/heap_4.o
 .debug_ranges  0x00000260       0x60 src/serial.o
 .debug_ranges  0x000002c0       0x78 src/asf/common/services/clock/sam4s/sysclk.o
 .debug_ranges  0x00000338       0x10 src/asf/sam/boards/sam4s_ek/init.o
 .debug_ranges  0x00000348      0x198 src/asf/sam/drivers/pio/pio.o
 .debug_ranges  0x000004e0       0x58 src/asf/sam/drivers/pio/pio_handler.o
 .debug_ranges  0x00000538      0x1a0 src/asf/sam/drivers/pmc/pmc.o
 .debug_ranges  0x000006d8       0x10 src/asf/sam/utils/cmsis/sam4s/source/templates/exceptions.o
 .debug_ranges  0x000006e8       0x10 src/asf/sam/utils/cmsis/sam4s/source/templates/gcc/startup_sam4s.o
 .debug_ranges  0x000006f8       0x20 src/asf/sam/utils/cmsis/sam4s/source/templates/system_sam4s.o
 .debug_ranges  0x00000718       0x30 src/asf/thirdparty/FreeRTOS/list.o
 .debug_ranges  0x00000748       0x80 src/asf/thirdparty/FreeRTOS/portable/GCC/ARM_CM3/port.o
 .debug_ranges  0x000007c8       0xf0 src/asf/thirdparty/FreeRTOS/queue.o
 .debug_ranges  0x000008b8      0x128 src/asf/thirdparty/FreeRTOS/tasks.o
 .debug_ranges  0x000009e0       0x78 src/asf/thirdparty/FreeRTOS/timers.o
 .debug_ranges  0x00000a58       0x40 src/main.o
 .debug_ranges  0x00000a98       0x20 src/main_blinky.o
 .debug_ranges  0x00000ab8       0x20 src/ParTest.o
 .debug_ranges  0x00000ad8       0x50 c:/program files (x86)/atmel/atmel toolchain/arm gcc/native/4.7.3.1029/arm-gnu-toolchain/bin/../lib/gcc/arm-none-eabi/4.7.3/../../../../arm-none-eabi/lib/armv7e-m\libc.a(lib_a-__call_atexit.o)

.debug_macro    0x00000000    0x12add
 .debug_macro   0x00000000      0x4ac src/asf/sam/drivers/usart/usart.o
 .debug_macro   0x000004ac      0x83e src/asf/sam/drivers/usart/usart.o
 .debug_macro   0x00000cea      0x16c src/asf/sam/drivers/usart/usart.o
 .debug_macro   0x00000e56       0x9f src/asf/sam/drivers/usart/usart.o
 .debug_macro   0x00000ef5       0x3a src/asf/sam/drivers/usart/usart.o
 .debug_macro   0x00000f2f       0x10 src/asf/sam/drivers/usart/usart.o
 .debug_macro   0x00000f3f       0x2e src/asf/sam/drivers/usart/usart.o
 .debug_macro   0x00000f6d       0xa3 src/asf/sam/drivers/usart/usart.o
 .debug_macro   0x00001010      0x20e src/asf/sam/drivers/usart/usart.o
 .debug_macro   0x0000121e       0x27 src/asf/sam/drivers/usart/usart.o
 .debug_macro   0x00001245       0x35 src/asf/sam/drivers/usart/usart.o
 .debug_macro   0x0000127a       0x18 src/asf/sam/drivers/usart/usart.o
 .debug_macro   0x00001292       0x42 src/asf/sam/drivers/usart/usart.o
 .debug_macro   0x000012d4      0x751 src/asf/sam/drivers/usart/usart.o
 .debug_macro   0x00001a25      0x155 src/asf/sam/drivers/usart/usart.o
 .debug_macro   0x00001b7a      0xaaa src/asf/sam/drivers/usart/usart.o
 .debug_macro   0x00002624      0x27f src/asf/sam/drivers/usart/usart.o
 .debug_macro   0x000028a3       0xac src/asf/sam/drivers/usart/usart.o
 .debug_macro   0x0000294f      0x307 src/asf/sam/drivers/usart/usart.o
 .debug_macro   0x00002c56       0x8e src/asf/sam/drivers/usart/usart.o
 .debug_macro   0x00002ce4       0x1c src/asf/sam/drivers/usart/usart.o
 .debug_macro   0x00002d00      0x78e src/asf/sam/drivers/usart/usart.o
 .debug_macro   0x0000348e      0x2ce src/asf/sam/drivers/usart/usart.o
 .debug_macro   0x0000375c       0xbe src/asf/sam/drivers/usart/usart.o
 .debug_macro   0x0000381a     0x27fd src/asf/sam/drivers/usart/usart.o
 .debug_macro   0x00006017      0x7e9 src/asf/sam/drivers/usart/usart.o
 .debug_macro   0x00006800      0xa7b src/asf/sam/drivers/usart/usart.o
 .debug_macro   0x0000727b       0x7c src/asf/sam/drivers/usart/usart.o
 .debug_macro   0x000072f7      0x364 src/asf/sam/drivers/usart/usart.o
 .debug_macro   0x0000765b       0x58 src/asf/sam/drivers/usart/usart.o
 .debug_macro   0x000076b3      0x1cc src/asf/sam/drivers/usart/usart.o
 .debug_macro   0x0000787f      0x38f src/asf/sam/drivers/usart/usart.o
 .debug_macro   0x00007c0e      0x626 src/asf/sam/drivers/usart/usart.o
 .debug_macro   0x00008234      0x6f4 src/asf/sam/drivers/usart/usart.o
 .debug_macro   0x00008928      0x59a src/asf/sam/drivers/usart/usart.o
 .debug_macro   0x00008ec2      0x348 src/asf/sam/drivers/usart/usart.o
 .debug_macro   0x0000920a      0x287 src/asf/sam/drivers/usart/usart.o
 .debug_macro   0x00009491      0x2d1 src/asf/sam/drivers/usart/usart.o
 .debug_macro   0x00009762      0x6cd src/asf/sam/drivers/usart/usart.o
 .debug_macro   0x00009e2f       0x76 src/asf/sam/drivers/usart/usart.o
 .debug_macro   0x00009ea5       0xb8 src/asf/sam/drivers/usart/usart.o
 .debug_macro   0x00009f5d       0xb2 src/asf/sam/drivers/usart/usart.o
 .debug_macro   0x0000a00f       0x88 src/asf/sam/drivers/usart/usart.o
 .debug_macro   0x0000a097      0x100 src/asf/sam/drivers/usart/usart.o
 .debug_macro   0x0000a197      0x100 src/asf/sam/drivers/usart/usart.o
 .debug_macro   0x0000a297       0x88 src/asf/sam/drivers/usart/usart.o
 .debug_macro   0x0000a31f       0x88 src/asf/sam/drivers/usart/usart.o
 .debug_macro   0x0000a3a7      0x2cd src/asf/sam/drivers/usart/usart.o
 .debug_macro   0x0000a674       0xb2 src/asf/sam/drivers/usart/usart.o
 .debug_macro   0x0000a726       0xb2 src/asf/sam/drivers/usart/usart.o
 .debug_macro   0x0000a7d8       0x52 src/asf/sam/drivers/usart/usart.o
 .debug_macro   0x0000a82a       0xac src/asf/sam/drivers/usart/usart.o
 .debug_macro   0x0000a8d6       0x7c src/asf/sam/drivers/usart/usart.o
 .debug_macro   0x0000a952       0x40 src/asf/sam/drivers/usart/usart.o
 .debug_macro   0x0000a992       0x64 src/asf/sam/drivers/usart/usart.o
 .debug_macro   0x0000a9f6       0xa0 src/asf/sam/drivers/usart/usart.o
 .debug_macro   0x0000aa96       0x4c src/asf/sam/drivers/usart/usart.o
 .debug_macro   0x0000aae2       0xa6 src/asf/sam/drivers/usart/usart.o
 .debug_macro   0x0000ab88       0x7c src/asf/sam/drivers/usart/usart.o
 .debug_macro   0x0000ac04       0x16 src/asf/sam/drivers/usart/usart.o
 .debug_macro   0x0000ac1a       0x7c src/asf/sam/drivers/usart/usart.o
 .debug_macro   0x0000ac96       0x22 src/asf/sam/drivers/usart/usart.o
 .debug_macro   0x0000acb8      0x190 src/asf/sam/drivers/usart/usart.o
 .debug_macro   0x0000ae48      0x160 src/asf/sam/drivers/usart/usart.o
 .debug_macro   0x0000afa8      0x160 src/asf/sam/drivers/usart/usart.o
 .debug_macro   0x0000b108       0x1c src/asf/sam/drivers/usart/usart.o
 .debug_macro   0x0000b124       0x2e src/asf/sam/drivers/usart/usart.o
 .debug_macro   0x0000b152       0x22 src/asf/sam/drivers/usart/usart.o
 .debug_macro   0x0000b174       0x1c src/asf/sam/drivers/usart/usart.o
 .debug_macro   0x0000b190       0x52 src/asf/sam/drivers/usart/usart.o
 .debug_macro   0x0000b1e2       0x10 src/asf/sam/drivers/usart/usart.o
 .debug_macro   0x0000b1f2      0x218 src/asf/sam/drivers/usart/usart.o
 .debug_macro   0x0000b40a      0x925 src/asf/sam/drivers/usart/usart.o
 .debug_macro   0x0000bd2f       0xc8 src/asf/sam/drivers/usart/usart.o
 .debug_macro   0x0000bdf7       0x76 src/asf/sam/drivers/usart/usart.o
 .debug_macro   0x0000be6d       0x16 src/asf/sam/drivers/usart/usart.o
 .debug_macro   0x0000be83      0x6df src/asf/sam/drivers/usart/usart.o
 .debug_macro   0x0000c562       0x10 src/asf/sam/drivers/usart/usart.o
 .debug_macro   0x0000c572       0x35 src/asf/sam/drivers/usart/usart.o
 .debug_macro   0x0000c5a7       0x10 src/asf/sam/drivers/usart/usart.o
 .debug_macro   0x0000c5b7       0x3a src/asf/sam/drivers/usart/usart.o
 .debug_macro   0x0000c5f1       0x52 src/asf/sam/drivers/usart/usart.o
 .debug_macro   0x0000c643       0x43 src/asf/sam/drivers/usart/usart.o
 .debug_macro   0x0000c686      0x16d src/asf/sam/drivers/usart/usart.o
 .debug_macro   0x0000c7f3       0x10 src/asf/sam/drivers/usart/usart.o
 .debug_macro   0x0000c803       0x22 src/asf/sam/drivers/usart/usart.o
 .debug_macro   0x0000c825       0x91 src/asf/sam/drivers/usart/usart.o
 .debug_macro   0x0000c8b6       0x16 src/asf/sam/drivers/usart/usart.o
 .debug_macro   0x0000c8cc      0x16d src/asf/sam/drivers/usart/usart.o
 .debug_macro   0x0000ca39       0x22 src/asf/sam/drivers/usart/usart.o
 .debug_macro   0x0000ca5b       0x10 src/asf/sam/drivers/usart/usart.o
 .debug_macro   0x0000ca6b       0x16 src/asf/sam/drivers/usart/usart.o
 .debug_macro   0x0000ca81       0x23 src/asf/sam/drivers/usart/usart.o
 .debug_macro   0x0000caa4       0x44 src/asf/sam/drivers/usart/usart.o
 .debug_macro   0x0000cae8       0x3e src/asf/sam/drivers/usart/usart.o
 .debug_macro   0x0000cb26      0x322 src/asf/sam/drivers/usart/usart.o
 .debug_macro   0x0000ce48       0x28 src/asf/sam/drivers/usart/usart.o
 .debug_macro   0x0000ce70      0x163 src/asf/thirdparty/FreeRTOS/portable/MemMang/heap_4.o
 .debug_macro   0x0000cfd3      0x100 src/asf/thirdparty/FreeRTOS/portable/MemMang/heap_4.o
 .debug_macro   0x0000d0d3       0x19 src/asf/thirdparty/FreeRTOS/portable/MemMang/heap_4.o
 .debug_macro   0x0000d0ec       0x29 src/asf/thirdparty/FreeRTOS/portable/MemMang/heap_4.o
 .debug_macro   0x0000d115       0x85 src/asf/thirdparty/FreeRTOS/portable/MemMang/heap_4.o
 .debug_macro   0x0000d19a       0x46 src/asf/thirdparty/FreeRTOS/portable/MemMang/heap_4.o
 .debug_macro   0x0000d1e0      0x214 src/asf/thirdparty/FreeRTOS/portable/MemMang/heap_4.o
 .debug_macro   0x0000d3f4      0x11b src/asf/thirdparty/FreeRTOS/portable/MemMang/heap_4.o
 .debug_macro   0x0000d50f       0xc7 src/asf/thirdparty/FreeRTOS/portable/MemMang/heap_4.o
 .debug_macro   0x0000d5d6       0x12 src/asf/thirdparty/FreeRTOS/portable/MemMang/heap_4.o
 .debug_macro   0x0000d5e8       0x1f src/asf/thirdparty/FreeRTOS/portable/MemMang/heap_4.o
 .debug_macro   0x0000d607      0x250 src/asf/thirdparty/FreeRTOS/portable/MemMang/heap_4.o
 .debug_macro   0x0000d857       0x64 src/asf/thirdparty/FreeRTOS/portable/MemMang/heap_4.o
 .debug_macro   0x0000d8bb       0x57 src/asf/thirdparty/FreeRTOS/portable/MemMang/heap_4.o
 .debug_macro   0x0000d912      0x5c7 src/serial.o
 .debug_macro   0x0000ded9       0x7e src/serial.o
 .debug_macro   0x0000df57       0x2d src/serial.o
 .debug_macro   0x0000df84       0x8e src/serial.o
 .debug_macro   0x0000e012       0x40 src/serial.o
 .debug_macro   0x0000e052      0x148 src/serial.o
 .debug_macro   0x0000e19a      0xa03 src/serial.o
 .debug_macro   0x0000eb9d       0x58 src/serial.o
 .debug_macro   0x0000ebf5       0x28 src/serial.o
 .debug_macro   0x0000ec1d       0x28 src/serial.o
 .debug_macro   0x0000ec45       0x6a src/serial.o
 .debug_macro   0x0000ecaf       0x46 src/serial.o
 .debug_macro   0x0000ecf5       0x90 src/serial.o
 .debug_macro   0x0000ed85       0x2e src/serial.o
 .debug_macro   0x0000edb3      0x4db src/asf/common/services/clock/sam4s/sysclk.o
 .debug_macro   0x0000f28e      0x142 src/asf/common/services/clock/sam4s/sysclk.o
 .debug_macro   0x0000f3d0       0x64 src/asf/common/services/clock/sam4s/sysclk.o
 .debug_macro   0x0000f434      0x4a9 src/asf/sam/boards/sam4s_ek/init.o
 .debug_macro   0x0000f8dd       0x1c src/asf/sam/boards/sam4s_ek/init.o
 .debug_macro   0x0000f8f9      0x47e src/asf/sam/drivers/pio/pio.o
 .debug_macro   0x0000fd77       0x88 src/asf/sam/drivers/pio/pio.o
 .debug_macro   0x0000fdff      0x484 src/asf/sam/drivers/pio/pio_handler.o
 .debug_macro   0x00010283      0x470 src/asf/sam/drivers/pmc/pmc.o
 .debug_macro   0x000106f3       0x52 src/asf/sam/drivers/pmc/pmc.o
 .debug_macro   0x00010745      0x30e src/asf/sam/utils/cmsis/sam4s/source/templates/exceptions.o
 .debug_macro   0x00010a53      0x31a src/asf/sam/utils/cmsis/sam4s/source/templates/gcc/startup_sam4s.o
 .debug_macro   0x00010d6d      0x31a src/asf/sam/utils/cmsis/sam4s/source/templates/system_sam4s.o
 .debug_macro   0x00011087      0x136 src/asf/thirdparty/FreeRTOS/list.o
 .debug_macro   0x000111bd      0x166 src/asf/thirdparty/FreeRTOS/portable/GCC/ARM_CM3/port.o
 .debug_macro   0x00011323      0x1ac src/asf/thirdparty/FreeRTOS/queue.o
 .debug_macro   0x000114cf       0x10 src/asf/thirdparty/FreeRTOS/queue.o
 .debug_macro   0x000114df       0x12 src/asf/thirdparty/FreeRTOS/queue.o
 .debug_macro   0x000114f1       0x1c src/asf/thirdparty/FreeRTOS/queue.o
 .debug_macro   0x0001150d      0x1e1 src/asf/thirdparty/FreeRTOS/tasks.o
 .debug_macro   0x000116ee       0x5b src/asf/thirdparty/FreeRTOS/tasks.o
 .debug_macro   0x00011749       0x17 src/asf/thirdparty/FreeRTOS/tasks.o
 .debug_macro   0x00011760      0x173 src/asf/thirdparty/FreeRTOS/timers.o
 .debug_macro   0x000118d3      0x59e src/main.o
 .debug_macro   0x00011e71       0x89 src/main.o
 .debug_macro   0x00011efa       0xf5 src/main.o
 .debug_macro   0x00011fef      0x5cd src/main_blinky.o
 .debug_macro   0x000125bc      0x521 src/ParTest.o

.debug_line     0x00000000     0xe0e9
 .debug_line    0x00000000     0x10b3 src/asf/sam/drivers/usart/usart.o
 .debug_line    0x000010b3      0x54f src/asf/thirdparty/FreeRTOS/portable/MemMang/heap_4.o
 .debug_line    0x00001602      0xede src/serial.o
 .debug_line    0x000024e0      0xd19 src/asf/common/services/clock/sam4s/sysclk.o
 .debug_line    0x000031f9      0xbb0 src/asf/sam/boards/sam4s_ek/init.o
 .debug_line    0x00003da9      0xedf src/asf/sam/drivers/pio/pio.o
 .debug_line    0x00004c88      0xbbe src/asf/sam/drivers/pio/pio_handler.o
 .debug_line    0x00005846      0xfd7 src/asf/sam/drivers/pmc/pmc.o
 .debug_line    0x0000681d      0x8ec src/asf/sam/utils/cmsis/sam4s/source/templates/exceptions.o
 .debug_line    0x00007109      0x943 src/asf/sam/utils/cmsis/sam4s/source/templates/gcc/startup_sam4s.o
 .debug_line    0x00007a4c      0x97a src/asf/sam/utils/cmsis/sam4s/source/templates/system_sam4s.o
 .debug_line    0x000083c6      0x4c5 src/asf/thirdparty/FreeRTOS/list.o
 .debug_line    0x0000888b      0x538 src/asf/thirdparty/FreeRTOS/portable/GCC/ARM_CM3/port.o
 .debug_line    0x00008dc3      0xa2f src/asf/thirdparty/FreeRTOS/queue.o
 .debug_line    0x000097f2      0xb18 src/asf/thirdparty/FreeRTOS/tasks.o
 .debug_line    0x0000a30a      0x664 src/asf/thirdparty/FreeRTOS/timers.o
 .debug_line    0x0000a96e      0xe4a src/main.o
 .debug_line    0x0000b7b8      0xe2d src/main_blinky.o
 .debug_line    0x0000c5e5      0xcd1 src/ParTest.o
 .debug_line    0x0000d2b6      0x231 c:/program files (x86)/atmel/atmel toolchain/arm gcc/native/4.7.3.1029/arm-gnu-toolchain/bin/../lib/gcc/arm-none-eabi/4.7.3/../../../../arm-none-eabi/lib/armv7e-m\libc.a(lib_a-__atexit.o)
 .debug_line    0x0000d4e7      0x124 c:/program files (x86)/atmel/atmel toolchain/arm gcc/native/4.7.3.1029/arm-gnu-toolchain/bin/../lib/gcc/arm-none-eabi/4.7.3/../../../../arm-none-eabi/lib/armv7e-m\libc.a(lib_a-fini.o)
 .debug_line    0x0000d60b      0x183 c:/program files (x86)/atmel/atmel toolchain/arm gcc/native/4.7.3.1029/arm-gnu-toolchain/bin/../lib/gcc/arm-none-eabi/4.7.3/../../../../arm-none-eabi/lib/armv7e-m\libc.a(lib_a-impure.o)
 .debug_line    0x0000d78e      0x136 c:/program files (x86)/atmel/atmel toolchain/arm gcc/native/4.7.3.1029/arm-gnu-toolchain/bin/../lib/gcc/arm-none-eabi/4.7.3/../../../../arm-none-eabi/lib/armv7e-m\libc.a(lib_a-init.o)
 .debug_line    0x0000d8c4      0x192 c:/program files (x86)/atmel/atmel toolchain/arm gcc/native/4.7.3.1029/arm-gnu-toolchain/bin/../lib/gcc/arm-none-eabi/4.7.3/../../../../arm-none-eabi/lib/armv7e-m\libc.a(lib_a-memcmp.o)
 .debug_line    0x0000da56      0x186 c:/program files (x86)/atmel/atmel toolchain/arm gcc/native/4.7.3.1029/arm-gnu-toolchain/bin/../lib/gcc/arm-none-eabi/4.7.3/../../../../arm-none-eabi/lib/armv7e-m\libc.a(lib_a-memcpy.o)
 .debug_line    0x0000dbdc      0x18d c:/program files (x86)/atmel/atmel toolchain/arm gcc/native/4.7.3.1029/arm-gnu-toolchain/bin/../lib/gcc/arm-none-eabi/4.7.3/../../../../arm-none-eabi/lib/armv7e-m\libc.a(lib_a-memset.o)
 .debug_line    0x0000dd69      0x275 c:/program files (x86)/atmel/atmel toolchain/arm gcc/native/4.7.3.1029/arm-gnu-toolchain/bin/../lib/gcc/arm-none-eabi/4.7.3/../../../../arm-none-eabi/lib/armv7e-m\libc.a(lib_a-__call_atexit.o)
 .debug_line    0x0000dfde      0x10b c:/program files (x86)/atmel/atmel toolchain/arm gcc/native/4.7.3.1029/arm-gnu-toolchain/bin/../lib/gcc/arm-none-eabi/4.7.3/../../../../arm-none-eabi/lib/armv7e-m\libc.a(lib_a-atexit.o)

.debug_str      0x00000000    0x4d6cc
 .debug_str     0x00000000    0x401d7 src/asf/sam/drivers/usart/usart.o
                              0x4046e (size before relaxing)
 .debug_str     0x000401d7     0x2594 src/asf/thirdparty/FreeRTOS/portable/MemMang/heap_4.o
                               0x6ed4 (size before relaxing)
 .debug_str     0x0004276b     0x64af src/serial.o
                              0x47b5d (size before relaxing)
 .debug_str     0x00048c1a      0x23e src/asf/common/services/clock/sam4s/sysclk.o
                              0x443ff (size before relaxing)
 .debug_str     0x00048e58       0xc9 src/asf/sam/boards/sam4s_ek/init.o
                              0x43f4f (size before relaxing)
 .debug_str     0x00048f21      0x812 src/asf/sam/drivers/pio/pio.o
                              0x40677 (size before relaxing)
 .debug_str     0x00049733      0x129 src/asf/sam/drivers/pio/pio_handler.o
                              0x40423 (size before relaxing)
 .debug_str     0x0004985c      0x572 src/asf/sam/drivers/pmc/pmc.o
                              0x4029c (size before relaxing)
 .debug_str     0x00049dce       0x4d src/asf/sam/utils/cmsis/sam4s/source/templates/exceptions.o
                              0x37a96 (size before relaxing)
 .debug_str     0x00049e1b       0xfd src/asf/sam/utils/cmsis/sam4s/source/templates/gcc/startup_sam4s.o
                              0x37bb5 (size before relaxing)
 .debug_str     0x00049f18      0x1b2 src/asf/sam/utils/cmsis/sam4s/source/templates/system_sam4s.o
                              0x37d77 (size before relaxing)
 .debug_str     0x0004a0ca      0x12b src/asf/thirdparty/FreeRTOS/list.o
                               0x69f1 (size before relaxing)
 .debug_str     0x0004a1f5      0x726 src/asf/thirdparty/FreeRTOS/portable/GCC/ARM_CM3/port.o
                               0x5ceb (size before relaxing)
 .debug_str     0x0004a91b      0x78d src/asf/thirdparty/FreeRTOS/queue.o
                               0x7f43 (size before relaxing)
 .debug_str     0x0004b0a8     0x1727 src/asf/thirdparty/FreeRTOS/tasks.o
                               0x8516 (size before relaxing)
 .debug_str     0x0004c7cf      0x36d src/asf/thirdparty/FreeRTOS/timers.o
                               0x80e6 (size before relaxing)
 .debug_str     0x0004cb3c      0x12a src/main.o
                              0x46c9b (size before relaxing)
 .debug_str     0x0004cc66      0x17c src/main_blinky.o
                              0x47eaf (size before relaxing)
 .debug_str     0x0004cde2       0xa7 src/ParTest.o
                              0x4625f (size before relaxing)
 .debug_str     0x0004ce89      0x425 c:/program files (x86)/atmel/atmel toolchain/arm gcc/native/4.7.3.1029/arm-gnu-toolchain/bin/../lib/gcc/arm-none-eabi/4.7.3/../../../../arm-none-eabi/lib/armv7e-m\libc.a(lib_a-__atexit.o)
                                0x56d (size before relaxing)
 .debug_str     0x0004d2ae       0x96 c:/program files (x86)/atmel/atmel toolchain/arm gcc/native/4.7.3.1029/arm-gnu-toolchain/bin/../lib/gcc/arm-none-eabi/4.7.3/../../../../arm-none-eabi/lib/armv7e-m\libc.a(lib_a-fini.o)
                                0x184 (size before relaxing)
 .debug_str     0x0004d344       0x6f c:/program files (x86)/atmel/atmel toolchain/arm gcc/native/4.7.3.1029/arm-gnu-toolchain/bin/../lib/gcc/arm-none-eabi/4.7.3/../../../../arm-none-eabi/lib/armv7e-m\libc.a(lib_a-impure.o)
                                0x518 (size before relaxing)
 .debug_str     0x0004d3b3       0xc0 c:/program files (x86)/atmel/atmel toolchain/arm gcc/native/4.7.3.1029/arm-gnu-toolchain/bin/../lib/gcc/arm-none-eabi/4.7.3/../../../../arm-none-eabi/lib/armv7e-m\libc.a(lib_a-init.o)
                                0x1ae (size before relaxing)
 .debug_str     0x0004d473       0x64 c:/program files (x86)/atmel/atmel toolchain/arm gcc/native/4.7.3.1029/arm-gnu-toolchain/bin/../lib/gcc/arm-none-eabi/4.7.3/../../../../arm-none-eabi/lib/armv7e-m\libc.a(lib_a-memcmp.o)
                                0x14d (size before relaxing)
 .debug_str     0x0004d4d7       0x78 c:/program files (x86)/atmel/atmel toolchain/arm gcc/native/4.7.3.1029/arm-gnu-toolchain/bin/../lib/gcc/arm-none-eabi/4.7.3/../../../../arm-none-eabi/lib/armv7e-m\libc.a(lib_a-memcpy.o)
                                0x161 (size before relaxing)
 .debug_str     0x0004d54f       0x6b c:/program files (x86)/atmel/atmel toolchain/arm gcc/native/4.7.3.1029/arm-gnu-toolchain/bin/../lib/gcc/arm-none-eabi/4.7.3/../../../../arm-none-eabi/lib/armv7e-m\libc.a(lib_a-memset.o)
                                0x14d (size before relaxing)
 .debug_str     0x0004d5ba       0xae c:/program files (x86)/atmel/atmel toolchain/arm gcc/native/4.7.3.1029/arm-gnu-toolchain/bin/../lib/gcc/arm-none-eabi/4.7.3/../../../../arm-none-eabi/lib/armv7e-m\libc.a(lib_a-__call_atexit.o)
                                0x569 (size before relaxing)
 .debug_str     0x0004d668       0x64 c:/program files (x86)/atmel/atmel toolchain/arm gcc/native/4.7.3.1029/arm-gnu-toolchain/bin/../lib/gcc/arm-none-eabi/4.7.3/../../../../arm-none-eabi/lib/armv7e-m\libc.a(lib_a-atexit.o)
                                0x18a (size before relaxing)

.debug_frame    0x00000000     0x27a8
 .debug_frame   0x00000000      0x7b4 src/asf/sam/drivers/usart/usart.o
 .debug_frame   0x000007b4       0xbc src/asf/thirdparty/FreeRTOS/portable/MemMang/heap_4.o
 .debug_frame   0x00000870      0x158 src/serial.o
 .debug_frame   0x000009c8      0x1c4 src/asf/common/services/clock/sam4s/sysclk.o
 .debug_frame   0x00000b8c       0x2c src/asf/sam/boards/sam4s_ek/init.o
 .debug_frame   0x00000bb8      0x59c src/asf/sam/drivers/pio/pio.o
 .debug_frame   0x00001154      0x134 src/asf/sam/drivers/pio/pio_handler.o
 .debug_frame   0x00001288      0x568 src/asf/sam/drivers/pmc/pmc.o
 .debug_frame   0x000017f0       0x28 src/asf/sam/utils/cmsis/sam4s/source/templates/exceptions.o
 .debug_frame   0x00001818       0x30 src/asf/sam/utils/cmsis/sam4s/source/templates/gcc/startup_sam4s.o
 .debug_frame   0x00001848       0x5c src/asf/sam/utils/cmsis/sam4s/source/templates/system_sam4s.o
 .debug_frame   0x000018a4       0x9c src/asf/thirdparty/FreeRTOS/list.o
 .debug_frame   0x00001940      0x174 src/asf/thirdparty/FreeRTOS/portable/GCC/ARM_CM3/port.o
 .debug_frame   0x00001ab4      0x3b0 src/asf/thirdparty/FreeRTOS/queue.o
 .debug_frame   0x00001e64      0x46c src/asf/thirdparty/FreeRTOS/tasks.o
 .debug_frame   0x000022d0      0x1c4 src/asf/thirdparty/FreeRTOS/timers.o
 .debug_frame   0x00002494       0xd0 src/main.o
 .debug_frame   0x00002564       0x70 src/main_blinky.o
 .debug_frame   0x000025d4       0x70 src/ParTest.o
 .debug_frame   0x00002644       0x34 c:/program files (x86)/atmel/atmel toolchain/arm gcc/native/4.7.3.1029/arm-gnu-toolchain/bin/../lib/gcc/arm-none-eabi/4.7.3/../../../../arm-none-eabi/lib/armv7e-m\libc.a(lib_a-__atexit.o)
 .debug_frame   0x00002678       0x2c c:/program files (x86)/atmel/atmel toolchain/arm gcc/native/4.7.3.1029/arm-gnu-toolchain/bin/../lib/gcc/arm-none-eabi/4.7.3/../../../../arm-none-eabi/lib/armv7e-m\libc.a(lib_a-fini.o)
 .debug_frame   0x000026a4       0x2c c:/program files (x86)/atmel/atmel toolchain/arm gcc/native/4.7.3.1029/arm-gnu-toolchain/bin/../lib/gcc/arm-none-eabi/4.7.3/../../../../arm-none-eabi/lib/armv7e-m\libc.a(lib_a-init.o)
 .debug_frame   0x000026d0       0x2c c:/program files (x86)/atmel/atmel toolchain/arm gcc/native/4.7.3.1029/arm-gnu-toolchain/bin/../lib/gcc/arm-none-eabi/4.7.3/../../../../arm-none-eabi/lib/armv7e-m\libc.a(lib_a-memcmp.o)
 .debug_frame   0x000026fc       0x28 c:/program files (x86)/atmel/atmel toolchain/arm gcc/native/4.7.3.1029/arm-gnu-toolchain/bin/../lib/gcc/arm-none-eabi/4.7.3/../../../../arm-none-eabi/lib/armv7e-m\libc.a(lib_a-memcpy.o)
 .debug_frame   0x00002724       0x20 c:/program files (x86)/atmel/atmel toolchain/arm gcc/native/4.7.3.1029/arm-gnu-toolchain/bin/../lib/gcc/arm-none-eabi/4.7.3/../../../../arm-none-eabi/lib/armv7e-m\libc.a(lib_a-memset.o)
 .debug_frame   0x00002744       0x44 c:/program files (x86)/atmel/atmel toolchain/arm gcc/native/4.7.3.1029/arm-gnu-toolchain/bin/../lib/gcc/arm-none-eabi/4.7.3/../../../../arm-none-eabi/lib/armv7e-m\libc.a(lib_a-__call_atexit.o)
 .debug_frame   0x00002788       0x20 c:/program files (x86)/atmel/atmel toolchain/arm gcc/native/4.7.3.1029/arm-gnu-toolchain/bin/../lib/gcc/arm-none-eabi/4.7.3/../../../../arm-none-eabi/lib/armv7e-m\libc.a(lib_a-atexit.o)

Cross Reference Table

Symbol                                            File
ACC_Handler                                       src/asf/sam/utils/cmsis/sam4s/source/templates/exceptions.o
                                                  src/asf/sam/utils/cmsis/sam4s/source/templates/gcc/startup_sam4s.o
ADC_Handler                                       src/asf/sam/utils/cmsis/sam4s/source/templates/exceptions.o
                                                  src/asf/sam/utils/cmsis/sam4s/source/templates/gcc/startup_sam4s.o
BusFault_Handler                                  src/asf/sam/utils/cmsis/sam4s/source/templates/exceptions.o
                                                  src/asf/sam/utils/cmsis/sam4s/source/templates/gcc/startup_sam4s.o
CRCCU_Handler                                     src/asf/sam/utils/cmsis/sam4s/source/templates/exceptions.o
                                                  src/asf/sam/utils/cmsis/sam4s/source/templates/gcc/startup_sam4s.o
DACC_Handler                                      src/asf/sam/utils/cmsis/sam4s/source/templates/exceptions.o
                                                  src/asf/sam/utils/cmsis/sam4s/source/templates/gcc/startup_sam4s.o
DebugMon_Handler                                  src/asf/sam/utils/cmsis/sam4s/source/templates/exceptions.o
                                                  src/asf/sam/utils/cmsis/sam4s/source/templates/gcc/startup_sam4s.o
Dummy_Handler                                     src/asf/sam/utils/cmsis/sam4s/source/templates/exceptions.o
                                                  src/asf/sam/utils/cmsis/sam4s/source/templates/gcc/startup_sam4s.o
EFC_Handler                                       src/asf/sam/utils/cmsis/sam4s/source/templates/exceptions.o
                                                  src/asf/sam/utils/cmsis/sam4s/source/templates/gcc/startup_sam4s.o
HSMCI_Handler                                     src/asf/sam/utils/cmsis/sam4s/source/templates/exceptions.o
                                                  src/asf/sam/utils/cmsis/sam4s/source/templates/gcc/startup_sam4s.o
HardFault_Handler                                 src/asf/sam/utils/cmsis/sam4s/source/templates/exceptions.o
                                                  src/asf/sam/utils/cmsis/sam4s/source/templates/gcc/startup_sam4s.o
MemManage_Handler                                 src/asf/sam/utils/cmsis/sam4s/source/templates/exceptions.o
                                                  src/asf/sam/utils/cmsis/sam4s/source/templates/gcc/startup_sam4s.o
NMI_Handler                                       src/asf/sam/utils/cmsis/sam4s/source/templates/exceptions.o
                                                  src/asf/sam/utils/cmsis/sam4s/source/templates/gcc/startup_sam4s.o
PIOA_Handler                                      src/asf/sam/drivers/pio/pio_handler.o
                                                  src/asf/sam/utils/cmsis/sam4s/source/templates/gcc/startup_sam4s.o
PIOB_Handler                                      src/asf/sam/drivers/pio/pio_handler.o
                                                  src/asf/sam/utils/cmsis/sam4s/source/templates/gcc/startup_sam4s.o
PIOC_Handler                                      src/asf/sam/drivers/pio/pio_handler.o
                                                  src/asf/sam/utils/cmsis/sam4s/source/templates/gcc/startup_sam4s.o
PMC_Handler                                       src/asf/sam/utils/cmsis/sam4s/source/templates/exceptions.o
                                                  src/asf/sam/utils/cmsis/sam4s/source/templates/gcc/startup_sam4s.o
PWM_Handler                                       src/asf/sam/utils/cmsis/sam4s/source/templates/exceptions.o
                                                  src/asf/sam/utils/cmsis/sam4s/source/templates/gcc/startup_sam4s.o
PendSV_Handler                                    src/asf/thirdparty/FreeRTOS/portable/GCC/ARM_CM3/port.o
                                                  src/asf/sam/utils/cmsis/sam4s/source/templates/exceptions.o
                                                  src/asf/sam/utils/cmsis/sam4s/source/templates/gcc/startup_sam4s.o
RSTC_Handler                                      src/asf/sam/utils/cmsis/sam4s/source/templates/exceptions.o
                                                  src/asf/sam/utils/cmsis/sam4s/source/templates/gcc/startup_sam4s.o
RTC_Handler                                       src/asf/sam/utils/cmsis/sam4s/source/templates/exceptions.o
                                                  src/asf/sam/utils/cmsis/sam4s/source/templates/gcc/startup_sam4s.o
RTT_Handler                                       src/asf/sam/utils/cmsis/sam4s/source/templates/exceptions.o
                                                  src/asf/sam/utils/cmsis/sam4s/source/templates/gcc/startup_sam4s.o
Reset_Handler                                     src/asf/sam/utils/cmsis/sam4s/source/templates/gcc/startup_sam4s.o
                                                  src/asf/sam/utils/cmsis/sam4s/source/templates/exceptions.o
SMC_Handler                                       src/asf/sam/utils/cmsis/sam4s/source/templates/exceptions.o
                                                  src/asf/sam/utils/cmsis/sam4s/source/templates/gcc/startup_sam4s.o
SPI_Handler                                       src/asf/sam/utils/cmsis/sam4s/source/templates/exceptions.o
                                                  src/asf/sam/utils/cmsis/sam4s/source/templates/gcc/startup_sam4s.o
SSC_Handler                                       src/asf/sam/utils/cmsis/sam4s/source/templates/exceptions.o
                                                  src/asf/sam/utils/cmsis/sam4s/source/templates/gcc/startup_sam4s.o
SUPC_Handler                                      src/asf/sam/utils/cmsis/sam4s/source/templates/exceptions.o
                                                  src/asf/sam/utils/cmsis/sam4s/source/templates/gcc/startup_sam4s.o
SVC_Handler                                       src/asf/thirdparty/FreeRTOS/portable/GCC/ARM_CM3/port.o
                                                  src/asf/sam/utils/cmsis/sam4s/source/templates/exceptions.o
                                                  src/asf/sam/utils/cmsis/sam4s/source/templates/gcc/startup_sam4s.o
SysTick_Handler                                   src/asf/thirdparty/FreeRTOS/portable/GCC/ARM_CM3/port.o
                                                  src/asf/sam/utils/cmsis/sam4s/source/templates/exceptions.o
                                                  src/asf/sam/utils/cmsis/sam4s/source/templates/gcc/startup_sam4s.o
SystemCoreClock                                   src/asf/sam/utils/cmsis/sam4s/source/templates/system_sam4s.o
                                                  src/asf/thirdparty/FreeRTOS/portable/GCC/ARM_CM3/port.o
SystemCoreClockUpdate                             src/asf/sam/utils/cmsis/sam4s/source/templates/system_sam4s.o
                                                  src/asf/common/services/clock/sam4s/sysclk.o
SystemInit                                        src/asf/sam/utils/cmsis/sam4s/source/templates/system_sam4s.o
TC0_Handler                                       src/asf/sam/utils/cmsis/sam4s/source/templates/exceptions.o
                                                  src/asf/sam/utils/cmsis/sam4s/source/templates/gcc/startup_sam4s.o
TC1_Handler                                       src/asf/sam/utils/cmsis/sam4s/source/templates/exceptions.o
                                                  src/asf/sam/utils/cmsis/sam4s/source/templates/gcc/startup_sam4s.o
TC2_Handler                                       src/asf/sam/utils/cmsis/sam4s/source/templates/exceptions.o
                                                  src/asf/sam/utils/cmsis/sam4s/source/templates/gcc/startup_sam4s.o
TC3_Handler                                       src/asf/sam/utils/cmsis/sam4s/source/templates/exceptions.o
                                                  src/asf/sam/utils/cmsis/sam4s/source/templates/gcc/startup_sam4s.o
TC4_Handler                                       src/asf/sam/utils/cmsis/sam4s/source/templates/exceptions.o
                                                  src/asf/sam/utils/cmsis/sam4s/source/templates/gcc/startup_sam4s.o
TC5_Handler                                       src/asf/sam/utils/cmsis/sam4s/source/templates/exceptions.o
                                                  src/asf/sam/utils/cmsis/sam4s/source/templates/gcc/startup_sam4s.o
TWI0_Handler                                      src/asf/sam/utils/cmsis/sam4s/source/templates/exceptions.o
                                                  src/asf/sam/utils/cmsis/sam4s/source/templates/gcc/startup_sam4s.o
TWI1_Handler                                      src/asf/sam/utils/cmsis/sam4s/source/templates/exceptions.o